// Vitest Snapshot v1, https://vitest.dev/guide/snapshot.html

exports[`box-set committed puzzles > committed puzzle data snapshot 1`] = `
{
  "2026-06-10": {
    "date": "2026-06-10",
    "groups": [
      {
        "conceptId": "yellow-puzzle-1980s",
        "gameIds": [
          "battle-city",
          "lode-runner",
          "q-bert",
          "indiana-jones-and-the-last-crusade-the-graphic-adventure",
        ],
        "label": "1980s PUZZLE GAMES",
        "tier": "yellow",
      },
      {
        "conceptId": "green-year-2010",
        "gameIds": [
          "fruit-ninja",
          "castlevania-lords-of-shadow",
          "mass-effect-2",
          "red-dead-redemption",
        ],
        "label": "RELEASED IN 2010",
        "tier": "green",
      },
      {
        "conceptId": "blue-tag-zombies",
        "gameIds": [
          "resident-evil-3-nemesis",
          "super-smash-bros-ultimate",
          "call-of-duty-black-ops-4",
          "halo-4",
        ],
        "label": "ZOMBIES INVOLVED",
        "tier": "blue",
      },
      {
        "conceptId": "purple-hides-ape",
        "gameIds": [
          "escape-from-tarkov",
          "apex-legends",
          "super-paper-mario",
          "paperboy",
        ],
        "label": "TITLES HIDING 'APE'",
        "tier": "purple",
      },
    ],
    "tiles": [
      {
        "id": "apex-legends",
        "title": "Apex Legends",
      },
      {
        "id": "resident-evil-3-nemesis",
        "title": "Resident Evil 3: Nemesis",
      },
      {
        "id": "fruit-ninja",
        "title": "Fruit Ninja",
      },
      {
        "id": "mass-effect-2",
        "title": "Mass Effect 2",
      },
      {
        "id": "paperboy",
        "title": "Paperboy",
      },
      {
        "id": "battle-city",
        "title": "Battle City",
      },
      {
        "id": "super-smash-bros-ultimate",
        "title": "Super Smash Bros. Ultimate",
      },
      {
        "id": "halo-4",
        "title": "Halo 4",
      },
      {
        "id": "super-paper-mario",
        "title": "Super Paper Mario",
      },
      {
        "id": "escape-from-tarkov",
        "title": "Escape from Tarkov",
      },
      {
        "id": "red-dead-redemption",
        "title": "Red Dead Redemption",
      },
      {
        "id": "castlevania-lords-of-shadow",
        "title": "Castlevania: Lords of Shadow",
      },
      {
        "id": "lode-runner",
        "title": "Lode Runner",
      },
      {
        "id": "q-bert",
        "title": "Q*bert",
      },
      {
        "id": "call-of-duty-black-ops-4",
        "title": "Call of Duty: Black Ops 4",
      },
      {
        "id": "indiana-jones-and-the-last-crusade-the-graphic-adventure",
        "title": "Indiana Jones and the Last Crusade: The Graphic Adventure",
      },
    ],
  },
  "2026-06-11": {
    "date": "2026-06-11",
    "groups": [
      {
        "conceptId": "yellow-sandbox-2020s",
        "gameIds": [
          "dystopika",
          "lego-fortnite",
          "palworld",
          "lightyear-frontier",
        ],
        "label": "2020s SANDBOX GAMES",
        "tier": "yellow",
      },
      {
        "conceptId": "green-year-1996",
        "gameIds": [
          "heroes-of-might-and-magic-ii-the-succession-wars",
          "duke-nukem-3d",
          "super-mario-rpg-legend-of-the-seven-stars",
          "diablo",
        ],
        "label": "RELEASED IN 1996",
        "tier": "green",
      },
      {
        "conceptId": "blue-tag-war",
        "gameIds": [
          "command-conquer-generals",
          "halo-3-odst",
          "medal-of-honor",
          "command-conquer-tiberian-sun",
        ],
        "label": "GAMES SET AT WAR",
        "tier": "blue",
      },
      {
        "conceptId": "purple-contains-time",
        "gameIds": [
          "like-a-dragon-infinite-wealth",
          "plants-vs-zombies-2-its-about-time",
          "duke-nukem-forever",
          "bugs-bunny-lost-in-time",
        ],
        "label": "TITLES ABOUT TIME",
        "tier": "purple",
      },
    ],
    "tiles": [
      {
        "id": "lightyear-frontier",
        "title": "Lightyear Frontier",
      },
      {
        "id": "dystopika",
        "title": "Dystopika",
      },
      {
        "id": "super-mario-rpg-legend-of-the-seven-stars",
        "title": "Super Mario RPG: Legend of the Seven Stars",
      },
      {
        "id": "palworld",
        "title": "Palworld",
      },
      {
        "id": "command-conquer-tiberian-sun",
        "title": "Command & Conquer: Tiberian Sun",
      },
      {
        "id": "duke-nukem-forever",
        "title": "Duke Nukem Forever",
      },
      {
        "id": "diablo",
        "title": "Diablo",
      },
      {
        "id": "command-conquer-generals",
        "title": "Command & Conquer: Generals",
      },
      {
        "id": "plants-vs-zombies-2-its-about-time",
        "title": "Plants vs. Zombies 2: It's About Time",
      },
      {
        "id": "like-a-dragon-infinite-wealth",
        "title": "Like a Dragon: Infinite Wealth",
      },
      {
        "id": "lego-fortnite",
        "title": "Lego Fortnite",
      },
      {
        "id": "medal-of-honor",
        "title": "Medal of Honor",
      },
      {
        "id": "duke-nukem-3d",
        "title": "Duke Nukem 3D",
      },
      {
        "id": "bugs-bunny-lost-in-time",
        "title": "Bugs Bunny: Lost in Time",
      },
      {
        "id": "heroes-of-might-and-magic-ii-the-succession-wars",
        "title": "Heroes of Might and Magic II: The Succession Wars",
      },
      {
        "id": "halo-3-odst",
        "title": "Halo 3: ODST",
      },
    ],
  },
  "2026-06-12": {
    "date": "2026-06-12",
    "groups": [
      {
        "conceptId": "yellow-genre-platform",
        "gameIds": [
          "balloon-fight",
          "kirbys-dream-land",
          "uncharted-drakes-fortune",
          "castlevania-ii-simons-quest",
        ],
        "label": "PLATFORMERS",
        "tier": "yellow",
      },
      {
        "conceptId": "green-year-2023",
        "gameIds": [
          "fire-emblem-engage",
          "star-wars-jedi-survivor",
          "atomic-heart",
          "lethal-company",
        ],
        "label": "RELEASED IN 2023",
        "tier": "green",
      },
      {
        "conceptId": "blue-tag-sci-fi",
        "gameIds": [
          "super-metroid",
          "half-life",
          "starcraft",
          "dead-space",
        ],
        "label": "SCIENCE FICTION",
        "tier": "blue",
      },
      {
        "conceptId": "purple-hides-end",
        "gameIds": [
          "the-legend-of-zelda-the-wind-waker-hd",
          "the-legend-of-heroes-trails-in-the-sky-sc",
          "nintendo-switch-sports",
          "the-legend-of-zelda-oracle-of-seasons",
        ],
        "label": "TITLES HIDING 'END'",
        "tier": "purple",
      },
    ],
    "tiles": [
      {
        "id": "star-wars-jedi-survivor",
        "title": "Star Wars Jedi: Survivor",
      },
      {
        "id": "the-legend-of-zelda-the-wind-waker-hd",
        "title": "The Legend of Zelda: The Wind Waker HD",
      },
      {
        "id": "lethal-company",
        "title": "Lethal Company",
      },
      {
        "id": "balloon-fight",
        "title": "Balloon Fight",
      },
      {
        "id": "nintendo-switch-sports",
        "title": "Nintendo Switch Sports",
      },
      {
        "id": "atomic-heart",
        "title": "Atomic Heart",
      },
      {
        "id": "fire-emblem-engage",
        "title": "Fire Emblem Engage",
      },
      {
        "id": "super-metroid",
        "title": "Super Metroid",
      },
      {
        "id": "uncharted-drakes-fortune",
        "title": "Uncharted: Drake's Fortune",
      },
      {
        "id": "the-legend-of-zelda-oracle-of-seasons",
        "title": "The Legend of Zelda: Oracle of Seasons",
      },
      {
        "id": "castlevania-ii-simons-quest",
        "title": "Castlevania II: Simon's Quest",
      },
      {
        "id": "the-legend-of-heroes-trails-in-the-sky-sc",
        "title": "The Legend of Heroes: Trails in the Sky SC",
      },
      {
        "id": "half-life",
        "title": "Half-Life",
      },
      {
        "id": "starcraft",
        "title": "StarCraft",
      },
      {
        "id": "kirbys-dream-land",
        "title": "Kirby's Dream Land",
      },
      {
        "id": "dead-space",
        "title": "Dead Space",
      },
    ],
  },
  "2026-06-13": {
    "date": "2026-06-13",
    "groups": [
      {
        "conceptId": "yellow-genre-horror",
        "gameIds": [
          "the-house-of-the-dead-2",
          "silent-hill-2",
          "silent-hill",
          "the-last-of-us-remastered",
        ],
        "label": "HORROR GAMES",
        "tier": "yellow",
      },
      {
        "conceptId": "green-year-2020",
        "gameIds": [
          "mafia-ii-definitive-edition",
          "fortnite",
          "the-last-of-us-part-ii",
          "marvels-spider-man-miles-morales",
        ],
        "label": "RELEASED IN 2020",
        "tier": "green",
      },
      {
        "conceptId": "blue-tag-dinosaurs",
        "gameIds": [
          "bulletstorm",
          "star-fox-adventures",
          "turok-dinosaur-hunter",
          "peter-jacksons-king-kong-the-official-game-of-the-movie",
        ],
        "label": "DINOSAURS INVOLVED",
        "tier": "blue",
      },
      {
        "conceptId": "purple-hides-ray",
        "gameIds": [
          "stray",
          "rayman",
          "rayman-2-the-great-escape",
          "rayman-origins",
        ],
        "label": "TITLES HIDING 'RAY'",
        "tier": "purple",
      },
    ],
    "tiles": [
      {
        "id": "rayman-2-the-great-escape",
        "title": "Rayman 2: The Great Escape",
      },
      {
        "id": "the-last-of-us-part-ii",
        "title": "The Last of Us Part II",
      },
      {
        "id": "the-last-of-us-remastered",
        "title": "The Last of Us Remastered",
      },
      {
        "id": "marvels-spider-man-miles-morales",
        "title": "Marvel's Spider-Man: Miles Morales",
      },
      {
        "id": "peter-jacksons-king-kong-the-official-game-of-the-movie",
        "title": "Peter Jackson's King Kong: The Official Game of the Movie",
      },
      {
        "id": "stray",
        "title": "Stray",
      },
      {
        "id": "silent-hill-2",
        "title": "Silent Hill 2",
      },
      {
        "id": "rayman",
        "title": "Rayman",
      },
      {
        "id": "star-fox-adventures",
        "title": "Star Fox Adventures",
      },
      {
        "id": "turok-dinosaur-hunter",
        "title": "Turok: Dinosaur Hunter",
      },
      {
        "id": "the-house-of-the-dead-2",
        "title": "The House of the Dead 2",
      },
      {
        "id": "mafia-ii-definitive-edition",
        "title": "Mafia II: Definitive Edition",
      },
      {
        "id": "rayman-origins",
        "title": "Rayman Origins",
      },
      {
        "id": "bulletstorm",
        "title": "Bulletstorm",
      },
      {
        "id": "fortnite",
        "title": "Fortnite",
      },
      {
        "id": "silent-hill",
        "title": "Silent Hill",
      },
    ],
  },
  "2026-06-14": {
    "date": "2026-06-14",
    "groups": [
      {
        "conceptId": "yellow-genre-racing",
        "gameIds": [
          "my-summer-car",
          "super-mario-kart",
          "the-simpsons-hit-run",
          "rocket-league",
        ],
        "label": "RACING GAMES",
        "tier": "yellow",
      },
      {
        "conceptId": "green-price-69-99",
        "gameIds": [
          "call-of-duty-black-ops-6",
          "doom-the-dark-ages",
          "silent-hill-f",
          "stellar-blade",
        ],
        "label": "LAUNCHED AT $69.99",
        "tier": "green",
      },
      {
        "conceptId": "blue-tag-cyberpunk",
        "gameIds": [
          "watch-dogs-legion",
          "deus-ex-human-revolution",
          "remember-me",
          "mega-man-x7",
        ],
        "label": "CYBERPUNK WORLDS",
        "tier": "blue",
      },
      {
        "conceptId": "purple-contains-weather",
        "gameIds": [
          "the-legend-of-zelda-the-wind-waker",
          "naruto-shippuden-ultimate-ninja-storm-4",
          "rain-world",
          "naruto-ultimate-ninja-storm",
        ],
        "label": "TITLES CONTAINING WEATHER",
        "tier": "purple",
      },
    ],
    "tiles": [
      {
        "id": "rain-world",
        "title": "Rain World",
      },
      {
        "id": "super-mario-kart",
        "title": "Super Mario Kart",
      },
      {
        "id": "watch-dogs-legion",
        "title": "Watch Dogs: Legion",
      },
      {
        "id": "remember-me",
        "title": "Remember Me",
      },
      {
        "id": "naruto-shippuden-ultimate-ninja-storm-4",
        "title": "Naruto Shippuden: Ultimate Ninja Storm 4",
      },
      {
        "id": "mega-man-x7",
        "title": "Mega Man X7",
      },
      {
        "id": "the-simpsons-hit-run",
        "title": "The Simpsons: Hit & Run",
      },
      {
        "id": "naruto-ultimate-ninja-storm",
        "title": "Naruto: Ultimate Ninja Storm",
      },
      {
        "id": "call-of-duty-black-ops-6",
        "title": "Call of Duty: Black Ops 6",
      },
      {
        "id": "rocket-league",
        "title": "Rocket League",
      },
      {
        "id": "stellar-blade",
        "title": "Stellar Blade",
      },
      {
        "id": "my-summer-car",
        "title": "My Summer Car",
      },
      {
        "id": "deus-ex-human-revolution",
        "title": "Deus Ex: Human Revolution",
      },
      {
        "id": "silent-hill-f",
        "title": "Silent Hill f",
      },
      {
        "id": "the-legend-of-zelda-the-wind-waker",
        "title": "The Legend of Zelda: The Wind Waker",
      },
      {
        "id": "doom-the-dark-ages",
        "title": "Doom: The Dark Ages",
      },
    ],
  },
  "2026-06-15": {
    "date": "2026-06-15",
    "groups": [
      {
        "conceptId": "yellow-genre-arcade",
        "gameIds": [
          "broforce",
          "flatout-2",
          "streets-of-rage-2",
          "golden-axe",
        ],
        "label": "ARCADE GAMES",
        "tier": "yellow",
      },
      {
        "conceptId": "green-year-2016",
        "gameIds": [
          "abzu",
          "the-witness",
          "stardew-valley",
          "sid-meiers-civilization-vi",
        ],
        "label": "RELEASED IN 2016",
        "tier": "green",
      },
      {
        "conceptId": "blue-tag-crime",
        "gameIds": [
          "rainbow-six-siege",
          "grand-theft-auto-iv",
          "virtua-cop",
          "max-payne-2-the-fall-of-max-payne",
        ],
        "label": "A LIFE OF CRIME",
        "tier": "blue",
      },
      {
        "conceptId": "purple-hides-rat",
        "gameIds": [
          "ratchet-clank-going-commando",
          "doki-doki-literature-club-plus",
          "heroes-of-might-and-magic-a-strategic-quest",
          "heroes-of-might-and-magic-iii-the-restoration-of-erathia",
        ],
        "label": "TITLES HIDING 'RAT'",
        "tier": "purple",
      },
    ],
    "tiles": [
      {
        "id": "doki-doki-literature-club-plus",
        "title": "Doki Doki Literature Club Plus!",
      },
      {
        "id": "abzu",
        "title": "Abzu",
      },
      {
        "id": "stardew-valley",
        "title": "Stardew Valley",
      },
      {
        "id": "ratchet-clank-going-commando",
        "title": "Ratchet & Clank: Going Commando",
      },
      {
        "id": "max-payne-2-the-fall-of-max-payne",
        "title": "Max Payne 2: The Fall of Max Payne",
      },
      {
        "id": "virtua-cop",
        "title": "Virtua Cop",
      },
      {
        "id": "heroes-of-might-and-magic-iii-the-restoration-of-erathia",
        "title": "Heroes of Might and Magic III: The Restoration of Erathia",
      },
      {
        "id": "grand-theft-auto-iv",
        "title": "Grand Theft Auto IV",
      },
      {
        "id": "heroes-of-might-and-magic-a-strategic-quest",
        "title": "Heroes of Might and Magic: A Strategic Quest",
      },
      {
        "id": "the-witness",
        "title": "The Witness",
      },
      {
        "id": "sid-meiers-civilization-vi",
        "title": "Sid Meier's Civilization VI",
      },
      {
        "id": "rainbow-six-siege",
        "title": "Rainbow Six Siege",
      },
      {
        "id": "streets-of-rage-2",
        "title": "Streets of Rage 2",
      },
      {
        "id": "broforce",
        "title": "Broforce",
      },
      {
        "id": "flatout-2",
        "title": "FlatOut 2",
      },
      {
        "id": "golden-axe",
        "title": "Golden Axe",
      },
    ],
  },
  "2026-06-16": {
    "date": "2026-06-16",
    "groups": [
      {
        "conceptId": "yellow-simulator-2010s",
        "gameIds": [
          "nier",
          "animal-crossing-new-leaf",
          "fifa-soccer-12",
          "fallout-shelter",
        ],
        "label": "2010s SIMULATORS",
        "tier": "yellow",
      },
      {
        "conceptId": "green-opencritic-rough",
        "gameIds": [
          "my-hero-ultra-rumble",
          "hexen-beyond-heretic",
          "dragon-ball-z-ultimate-battle-22",
          "medal-of-honor-warfighter",
        ],
        "label": "CRITICS WERE NOT KIND (60 OR BELOW)",
        "tier": "green",
      },
      {
        "conceptId": "blue-tag-ninja",
        "gameIds": [
          "ninja-gaiden-iii-the-ancient-ship-of-doom",
          "mortal-kombat-trilogy",
          "ninja-gaiden-black",
          "mark-of-the-ninja",
        ],
        "label": "NINJA GAMES",
        "tier": "blue",
      },
      {
        "conceptId": "purple-contains-music",
        "gameIds": [
          "guitar-hero-ii",
          "deep-rock-galactic-survivor",
          "castlevania-symphony-of-the-night",
          "rock-band",
        ],
        "label": "MUSICAL TITLES",
        "tier": "purple",
      },
    ],
    "tiles": [
      {
        "id": "medal-of-honor-warfighter",
        "title": "Medal of Honor: Warfighter",
      },
      {
        "id": "mark-of-the-ninja",
        "title": "Mark of the Ninja",
      },
      {
        "id": "hexen-beyond-heretic",
        "title": "Hexen: Beyond Heretic",
      },
      {
        "id": "dragon-ball-z-ultimate-battle-22",
        "title": "Dragon Ball Z: Ultimate Battle 22",
      },
      {
        "id": "fifa-soccer-12",
        "title": "FIFA Soccer 12",
      },
      {
        "id": "castlevania-symphony-of-the-night",
        "title": "Castlevania: Symphony of the Night",
      },
      {
        "id": "nier",
        "title": "NieR",
      },
      {
        "id": "mortal-kombat-trilogy",
        "title": "Mortal Kombat Trilogy",
      },
      {
        "id": "rock-band",
        "title": "Rock Band",
      },
      {
        "id": "animal-crossing-new-leaf",
        "title": "Animal Crossing: New Leaf",
      },
      {
        "id": "my-hero-ultra-rumble",
        "title": "My Hero Ultra Rumble",
      },
      {
        "id": "deep-rock-galactic-survivor",
        "title": "Deep Rock Galactic: Survivor",
      },
      {
        "id": "ninja-gaiden-iii-the-ancient-ship-of-doom",
        "title": "Ninja Gaiden III: The Ancient Ship of Doom",
      },
      {
        "id": "guitar-hero-ii",
        "title": "Guitar Hero II",
      },
      {
        "id": "fallout-shelter",
        "title": "Fallout Shelter",
      },
      {
        "id": "ninja-gaiden-black",
        "title": "Ninja Gaiden Black",
      },
    ],
  },
  "2026-06-17": {
    "date": "2026-06-17",
    "groups": [
      {
        "conceptId": "yellow-platform-1980s",
        "gameIds": [
          "hudsons-adventure-island",
          "pitfall",
          "metroid",
          "ice-climber",
        ],
        "label": "1980s PLATFORMERS",
        "tier": "yellow",
      },
      {
        "conceptId": "green-year-2019",
        "gameIds": [
          "outer-wilds",
          "sekiro-shadows-die-twice",
          "ai-the-somnium-files",
          "control",
        ],
        "label": "RELEASED IN 2019",
        "tier": "green",
      },
      {
        "conceptId": "blue-tag-superhero",
        "gameIds": [
          "marvels-avengers",
          "marvels-midnight-suns",
          "dragon-ball-gt-final-bout",
          "lego-batman-the-videogame",
        ],
        "label": "SUPERHERO GAMES",
        "tier": "blue",
      },
      {
        "conceptId": "purple-contains-divine",
        "gameIds": [
          "neighbours-from-hell-2-on-vacation",
          "god-of-war-ascension",
          "god-of-war-2005",
          "sacred-2-fallen-angel",
        ],
        "label": "HEAVENLY (OR HELLISH) TITLES",
        "tier": "purple",
      },
    ],
    "tiles": [
      {
        "id": "sacred-2-fallen-angel",
        "title": "Sacred 2: Fallen Angel",
      },
      {
        "id": "dragon-ball-gt-final-bout",
        "title": "Dragon Ball GT: Final Bout",
      },
      {
        "id": "sekiro-shadows-die-twice",
        "title": "Sekiro: Shadows Die Twice",
      },
      {
        "id": "marvels-midnight-suns",
        "title": "Marvel's Midnight Suns",
      },
      {
        "id": "lego-batman-the-videogame",
        "title": "LEGO Batman: The Videogame",
      },
      {
        "id": "god-of-war-2005",
        "title": "God of War",
      },
      {
        "id": "marvels-avengers",
        "title": "Marvel's Avengers",
      },
      {
        "id": "metroid",
        "title": "Metroid",
      },
      {
        "id": "ai-the-somnium-files",
        "title": "AI: The Somnium Files",
      },
      {
        "id": "ice-climber",
        "title": "Ice Climber",
      },
      {
        "id": "pitfall",
        "title": "Pitfall!",
      },
      {
        "id": "god-of-war-ascension",
        "title": "God of War: Ascension",
      },
      {
        "id": "control",
        "title": "Control",
      },
      {
        "id": "hudsons-adventure-island",
        "title": "Hudson's Adventure Island",
      },
      {
        "id": "outer-wilds",
        "title": "Outer Wilds",
      },
      {
        "id": "neighbours-from-hell-2-on-vacation",
        "title": "Neighbours from Hell 2: On Vacation",
      },
    ],
  },
  "2026-06-18": {
    "date": "2026-06-18",
    "groups": [
      {
        "conceptId": "yellow-arcade-1990s",
        "gameIds": [
          "time-crisis",
          "die-hard-trilogy",
          "gunstar-heroes",
          "virtua-fighter-2",
        ],
        "label": "1990s ARCADE GAMES",
        "tier": "yellow",
      },
      {
        "conceptId": "green-year-2008",
        "gameIds": [
          "world-of-warcraft-wrath-of-the-lich-king",
          "littlebigplanet",
          "mortal-kombat-vs-dc-universe",
          "castle-crashers",
        ],
        "label": "RELEASED IN 2008",
        "tier": "green",
      },
      {
        "conceptId": "blue-tag-post-apocalyptic",
        "gameIds": [
          "remnant-ii",
          "the-last-of-us",
          "arc-raiders",
          "death-stranding",
        ],
        "label": "AFTER THE APOCALYPSE",
        "tier": "blue",
      },
      {
        "conceptId": "purple-hides-son",
        "gameIds": [
          "harry-potter-and-the-prisoner-of-azkaban",
          "persona-4-golden",
          "sonic-advance",
          "sonic-and-the-secret-rings",
        ],
        "label": "TITLES HIDING 'SON'",
        "tier": "purple",
      },
    ],
    "tiles": [
      {
        "id": "die-hard-trilogy",
        "title": "Die Hard Trilogy",
      },
      {
        "id": "castle-crashers",
        "title": "Castle Crashers",
      },
      {
        "id": "littlebigplanet",
        "title": "LittleBigPlanet",
      },
      {
        "id": "death-stranding",
        "title": "Death Stranding",
      },
      {
        "id": "the-last-of-us",
        "title": "The Last of Us",
      },
      {
        "id": "world-of-warcraft-wrath-of-the-lich-king",
        "title": "World of Warcraft: Wrath of the Lich King",
      },
      {
        "id": "persona-4-golden",
        "title": "Persona 4 Golden",
      },
      {
        "id": "gunstar-heroes",
        "title": "Gunstar Heroes",
      },
      {
        "id": "time-crisis",
        "title": "Time Crisis",
      },
      {
        "id": "arc-raiders",
        "title": "ARC Raiders",
      },
      {
        "id": "harry-potter-and-the-prisoner-of-azkaban",
        "title": "Harry Potter and the Prisoner of Azkaban",
      },
      {
        "id": "remnant-ii",
        "title": "Remnant II",
      },
      {
        "id": "sonic-advance",
        "title": "Sonic Advance",
      },
      {
        "id": "sonic-and-the-secret-rings",
        "title": "Sonic and the Secret Rings",
      },
      {
        "id": "virtua-fighter-2",
        "title": "Virtua Fighter 2",
      },
      {
        "id": "mortal-kombat-vs-dc-universe",
        "title": "Mortal Kombat vs. DC Universe",
      },
    ],
  },
  "2026-06-19": {
    "date": "2026-06-19",
    "groups": [
      {
        "conceptId": "yellow-horror-1990s",
        "gameIds": [
          "resident-evil-1996",
          "resident-evil-2",
          "alone-in-the-dark",
          "system-shock-2",
        ],
        "label": "1990s HORROR GAMES",
        "tier": "yellow",
      },
      {
        "conceptId": "green-year-2024",
        "gameIds": [
          "wuthering-waves",
          "little-kitty-big-city",
          "astro-bot",
          "marvel-rivals",
        ],
        "label": "RELEASED IN 2024",
        "tier": "green",
      },
      {
        "conceptId": "blue-tag-ghosts",
        "gameIds": [
          "the-binding-of-isaac-rebirth",
          "persona-2-innocent-sin",
          "murdered-soul-suspect",
          "persona-2-eternal-punishment",
        ],
        "label": "GHOSTS INVOLVED",
        "tier": "blue",
      },
      {
        "conceptId": "purple-contains-us-place",
        "gameIds": [
          "hotline-miami-2-wrong-number",
          "american-truck-simulator",
          "true-crime-new-york-city",
          "fallout-new-vegas",
        ],
        "label": "TITLES CONTAINING AN AMERICAN PLACE",
        "tier": "purple",
      },
    ],
    "tiles": [
      {
        "id": "wuthering-waves",
        "title": "Wuthering Waves",
      },
      {
        "id": "the-binding-of-isaac-rebirth",
        "title": "The Binding of Isaac: Rebirth",
      },
      {
        "id": "little-kitty-big-city",
        "title": "Little Kitty, Big City",
      },
      {
        "id": "resident-evil-1996",
        "title": "Resident Evil",
      },
      {
        "id": "fallout-new-vegas",
        "title": "Fallout: New Vegas",
      },
      {
        "id": "true-crime-new-york-city",
        "title": "True Crime: New York City",
      },
      {
        "id": "persona-2-innocent-sin",
        "title": "Persona 2: Innocent Sin",
      },
      {
        "id": "alone-in-the-dark",
        "title": "Alone in the Dark",
      },
      {
        "id": "resident-evil-2",
        "title": "Resident Evil 2",
      },
      {
        "id": "system-shock-2",
        "title": "System Shock 2",
      },
      {
        "id": "american-truck-simulator",
        "title": "American Truck Simulator",
      },
      {
        "id": "astro-bot",
        "title": "Astro Bot",
      },
      {
        "id": "hotline-miami-2-wrong-number",
        "title": "Hotline Miami 2: Wrong Number",
      },
      {
        "id": "marvel-rivals",
        "title": "Marvel Rivals",
      },
      {
        "id": "murdered-soul-suspect",
        "title": "Murdered: Soul Suspect",
      },
      {
        "id": "persona-2-eternal-punishment",
        "title": "Persona 2: Eternal Punishment",
      },
    ],
  },
  "2026-06-20": {
    "date": "2026-06-20",
    "groups": [
      {
        "conceptId": "yellow-genre-sport",
        "gameIds": [
          "colin-mcrae-dirt",
          "tony-hawks-pro-skater",
          "fifa-road-to-world-cup-98",
          "ea-sports-fc-25",
        ],
        "label": "SPORTS GAMES",
        "tier": "yellow",
      },
      {
        "conceptId": "green-year-2022",
        "gameIds": [
          "pok-mon-legends-arceus",
          "uncharted-4-a-thiefs-end-remastered",
          "nobody-saves-the-world",
          "neon-white",
        ],
        "label": "RELEASED IN 2022",
        "tier": "green",
      },
      {
        "conceptId": "blue-tag-robots",
        "gameIds": [
          "ratchet-clank-future-tools-of-destruction",
          "syberia",
          "mega-man-x3",
          "machinarium",
        ],
        "label": "ROBOTS INVOLVED",
        "tier": "blue",
      },
      {
        "conceptId": "purple-hides-ore",
        "gameIds": [
          "core-keeper",
          "no-one-lives-forever-2-a-spy-in-h-a-r-m-s-way",
          "spore",
          "pok-mon-mystery-dungeon-explorers-of-time",
        ],
        "label": "TITLES HIDING 'ORE'",
        "tier": "purple",
      },
    ],
    "tiles": [
      {
        "id": "no-one-lives-forever-2-a-spy-in-h-a-r-m-s-way",
        "title": "No One Lives Forever 2: A Spy in H.A.R.M.'s Way",
      },
      {
        "id": "core-keeper",
        "title": "Core Keeper",
      },
      {
        "id": "spore",
        "title": "Spore",
      },
      {
        "id": "colin-mcrae-dirt",
        "title": "Colin McRae: Dirt",
      },
      {
        "id": "ratchet-clank-future-tools-of-destruction",
        "title": "Ratchet & Clank Future: Tools of Destruction",
      },
      {
        "id": "syberia",
        "title": "Syberia",
      },
      {
        "id": "neon-white",
        "title": "Neon White",
      },
      {
        "id": "tony-hawks-pro-skater",
        "title": "Tony Hawk's Pro Skater",
      },
      {
        "id": "machinarium",
        "title": "Machinarium",
      },
      {
        "id": "uncharted-4-a-thiefs-end-remastered",
        "title": "Uncharted 4: A Thief's End - Remastered",
      },
      {
        "id": "nobody-saves-the-world",
        "title": "Nobody Saves the World",
      },
      {
        "id": "pok-mon-legends-arceus",
        "title": "Pokémon Legends: Arceus",
      },
      {
        "id": "mega-man-x3",
        "title": "Mega Man X3",
      },
      {
        "id": "pok-mon-mystery-dungeon-explorers-of-time",
        "title": "Pokémon Mystery Dungeon: Explorers of Time",
      },
      {
        "id": "fifa-road-to-world-cup-98",
        "title": "FIFA: Road to World Cup 98",
      },
      {
        "id": "ea-sports-fc-25",
        "title": "EA Sports FC 25",
      },
    ],
  },
  "2026-06-21": {
    "date": "2026-06-21",
    "groups": [
      {
        "conceptId": "yellow-genre-strategy",
        "gameIds": [
          "dragon-age-origins",
          "baldurs-gate-3",
          "battlefield-4",
          "inscryption",
        ],
        "label": "STRATEGY GAMES",
        "tier": "yellow",
      },
      {
        "conceptId": "green-exclusive-pc",
        "gameIds": [
          "fallout-2",
          "centipede",
          "pong",
          "fallout-a-post-nuclear-role-playing-game",
        ],
        "label": "NEVER LEFT THE PC",
        "tier": "green",
      },
      {
        "conceptId": "blue-tag-open-world",
        "gameIds": [
          "infamous",
          "fable-the-lost-chapters",
          "horizon-zero-dawn",
          "burnout-paradise",
        ],
        "label": "OPEN WORLDS",
        "tier": "blue",
      },
      {
        "conceptId": "purple-contains-celestial",
        "gameIds": [
          "star-wars-knights-of-the-old-republic",
          "star-fox",
          "star-wars-rogue-squadron",
          "star-fox-64",
        ],
        "label": "TITLES IN THE SKY (CELESTIAL WORDS)",
        "tier": "purple",
      },
    ],
    "tiles": [
      {
        "id": "pong",
        "title": "Pong",
      },
      {
        "id": "fallout-2",
        "title": "Fallout 2",
      },
      {
        "id": "horizon-zero-dawn",
        "title": "Horizon Zero Dawn",
      },
      {
        "id": "star-wars-rogue-squadron",
        "title": "Star Wars: Rogue Squadron",
      },
      {
        "id": "burnout-paradise",
        "title": "Burnout Paradise",
      },
      {
        "id": "star-fox-64",
        "title": "Star Fox 64",
      },
      {
        "id": "star-wars-knights-of-the-old-republic",
        "title": "Star Wars: Knights of the Old Republic",
      },
      {
        "id": "baldurs-gate-3",
        "title": "Baldur's Gate 3",
      },
      {
        "id": "dragon-age-origins",
        "title": "Dragon Age: Origins",
      },
      {
        "id": "centipede",
        "title": "Centipede",
      },
      {
        "id": "fallout-a-post-nuclear-role-playing-game",
        "title": "Fallout: A Post Nuclear Role Playing Game",
      },
      {
        "id": "infamous",
        "title": "inFamous",
      },
      {
        "id": "battlefield-4",
        "title": "Battlefield 4",
      },
      {
        "id": "inscryption",
        "title": "Inscryption",
      },
      {
        "id": "fable-the-lost-chapters",
        "title": "Fable: The Lost Chapters",
      },
      {
        "id": "star-fox",
        "title": "Star Fox",
      },
    ],
  },
  "2026-06-22": {
    "date": "2026-06-22",
    "groups": [
      {
        "conceptId": "yellow-sport-1990s",
        "gameIds": [
          "rock-n-roll-racing",
          "fifa-2000-major-league-soccer",
          "international-superstar-soccer-deluxe",
          "wave-race-64",
        ],
        "label": "1990s SPORTS GAMES",
        "tier": "yellow",
      },
      {
        "conceptId": "green-year-2009",
        "gameIds": [
          "plants-vs-zombies",
          "uncharted-2-among-thieves",
          "batman-arkham-asylum",
          "flower",
        ],
        "label": "RELEASED IN 2009",
        "tier": "green",
      },
      {
        "conceptId": "blue-tag-medieval",
        "gameIds": [
          "discworld",
          "the-elder-scrolls-ii-daggerfall",
          "age-of-empires-ii-definitive-edition",
          "mount-blade-ii-bannerlord",
        ],
        "label": "SET IN MEDIEVAL TIMES",
        "tier": "blue",
      },
      {
        "conceptId": "purple-hides-era",
        "gameIds": [
          "vampire-the-masquerade-bloodlines",
          "like-a-dragon-gaiden-the-man-who-erased-his-name",
          "pokemon-emerald",
          "desperados-wanted-dead-or-alive",
        ],
        "label": "TITLES HIDING 'ERA'",
        "tier": "purple",
      },
    ],
    "tiles": [
      {
        "id": "discworld",
        "title": "Discworld",
      },
      {
        "id": "pokemon-emerald",
        "title": "Pokémon Emerald",
      },
      {
        "id": "fifa-2000-major-league-soccer",
        "title": "FIFA 2000: Major League Soccer",
      },
      {
        "id": "desperados-wanted-dead-or-alive",
        "title": "Desperados: Wanted Dead or Alive",
      },
      {
        "id": "wave-race-64",
        "title": "Wave Race 64",
      },
      {
        "id": "international-superstar-soccer-deluxe",
        "title": "International Superstar Soccer Deluxe",
      },
      {
        "id": "batman-arkham-asylum",
        "title": "Batman: Arkham Asylum",
      },
      {
        "id": "rock-n-roll-racing",
        "title": "Rock n' Roll Racing",
      },
      {
        "id": "mount-blade-ii-bannerlord",
        "title": "Mount & Blade II: Bannerlord",
      },
      {
        "id": "the-elder-scrolls-ii-daggerfall",
        "title": "The Elder Scrolls II: Daggerfall",
      },
      {
        "id": "plants-vs-zombies",
        "title": "Plants vs. Zombies",
      },
      {
        "id": "age-of-empires-ii-definitive-edition",
        "title": "Age of Empires II: Definitive Edition",
      },
      {
        "id": "vampire-the-masquerade-bloodlines",
        "title": "Vampire: The Masquerade - Bloodlines",
      },
      {
        "id": "uncharted-2-among-thieves",
        "title": "Uncharted 2: Among Thieves",
      },
      {
        "id": "like-a-dragon-gaiden-the-man-who-erased-his-name",
        "title": "Like a Dragon Gaiden: The Man Who Erased His Name",
      },
      {
        "id": "flower",
        "title": "Flower",
      },
    ],
  },
  "2026-06-23": {
    "date": "2026-06-23",
    "groups": [
      {
        "conceptId": "yellow-genre-music",
        "gameIds": [
          "audiosurf",
          "parappa-the-rapper",
          "guitar-hero-5",
          "osu",
        ],
        "label": "MUSIC GAMES",
        "tier": "yellow",
      },
      {
        "conceptId": "green-year-2011",
        "gameIds": [
          "dark-souls",
          "mario-kart-7",
          "crysis-2",
          "littlebigplanet-2",
        ],
        "label": "RELEASED IN 2011",
        "tier": "green",
      },
      {
        "conceptId": "blue-tag-cars",
        "gameIds": [
          "need-for-speed-carbon",
          "forza-horizon-3",
          "gran-turismo-3-a-spec",
          "death-rally",
        ],
        "label": "CARS INVOLVED",
        "tier": "blue",
      },
      {
        "conceptId": "purple-contains-profession",
        "gameIds": [
          "uncharted-4-a-thief-s-end",
          "shinobi-iii-return-of-the-ninja-master",
          "assassin-s-creed-ii",
          "star-wars-knights-of-the-old-republic-ii-the-sith-lords",
        ],
        "label": "TITLES CONTAINING A JOB",
        "tier": "purple",
      },
    ],
    "tiles": [
      {
        "id": "crysis-2",
        "title": "Crysis 2",
      },
      {
        "id": "guitar-hero-5",
        "title": "Guitar Hero 5",
      },
      {
        "id": "dark-souls",
        "title": "Dark Souls",
      },
      {
        "id": "audiosurf",
        "title": "Audiosurf",
      },
      {
        "id": "forza-horizon-3",
        "title": "Forza Horizon 3",
      },
      {
        "id": "death-rally",
        "title": "Death Rally",
      },
      {
        "id": "uncharted-4-a-thief-s-end",
        "title": "Uncharted 4: A Thief's End",
      },
      {
        "id": "gran-turismo-3-a-spec",
        "title": "Gran Turismo 3: A-Spec",
      },
      {
        "id": "assassin-s-creed-ii",
        "title": "Assassin's Creed II",
      },
      {
        "id": "shinobi-iii-return-of-the-ninja-master",
        "title": "Shinobi III: Return of the Ninja Master",
      },
      {
        "id": "parappa-the-rapper",
        "title": "PaRappa the Rapper",
      },
      {
        "id": "osu",
        "title": "Osu!",
      },
      {
        "id": "star-wars-knights-of-the-old-republic-ii-the-sith-lords",
        "title": "Star Wars: Knights of the Old Republic II - The Sith Lords",
      },
      {
        "id": "need-for-speed-carbon",
        "title": "Need for Speed: Carbon",
      },
      {
        "id": "littlebigplanet-2",
        "title": "LittleBigPlanet 2",
      },
      {
        "id": "mario-kart-7",
        "title": "Mario Kart 7",
      },
    ],
  },
  "2026-06-24": {
    "date": "2026-06-24",
    "groups": [
      {
        "conceptId": "yellow-arcade-2000s",
        "gameIds": [
          "tekken-4",
          "ratchet-clank-future-a-crack-in-time",
          "kirby-air-ride",
          "angry-birds",
        ],
        "label": "2000s ARCADE GAMES",
        "tier": "yellow",
      },
      {
        "conceptId": "green-price-29-99",
        "gameIds": [
          "dragons-lair",
          "road-fighter",
          "mario-bros",
          "duck-hunt",
        ],
        "label": "LAUNCHED AT $29.99",
        "tier": "green",
      },
      {
        "conceptId": "blue-tag-wrestling",
        "gameIds": [
          "wwe-smackdown-vs-raw-2011",
          "wwf-smackdown-2-know-your-role",
          "tekken-8",
          "wwf-smackdown",
        ],
        "label": "WRESTLING GAMES",
        "tier": "blue",
      },
      {
        "conceptId": "purple-contains-colour",
        "gameIds": [
          "red-faction-ii",
          "black-myth-wukong",
          "call-of-duty-2-big-red-one",
          "black-white-2",
        ],
        "label": "TITLES CONTAINING A COLOUR",
        "tier": "purple",
      },
    ],
    "tiles": [
      {
        "id": "wwe-smackdown-vs-raw-2011",
        "title": "WWE SmackDown vs. Raw 2011",
      },
      {
        "id": "black-myth-wukong",
        "title": "Black Myth: Wukong",
      },
      {
        "id": "road-fighter",
        "title": "Road Fighter",
      },
      {
        "id": "black-white-2",
        "title": "Black & White 2",
      },
      {
        "id": "wwf-smackdown",
        "title": "WWF SmackDown!",
      },
      {
        "id": "mario-bros",
        "title": "Mario Bros.",
      },
      {
        "id": "duck-hunt",
        "title": "Duck Hunt",
      },
      {
        "id": "ratchet-clank-future-a-crack-in-time",
        "title": "Ratchet & Clank Future: A Crack in Time",
      },
      {
        "id": "angry-birds",
        "title": "Angry Birds",
      },
      {
        "id": "red-faction-ii",
        "title": "Red Faction II",
      },
      {
        "id": "dragons-lair",
        "title": "Dragon's Lair",
      },
      {
        "id": "kirby-air-ride",
        "title": "Kirby Air Ride",
      },
      {
        "id": "tekken-8",
        "title": "Tekken 8",
      },
      {
        "id": "tekken-4",
        "title": "Tekken 4",
      },
      {
        "id": "call-of-duty-2-big-red-one",
        "title": "Call of Duty 2: Big Red One",
      },
      {
        "id": "wwf-smackdown-2-know-your-role",
        "title": "WWF SmackDown! 2: Know Your Role",
      },
    ],
  },
  "2026-06-25": {
    "date": "2026-06-25",
    "groups": [
      {
        "conceptId": "yellow-sport-2010s",
        "gameIds": [
          "sonic-all-stars-racing-transformed",
          "football-manager-2020",
          "dirt-3",
          "fifa-soccer-11",
        ],
        "label": "2010s SPORTS GAMES",
        "tier": "yellow",
      },
      {
        "conceptId": "green-year-2017",
        "gameIds": [
          "a-hat-in-time",
          "resident-evil-7-biohazard",
          "super-mario-odyssey",
          "sniper-elite-4",
        ],
        "label": "RELEASED IN 2017",
        "tier": "green",
      },
      {
        "conceptId": "blue-tag-magic",
        "gameIds": [
          "fire-emblem-path-of-radiance",
          "super-mario-land",
          "bioshock-2",
          "blood-omen-legacy-of-kain",
        ],
        "label": "GAMES FULL OF MAGIC",
        "tier": "blue",
      },
      {
        "conceptId": "purple-contains-number-word",
        "gameIds": [
          "it-takes-two",
          "half-life-2-episode-one",
          "half-life-2-episode-two",
          "two-point-hospital",
        ],
        "label": "TITLES SPELLING OUT A NUMBER",
        "tier": "purple",
      },
    ],
    "tiles": [
      {
        "id": "a-hat-in-time",
        "title": "A Hat in Time",
      },
      {
        "id": "sonic-all-stars-racing-transformed",
        "title": "Sonic & All-Stars Racing Transformed",
      },
      {
        "id": "two-point-hospital",
        "title": "Two Point Hospital",
      },
      {
        "id": "super-mario-odyssey",
        "title": "Super Mario Odyssey",
      },
      {
        "id": "fire-emblem-path-of-radiance",
        "title": "Fire Emblem: Path of Radiance",
      },
      {
        "id": "bioshock-2",
        "title": "BioShock 2",
      },
      {
        "id": "super-mario-land",
        "title": "Super Mario Land",
      },
      {
        "id": "sniper-elite-4",
        "title": "Sniper Elite 4",
      },
      {
        "id": "half-life-2-episode-one",
        "title": "Half-Life 2: Episode One",
      },
      {
        "id": "it-takes-two",
        "title": "It Takes Two",
      },
      {
        "id": "football-manager-2020",
        "title": "Football Manager 2020",
      },
      {
        "id": "fifa-soccer-11",
        "title": "FIFA Soccer 11",
      },
      {
        "id": "blood-omen-legacy-of-kain",
        "title": "Blood Omen: Legacy of Kain",
      },
      {
        "id": "half-life-2-episode-two",
        "title": "Half-Life 2: Episode Two",
      },
      {
        "id": "dirt-3",
        "title": "Dirt 3",
      },
      {
        "id": "resident-evil-7-biohazard",
        "title": "Resident Evil 7: Biohazard",
      },
    ],
  },
  "2026-06-26": {
    "date": "2026-06-26",
    "groups": [
      {
        "conceptId": "yellow-adventure-1980s",
        "gameIds": [
          "the-legend-of-zelda",
          "zelda-ii-the-adventure-of-link",
          "metal-gear",
          "super-mario-bros-2",
        ],
        "label": "1980s ADVENTURE GAMES",
        "tier": "yellow",
      },
      {
        "conceptId": "green-year-1999",
        "gameIds": [
          "dino-crisis",
          "legacy-of-kain-soul-reaver",
          "half-life-opposing-force",
          "quake-iii-arena",
        ],
        "label": "RELEASED IN 1999",
        "tier": "green",
      },
      {
        "conceptId": "blue-tag-crafting",
        "gameIds": [
          "eve-online",
          "my-time-at-portia",
          "fallout-4",
          "xenoblade-chronicles",
        ],
        "label": "GAMES WHERE YOU CRAFT",
        "tier": "blue",
      },
      {
        "conceptId": "purple-contains-time-of-day",
        "gameIds": [
          "horizon-zero-dawn-complete-edition",
          "day-of-the-tentacle",
          "day-of-defeat",
          "warhammer-40-000-dawn-of-war-winter-assault",
        ],
        "label": "TITLES CONTAINING A TIME OF DAY",
        "tier": "purple",
      },
    ],
    "tiles": [
      {
        "id": "my-time-at-portia",
        "title": "My Time at Portia",
      },
      {
        "id": "xenoblade-chronicles",
        "title": "Xenoblade Chronicles",
      },
      {
        "id": "horizon-zero-dawn-complete-edition",
        "title": "Horizon Zero Dawn: Complete Edition",
      },
      {
        "id": "warhammer-40-000-dawn-of-war-winter-assault",
        "title": "Warhammer 40,000: Dawn of War - Winter Assault",
      },
      {
        "id": "half-life-opposing-force",
        "title": "Half-Life: Opposing Force",
      },
      {
        "id": "quake-iii-arena",
        "title": "Quake III Arena",
      },
      {
        "id": "fallout-4",
        "title": "Fallout 4",
      },
      {
        "id": "metal-gear",
        "title": "Metal Gear",
      },
      {
        "id": "day-of-the-tentacle",
        "title": "Day of the Tentacle",
      },
      {
        "id": "dino-crisis",
        "title": "Dino Crisis",
      },
      {
        "id": "legacy-of-kain-soul-reaver",
        "title": "Legacy of Kain: Soul Reaver",
      },
      {
        "id": "the-legend-of-zelda",
        "title": "The Legend of Zelda",
      },
      {
        "id": "eve-online",
        "title": "Eve Online",
      },
      {
        "id": "day-of-defeat",
        "title": "Day of Defeat",
      },
      {
        "id": "super-mario-bros-2",
        "title": "Super Mario Bros. 2",
      },
      {
        "id": "zelda-ii-the-adventure-of-link",
        "title": "Zelda II: The Adventure of Link",
      },
    ],
  },
  "2026-06-27": {
    "date": "2026-06-27",
    "groups": [
      {
        "conceptId": "yellow-racing-2000s",
        "gameIds": [
          "mario-kart-ds",
          "forza-motorsport-2",
          "grand-theft-auto-liberty-city-stories",
          "wii-sports-resort",
        ],
        "label": "2000s RACING GAMES",
        "tier": "yellow",
      },
      {
        "conceptId": "green-year-2018",
        "gameIds": [
          "the-messenger",
          "hitman-2",
          "dead-cells",
          "rust",
        ],
        "label": "RELEASED IN 2018",
        "tier": "green",
      },
      {
        "conceptId": "blue-tag-samurai",
        "gameIds": [
          "assassin-s-creed-shadows",
          "final-fantasy-iii",
          "no-more-heroes",
          "sid-meiers-civilization-v",
        ],
        "label": "SAMURAI GAMES",
        "tier": "blue",
      },
      {
        "conceptId": "purple-contains-fortune",
        "gameIds": [
          "another-crabs-treasure",
          "game-dev-tycoon",
          "zoo-tycoon",
          "transport-tycoon-deluxe",
        ],
        "label": "TITLES ABOUT GETTING RICH",
        "tier": "purple",
      },
    ],
    "tiles": [
      {
        "id": "no-more-heroes",
        "title": "No More Heroes",
      },
      {
        "id": "grand-theft-auto-liberty-city-stories",
        "title": "Grand Theft Auto: Liberty City Stories",
      },
      {
        "id": "another-crabs-treasure",
        "title": "Another Crab's Treasure",
      },
      {
        "id": "assassin-s-creed-shadows",
        "title": "Assassin's Creed Shadows",
      },
      {
        "id": "the-messenger",
        "title": "The Messenger",
      },
      {
        "id": "mario-kart-ds",
        "title": "Mario Kart DS",
      },
      {
        "id": "final-fantasy-iii",
        "title": "Final Fantasy III",
      },
      {
        "id": "hitman-2",
        "title": "Hitman 2",
      },
      {
        "id": "sid-meiers-civilization-v",
        "title": "Sid Meier's Civilization V",
      },
      {
        "id": "rust",
        "title": "Rust",
      },
      {
        "id": "wii-sports-resort",
        "title": "Wii Sports Resort",
      },
      {
        "id": "transport-tycoon-deluxe",
        "title": "Transport Tycoon Deluxe",
      },
      {
        "id": "zoo-tycoon",
        "title": "Zoo Tycoon",
      },
      {
        "id": "forza-motorsport-2",
        "title": "Forza Motorsport 2",
      },
      {
        "id": "game-dev-tycoon",
        "title": "Game Dev Tycoon",
      },
      {
        "id": "dead-cells",
        "title": "Dead Cells",
      },
    ],
  },
  "2026-06-28": {
    "date": "2026-06-28",
    "groups": [
      {
        "conceptId": "yellow-horror-2010s",
        "gameIds": [
          "dead-by-daylight",
          "bloodborne",
          "little-nightmares",
          "amnesia-the-dark-descent",
        ],
        "label": "2010s HORROR GAMES",
        "tier": "yellow",
      },
      {
        "conceptId": "green-year-1992",
        "gameIds": [
          "indiana-jones-and-the-fate-of-atlantis",
          "alien-3",
          "contra-iii-the-alien-wars",
          "super-mario-land-2-6-golden-coins",
        ],
        "label": "RELEASED IN 1992",
        "tier": "green",
      },
      {
        "conceptId": "blue-tag-roguelike",
        "gameIds": [
          "monster-train",
          "balatro",
          "slay-the-spire",
          "spelunky",
        ],
        "label": "ROGUELIKES",
        "tier": "blue",
      },
      {
        "conceptId": "purple-contains-magic",
        "gameIds": [
          "secret-of-mana",
          "heroes-of-might-and-magic-iv",
          "harry-potter-and-the-sorcerer-s-stone",
          "might-magic-heroes-vi",
        ],
        "label": "MAGICAL TITLES",
        "tier": "purple",
      },
    ],
    "tiles": [
      {
        "id": "spelunky",
        "title": "Spelunky",
      },
      {
        "id": "secret-of-mana",
        "title": "Secret of Mana",
      },
      {
        "id": "little-nightmares",
        "title": "Little Nightmares",
      },
      {
        "id": "monster-train",
        "title": "Monster Train",
      },
      {
        "id": "heroes-of-might-and-magic-iv",
        "title": "Heroes of Might and Magic IV",
      },
      {
        "id": "dead-by-daylight",
        "title": "Dead by Daylight",
      },
      {
        "id": "slay-the-spire",
        "title": "Slay the Spire",
      },
      {
        "id": "bloodborne",
        "title": "Bloodborne",
      },
      {
        "id": "alien-3",
        "title": "Alien 3",
      },
      {
        "id": "contra-iii-the-alien-wars",
        "title": "Contra III: The Alien Wars",
      },
      {
        "id": "indiana-jones-and-the-fate-of-atlantis",
        "title": "Indiana Jones and the Fate of Atlantis",
      },
      {
        "id": "might-magic-heroes-vi",
        "title": "Might & Magic: Heroes VI",
      },
      {
        "id": "amnesia-the-dark-descent",
        "title": "Amnesia: The Dark Descent",
      },
      {
        "id": "harry-potter-and-the-sorcerer-s-stone",
        "title": "Harry Potter and the Sorcerer's Stone",
      },
      {
        "id": "super-mario-land-2-6-golden-coins",
        "title": "Super Mario Land 2: 6 Golden Coins",
      },
      {
        "id": "balatro",
        "title": "Balatro",
      },
    ],
  },
  "2026-06-29": {
    "date": "2026-06-29",
    "groups": [
      {
        "conceptId": "yellow-racing-1990s",
        "gameIds": [
          "need-for-speed-ii",
          "driver",
          "crash-team-racing",
          "mario-kart-64",
        ],
        "label": "1990s RACING GAMES",
        "tier": "yellow",
      },
      {
        "conceptId": "green-year-2015",
        "gameIds": [
          "ori-and-the-blind-forest",
          "cities-skylines",
          "saints-row-gat-out-of-hell",
          "metal-gear-solid-v-the-phantom-pain",
        ],
        "label": "RELEASED IN 2015",
        "tier": "green",
      },
      {
        "conceptId": "blue-tag-space",
        "gameIds": [
          "star-wars-empire-at-war",
          "astroneer",
          "space-rangers-2-dominators",
          "observation",
        ],
        "label": "SET IN SPACE",
        "tier": "blue",
      },
      {
        "conceptId": "purple-contains-emotion",
        "gameIds": [
          "the-dark-pictures-anthology-little-hope",
          "castlevania-dawn-of-sorrow",
          "super-mario-3d-world-bowsers-fury",
          "monkey-island-2-lechuck-s-revenge",
        ],
        "label": "TITLES WITH STRONG FEELINGS",
        "tier": "purple",
      },
    ],
    "tiles": [
      {
        "id": "ori-and-the-blind-forest",
        "title": "Ori and the Blind Forest",
      },
      {
        "id": "observation",
        "title": "Observation",
      },
      {
        "id": "saints-row-gat-out-of-hell",
        "title": "Saints Row: Gat Out of Hell",
      },
      {
        "id": "mario-kart-64",
        "title": "Mario Kart 64",
      },
      {
        "id": "astroneer",
        "title": "Astroneer",
      },
      {
        "id": "cities-skylines",
        "title": "Cities: Skylines",
      },
      {
        "id": "driver",
        "title": "Driver",
      },
      {
        "id": "space-rangers-2-dominators",
        "title": "Space Rangers 2: Dominators",
      },
      {
        "id": "need-for-speed-ii",
        "title": "Need for Speed II",
      },
      {
        "id": "the-dark-pictures-anthology-little-hope",
        "title": "The Dark Pictures Anthology: Little Hope",
      },
      {
        "id": "metal-gear-solid-v-the-phantom-pain",
        "title": "Metal Gear Solid V: The Phantom Pain",
      },
      {
        "id": "castlevania-dawn-of-sorrow",
        "title": "Castlevania: Dawn of Sorrow",
      },
      {
        "id": "star-wars-empire-at-war",
        "title": "Star Wars: Empire at War",
      },
      {
        "id": "monkey-island-2-lechuck-s-revenge",
        "title": "Monkey Island 2: LeChuck's Revenge",
      },
      {
        "id": "crash-team-racing",
        "title": "Crash Team Racing",
      },
      {
        "id": "super-mario-3d-world-bowsers-fury",
        "title": "Super Mario 3D World + Bowser's Fury",
      },
    ],
  },
  "2026-06-30": {
    "date": "2026-06-30",
    "groups": [
      {
        "conceptId": "yellow-adventure-1990s",
        "gameIds": [
          "final-fantasy-viii",
          "final-fantasy-adventure",
          "circle-of-blood",
          "toejam-earl",
        ],
        "label": "1990s ADVENTURE GAMES",
        "tier": "yellow",
      },
      {
        "conceptId": "green-year-2002",
        "gameIds": [
          "kirby-nightmare-in-dream-land",
          "metal-slug-4",
          "the-thing",
          "medal-of-honor-allied-assault-spearhead",
        ],
        "label": "RELEASED IN 2002",
        "tier": "green",
      },
      {
        "conceptId": "blue-tag-free-to-play",
        "gameIds": [
          "paladins",
          "defense-of-the-ancients",
          "the-finals",
          "planetside-2",
        ],
        "label": "FREE TO PLAY",
        "tier": "blue",
      },
      {
        "conceptId": "purple-contains-direction",
        "gameIds": [
          "south-park-the-stick-of-truth",
          "sid-meiers-civilization-iv-beyond-the-sword",
          "mirrors-edge",
          "forza-horizon-4",
        ],
        "label": "TITLES POINTING SOMEWHERE",
        "tier": "purple",
      },
    ],
    "tiles": [
      {
        "id": "the-finals",
        "title": "The Finals",
      },
      {
        "id": "medal-of-honor-allied-assault-spearhead",
        "title": "Medal of Honor: Allied Assault - Spearhead",
      },
      {
        "id": "circle-of-blood",
        "title": "Circle of Blood",
      },
      {
        "id": "final-fantasy-adventure",
        "title": "Final Fantasy Adventure",
      },
      {
        "id": "mirrors-edge",
        "title": "Mirror's Edge",
      },
      {
        "id": "planetside-2",
        "title": "PlanetSide 2",
      },
      {
        "id": "the-thing",
        "title": "The Thing",
      },
      {
        "id": "south-park-the-stick-of-truth",
        "title": "South Park: The Stick of Truth",
      },
      {
        "id": "toejam-earl",
        "title": "ToeJam & Earl",
      },
      {
        "id": "paladins",
        "title": "Paladins",
      },
      {
        "id": "kirby-nightmare-in-dream-land",
        "title": "Kirby: Nightmare in Dream Land",
      },
      {
        "id": "metal-slug-4",
        "title": "Metal Slug 4",
      },
      {
        "id": "forza-horizon-4",
        "title": "Forza Horizon 4",
      },
      {
        "id": "defense-of-the-ancients",
        "title": "Defense of the Ancients",
      },
      {
        "id": "sid-meiers-civilization-iv-beyond-the-sword",
        "title": "Sid Meier's Civilization IV: Beyond the Sword",
      },
      {
        "id": "final-fantasy-viii",
        "title": "Final Fantasy VIII",
      },
    ],
  },
  "2026-07-01": {
    "date": "2026-07-01",
    "groups": [
      {
        "conceptId": "yellow-puzzle-2020s",
        "gameIds": [
          "lego-star-wars-the-skywalker-saga",
          "turnip-boy-commits-tax-evasion",
          "dorfromantik",
          "resident-evil-requiem",
        ],
        "label": "2020s PUZZLE GAMES",
        "tier": "yellow",
      },
      {
        "conceptId": "green-year-2005",
        "gameIds": [
          "sonic-rush",
          "soulcalibur-iii",
          "pok-mon-xd-gale-of-darkness",
          "animal-crossing-wild-world",
        ],
        "label": "RELEASED IN 2005",
        "tier": "green",
      },
      {
        "conceptId": "blue-tag-female-protagonist",
        "gameIds": [
          "perfect-dark",
          "infinity-nikki",
          "metroid-other-m",
          "ghost-of-yotei",
        ],
        "label": "YOU PLAY AS A WOMAN",
        "tier": "blue",
      },
      {
        "conceptId": "purple-contains-water-body",
        "gameIds": [
          "the-secret-of-monkey-island",
          "monkey-island-2-special-edition-lechucks-revenge",
          "super-mario-world-2-yoshis-island",
          "dead-island-riptide",
        ],
        "label": "TITLES CONTAINING A BODY OF WATER",
        "tier": "purple",
      },
    ],
    "tiles": [
      {
        "id": "dorfromantik",
        "title": "Dorfromantik",
      },
      {
        "id": "super-mario-world-2-yoshis-island",
        "title": "Super Mario World 2: Yoshi's Island",
      },
      {
        "id": "turnip-boy-commits-tax-evasion",
        "title": "Turnip Boy Commits Tax Evasion",
      },
      {
        "id": "resident-evil-requiem",
        "title": "Resident Evil Requiem",
      },
      {
        "id": "ghost-of-yotei",
        "title": "Ghost of Yotei",
      },
      {
        "id": "dead-island-riptide",
        "title": "Dead Island: Riptide",
      },
      {
        "id": "pok-mon-xd-gale-of-darkness",
        "title": "Pokémon XD: Gale of Darkness",
      },
      {
        "id": "animal-crossing-wild-world",
        "title": "Animal Crossing: Wild World",
      },
      {
        "id": "infinity-nikki",
        "title": "Infinity Nikki",
      },
      {
        "id": "lego-star-wars-the-skywalker-saga",
        "title": "LEGO Star Wars: The Skywalker Saga",
      },
      {
        "id": "the-secret-of-monkey-island",
        "title": "The Secret of Monkey Island",
      },
      {
        "id": "monkey-island-2-special-edition-lechucks-revenge",
        "title": "Monkey Island 2 Special Edition: LeChuck's Revenge",
      },
      {
        "id": "soulcalibur-iii",
        "title": "SoulCalibur III",
      },
      {
        "id": "metroid-other-m",
        "title": "Metroid: Other M",
      },
      {
        "id": "sonic-rush",
        "title": "Sonic Rush",
      },
      {
        "id": "perfect-dark",
        "title": "Perfect Dark",
      },
    ],
  },
  "2026-07-02": {
    "date": "2026-07-02",
    "groups": [
      {
        "conceptId": "yellow-indie-2010s",
        "gameIds": [
          "among-us",
          "deponia",
          "gone-home",
          "limbo",
        ],
        "label": "2010s INDIE GAMES",
        "tier": "yellow",
      },
      {
        "conceptId": "green-price-59-99",
        "gameIds": [
          "tomb-raider",
          "super-mario-world",
          "resident-evil-village",
          "donkey-kong-country",
        ],
        "label": "LAUNCHED AT $59.99",
        "tier": "green",
      },
      {
        "conceptId": "blue-tag-anime",
        "gameIds": [
          "dragon-ball-xenoverse",
          "tactics-ogre-let-us-cling-together",
          "genshin-impact",
          "river-city-ransom",
        ],
        "label": "ANIME STYLE",
        "tier": "blue",
      },
      {
        "conceptId": "purple-title-with-exclamation",
        "gameIds": [
          "donkey-kong-country-3-dixie-kongs-double-trouble",
          "thank-goodness-youre-here",
          "wwe-smackdown-here-comes-the-pain",
          "warioware-touched",
        ],
        "label": "TITLES WITH AN EXCLAMATION MARK",
        "tier": "purple",
      },
    ],
    "tiles": [
      {
        "id": "genshin-impact",
        "title": "Genshin Impact",
      },
      {
        "id": "super-mario-world",
        "title": "Super Mario World",
      },
      {
        "id": "gone-home",
        "title": "Gone Home",
      },
      {
        "id": "tomb-raider",
        "title": "Tomb Raider",
      },
      {
        "id": "river-city-ransom",
        "title": "River City Ransom",
      },
      {
        "id": "donkey-kong-country-3-dixie-kongs-double-trouble",
        "title": "Donkey Kong Country 3: Dixie Kong's Double Trouble!",
      },
      {
        "id": "donkey-kong-country",
        "title": "Donkey Kong Country",
      },
      {
        "id": "tactics-ogre-let-us-cling-together",
        "title": "Tactics Ogre: Let Us Cling Together",
      },
      {
        "id": "wwe-smackdown-here-comes-the-pain",
        "title": "WWE Smackdown! Here Comes the Pain",
      },
      {
        "id": "among-us",
        "title": "Among Us",
      },
      {
        "id": "limbo",
        "title": "Limbo",
      },
      {
        "id": "dragon-ball-xenoverse",
        "title": "Dragon Ball: Xenoverse",
      },
      {
        "id": "resident-evil-village",
        "title": "Resident Evil Village",
      },
      {
        "id": "deponia",
        "title": "Deponia",
      },
      {
        "id": "warioware-touched",
        "title": "WarioWare: Touched!",
      },
      {
        "id": "thank-goodness-youre-here",
        "title": "Thank Goodness You're Here!",
      },
    ],
  },
  "2026-07-03": {
    "date": "2026-07-03",
    "groups": [
      {
        "conceptId": "yellow-shooter-2020s",
        "gameIds": [
          "warhammer-40-000-space-marine-ii",
          "brotato",
          "half-life-alyx",
          "far-cry-6",
        ],
        "label": "2020s SHOOTERS",
        "tier": "yellow",
      },
      {
        "conceptId": "green-year-2001",
        "gameIds": [
          "sid-meiers-civilization-iii",
          "baldurs-gate-ii-throne-of-bhaal",
          "crash-bandicoot-the-wrath-of-cortex",
          "spider-man-2-enter-electro",
        ],
        "label": "RELEASED IN 2001",
        "tier": "green",
      },
      {
        "conceptId": "blue-tag-pirates",
        "gameIds": [
          "metroid-fusion",
          "rogue-galaxy",
          "disneys-goof-troop",
          "donkey-kong-country-2-diddy-s-kong-quest",
        ],
        "label": "PIRATES INVOLVED",
        "tier": "blue",
      },
      {
        "conceptId": "purple-hides-bot",
        "gameIds": [
          "the-saboteur",
          "botanicula",
          "dr-robotniks-mean-bean-machine",
          "spongebob-squarepants-battle-for-bikini-bottom-rehydrated",
        ],
        "label": "TITLES HIDING 'BOT'",
        "tier": "purple",
      },
    ],
    "tiles": [
      {
        "id": "crash-bandicoot-the-wrath-of-cortex",
        "title": "Crash Bandicoot: The Wrath of Cortex",
      },
      {
        "id": "spider-man-2-enter-electro",
        "title": "Spider-Man 2: Enter Electro",
      },
      {
        "id": "the-saboteur",
        "title": "The Saboteur",
      },
      {
        "id": "sid-meiers-civilization-iii",
        "title": "Sid Meier's Civilization III",
      },
      {
        "id": "spongebob-squarepants-battle-for-bikini-bottom-rehydrated",
        "title": "SpongeBob SquarePants: Battle for Bikini Bottom - Rehydrated",
      },
      {
        "id": "dr-robotniks-mean-bean-machine",
        "title": "Dr. Robotnik's Mean Bean Machine",
      },
      {
        "id": "brotato",
        "title": "Brotato",
      },
      {
        "id": "warhammer-40-000-space-marine-ii",
        "title": "Warhammer 40,000: Space Marine II",
      },
      {
        "id": "baldurs-gate-ii-throne-of-bhaal",
        "title": "Baldur's Gate II: Throne of Bhaal",
      },
      {
        "id": "metroid-fusion",
        "title": "Metroid Fusion",
      },
      {
        "id": "disneys-goof-troop",
        "title": "Disney's Goof Troop",
      },
      {
        "id": "half-life-alyx",
        "title": "Half-Life: Alyx",
      },
      {
        "id": "botanicula",
        "title": "Botanicula",
      },
      {
        "id": "far-cry-6",
        "title": "Far Cry 6",
      },
      {
        "id": "rogue-galaxy",
        "title": "Rogue Galaxy",
      },
      {
        "id": "donkey-kong-country-2-diddy-s-kong-quest",
        "title": "Donkey Kong Country 2: Diddy's Kong Quest",
      },
    ],
  },
  "2026-07-04": {
    "date": "2026-07-04",
    "groups": [
      {
        "conceptId": "yellow-indie-2020s",
        "gameIds": [
          "hollow-knight-silksong",
          "the-invincible",
          "hytale",
          "cocoon",
        ],
        "label": "2020s INDIE GAMES",
        "tier": "yellow",
      },
      {
        "conceptId": "green-year-1994",
        "gameIds": [
          "sonic-the-hedgehog-3-knuckles",
          "earthbound",
          "primal-rage",
          "twinsens-little-big-adventure-classic",
        ],
        "label": "RELEASED IN 1994",
        "tier": "green",
      },
      {
        "conceptId": "blue-tag-racing",
        "gameIds": [
          "gran-turismo-4",
          "grand-theft-auto",
          "forza-horizon-5",
          "mafia-iii",
        ],
        "label": "GAMES ABOUT GOING FAST",
        "tier": "blue",
      },
      {
        "conceptId": "purple-hides-king",
        "gameIds": [
          "kingdom-hearts-re-chain-of-memories",
          "kingdom-come-deliverance-ii",
          "the-witcher-2-assassins-of-kings",
          "kingdom-hearts-re-coded",
        ],
        "label": "TITLES HIDING 'KING'",
        "tier": "purple",
      },
    ],
    "tiles": [
      {
        "id": "hytale",
        "title": "Hytale",
      },
      {
        "id": "the-invincible",
        "title": "The Invincible",
      },
      {
        "id": "kingdom-hearts-re-chain-of-memories",
        "title": "Kingdom Hearts Re:Chain of Memories",
      },
      {
        "id": "grand-theft-auto",
        "title": "Grand Theft Auto",
      },
      {
        "id": "twinsens-little-big-adventure-classic",
        "title": "Twinsen's Little Big Adventure Classic",
      },
      {
        "id": "earthbound",
        "title": "EarthBound",
      },
      {
        "id": "primal-rage",
        "title": "Primal Rage",
      },
      {
        "id": "kingdom-come-deliverance-ii",
        "title": "Kingdom Come: Deliverance II",
      },
      {
        "id": "mafia-iii",
        "title": "Mafia III",
      },
      {
        "id": "forza-horizon-5",
        "title": "Forza Horizon 5",
      },
      {
        "id": "the-witcher-2-assassins-of-kings",
        "title": "The Witcher 2: Assassins of Kings",
      },
      {
        "id": "hollow-knight-silksong",
        "title": "Hollow Knight: Silksong",
      },
      {
        "id": "gran-turismo-4",
        "title": "Gran Turismo 4",
      },
      {
        "id": "cocoon",
        "title": "Cocoon",
      },
      {
        "id": "kingdom-hearts-re-coded",
        "title": "Kingdom Hearts Re:coded",
      },
      {
        "id": "sonic-the-hedgehog-3-knuckles",
        "title": "Sonic the Hedgehog 3 & Knuckles",
      },
    ],
  },
  "2026-07-05": {
    "date": "2026-07-05",
    "groups": [
      {
        "conceptId": "yellow-racing-2010s",
        "gameIds": [
          "mafia-ii",
          "rage",
          "ultimate-chicken-horse",
          "need-for-speed-heat",
        ],
        "label": "2010s RACING GAMES",
        "tier": "yellow",
      },
      {
        "conceptId": "green-year-2021",
        "gameIds": [
          "valheim",
          "outer-wilds-echoes-of-the-eye",
          "the-elder-scrolls-v-skyrim-anniversary-edition",
          "marvels-guardians-of-the-galaxy",
        ],
        "label": "RELEASED IN 2021",
        "tier": "green",
      },
      {
        "conceptId": "blue-tag-stealth",
        "gameIds": [
          "metal-gear-solid-3-snake-eater",
          "batman-arkham-city",
          "the-evil-within-2",
          "metal-gear-solid-peace-walker",
        ],
        "label": "GAMES WHERE YOU SNEAK",
        "tier": "blue",
      },
      {
        "conceptId": "purple-hides-win",
        "gameIds": [
          "icewind-dale",
          "neverwinter-nights",
          "where-winds-meet",
          "crash-twinsanity",
        ],
        "label": "TITLES HIDING 'WIN'",
        "tier": "purple",
      },
    ],
    "tiles": [
      {
        "id": "valheim",
        "title": "Valheim",
      },
      {
        "id": "mafia-ii",
        "title": "Mafia II",
      },
      {
        "id": "marvels-guardians-of-the-galaxy",
        "title": "Marvel's Guardians of the Galaxy",
      },
      {
        "id": "crash-twinsanity",
        "title": "Crash Twinsanity",
      },
      {
        "id": "where-winds-meet",
        "title": "Where Winds Meet",
      },
      {
        "id": "need-for-speed-heat",
        "title": "Need for Speed: Heat",
      },
      {
        "id": "neverwinter-nights",
        "title": "Neverwinter Nights",
      },
      {
        "id": "icewind-dale",
        "title": "Icewind Dale",
      },
      {
        "id": "outer-wilds-echoes-of-the-eye",
        "title": "Outer Wilds: Echoes of the Eye",
      },
      {
        "id": "the-evil-within-2",
        "title": "The Evil Within 2",
      },
      {
        "id": "the-elder-scrolls-v-skyrim-anniversary-edition",
        "title": "The Elder Scrolls V: Skyrim - Anniversary Edition",
      },
      {
        "id": "ultimate-chicken-horse",
        "title": "Ultimate Chicken Horse",
      },
      {
        "id": "batman-arkham-city",
        "title": "Batman: Arkham City",
      },
      {
        "id": "metal-gear-solid-peace-walker",
        "title": "Metal Gear Solid: Peace Walker",
      },
      {
        "id": "metal-gear-solid-3-snake-eater",
        "title": "Metal Gear Solid 3: Snake Eater",
      },
      {
        "id": "rage",
        "title": "Rage",
      },
    ],
  },
  "2026-07-06": {
    "date": "2026-07-06",
    "groups": [
      {
        "conceptId": "yellow-genre-roguelike",
        "gameIds": [
          "dont-starve",
          "hades",
          "returnal",
          "slay-the-spire-2",
        ],
        "label": "ROGUELIKES",
        "tier": "yellow",
      },
      {
        "conceptId": "green-year-1993",
        "gameIds": [
          "the-legend-of-zelda-links-awakening",
          "street-fighter-ii-turbo",
          "disneys-aladdin",
          "super-mario-all-stars",
        ],
        "label": "RELEASED IN 1993",
        "tier": "green",
      },
      {
        "conceptId": "blue-tag-martial-arts",
        "gameIds": [
          "sleeping-dogs",
          "metal-gear-rising-revengeance",
          "the-king-of-fighters-98",
          "devil-may-cry-3-dantes-awakening",
        ],
        "label": "MARTIAL ARTS GAMES",
        "tier": "blue",
      },
      {
        "conceptId": "purple-hides-art",
        "gameIds": [
          "middle-earth-shadow-of-mordor",
          "doom-ii-hell-on-earth",
          "pok-mon-heartgold-version",
          "earthworm-jim-2",
        ],
        "label": "TITLES HIDING 'ART'",
        "tier": "purple",
      },
    ],
    "tiles": [
      {
        "id": "returnal",
        "title": "Returnal",
      },
      {
        "id": "middle-earth-shadow-of-mordor",
        "title": "Middle-earth: Shadow of Mordor",
      },
      {
        "id": "hades",
        "title": "Hades",
      },
      {
        "id": "street-fighter-ii-turbo",
        "title": "Street Fighter II' Turbo",
      },
      {
        "id": "devil-may-cry-3-dantes-awakening",
        "title": "Devil May Cry 3: Dante's Awakening",
      },
      {
        "id": "sleeping-dogs",
        "title": "Sleeping Dogs",
      },
      {
        "id": "pok-mon-heartgold-version",
        "title": "Pokémon HeartGold Version",
      },
      {
        "id": "the-king-of-fighters-98",
        "title": "The King of Fighters '98",
      },
      {
        "id": "doom-ii-hell-on-earth",
        "title": "Doom II: Hell on Earth",
      },
      {
        "id": "earthworm-jim-2",
        "title": "Earthworm Jim 2",
      },
      {
        "id": "dont-starve",
        "title": "Don't Starve",
      },
      {
        "id": "super-mario-all-stars",
        "title": "Super Mario All-Stars",
      },
      {
        "id": "the-legend-of-zelda-links-awakening",
        "title": "The Legend of Zelda: Link's Awakening",
      },
      {
        "id": "slay-the-spire-2",
        "title": "Slay the Spire 2",
      },
      {
        "id": "metal-gear-rising-revengeance",
        "title": "Metal Gear Rising: Revengeance",
      },
      {
        "id": "disneys-aladdin",
        "title": "Disney's Aladdin",
      },
    ],
  },
  "2026-07-07": {
    "date": "2026-07-07",
    "groups": [
      {
        "conceptId": "yellow-roguelike-2020s",
        "gameIds": [
          "muck",
          "against-the-storm",
          "curse-of-the-dead-gods",
          "darkest-dungeon-ii",
        ],
        "label": "2020s ROGUELIKES",
        "tier": "yellow",
      },
      {
        "conceptId": "green-year-1998",
        "gameIds": [
          "the-legend-of-zelda-ocarina-of-time",
          "starcraft-brood-war",
          "parasite-eve",
          "1080-snowboarding",
        ],
        "label": "RELEASED IN 1998",
        "tier": "green",
      },
      {
        "conceptId": "blue-tag-cooking",
        "gameIds": [
          "tales-of-the-abyss",
          "tales-of-vesperia",
          "overcooked-2",
          "patapon",
        ],
        "label": "GAMES WHERE YOU COOK",
        "tier": "blue",
      },
      {
        "conceptId": "purple-hides-red",
        "gameIds": [
          "day-of-the-tentacle-remastered",
          "the-whispered-world",
          "the-last-of-us-part-ii-remastered",
          "uncharted-3-drakes-deception-remastered",
        ],
        "label": "TITLES HIDING 'RED'",
        "tier": "purple",
      },
    ],
    "tiles": [
      {
        "id": "the-last-of-us-part-ii-remastered",
        "title": "The Last of Us Part II Remastered",
      },
      {
        "id": "overcooked-2",
        "title": "Overcooked! 2",
      },
      {
        "id": "tales-of-the-abyss",
        "title": "Tales of the Abyss",
      },
      {
        "id": "parasite-eve",
        "title": "Parasite Eve",
      },
      {
        "id": "uncharted-3-drakes-deception-remastered",
        "title": "Uncharted 3: Drake's Deception Remastered",
      },
      {
        "id": "day-of-the-tentacle-remastered",
        "title": "Day of the Tentacle Remastered",
      },
      {
        "id": "muck",
        "title": "Muck",
      },
      {
        "id": "darkest-dungeon-ii",
        "title": "Darkest Dungeon II",
      },
      {
        "id": "patapon",
        "title": "Patapon",
      },
      {
        "id": "against-the-storm",
        "title": "Against the Storm",
      },
      {
        "id": "curse-of-the-dead-gods",
        "title": "Curse of the Dead Gods",
      },
      {
        "id": "tales-of-vesperia",
        "title": "Tales of Vesperia",
      },
      {
        "id": "1080-snowboarding",
        "title": "1080° Snowboarding",
      },
      {
        "id": "the-legend-of-zelda-ocarina-of-time",
        "title": "The Legend of Zelda: Ocarina of Time",
      },
      {
        "id": "the-whispered-world",
        "title": "The Whispered World",
      },
      {
        "id": "starcraft-brood-war",
        "title": "StarCraft: Brood War",
      },
    ],
  },
  "2026-07-08": {
    "date": "2026-07-08",
    "groups": [
      {
        "conceptId": "yellow-genre-sandbox",
        "gameIds": [
          "supermarket-together",
          "kerbal-space-program",
          "7-days-to-die",
          "the-sims",
        ],
        "label": "SANDBOX GAMES",
        "tier": "yellow",
      },
      {
        "conceptId": "green-year-1997",
        "gameIds": [
          "age-of-empires",
          "yoshis-story",
          "goldeneye-007",
          "dungeon-keeper",
        ],
        "label": "RELEASED IN 1997",
        "tier": "green",
      },
      {
        "conceptId": "blue-tag-pixel-art",
        "gameIds": [
          "suikoden-ii",
          "arma-2",
          "katana-zero",
          "songs-of-conquest",
        ],
        "label": "PIXEL ART GAMES",
        "tier": "blue",
      },
      {
        "conceptId": "purple-contains-animal",
        "gameIds": [
          "kane-lynch-2-dog-days",
          "marvel-s-spider-man",
          "tom-clancys-rainbow-six-3-raven-shield",
          "metal-gear-2-solid-snake",
        ],
        "label": "TITLES CONTAINING AN ANIMAL",
        "tier": "purple",
      },
    ],
    "tiles": [
      {
        "id": "arma-2",
        "title": "Arma 2",
      },
      {
        "id": "metal-gear-2-solid-snake",
        "title": "Metal Gear 2: Solid Snake",
      },
      {
        "id": "7-days-to-die",
        "title": "7 Days to Die",
      },
      {
        "id": "dungeon-keeper",
        "title": "Dungeon Keeper",
      },
      {
        "id": "kane-lynch-2-dog-days",
        "title": "Kane & Lynch 2: Dog Days",
      },
      {
        "id": "katana-zero",
        "title": "Katana Zero",
      },
      {
        "id": "suikoden-ii",
        "title": "Suikoden II",
      },
      {
        "id": "age-of-empires",
        "title": "Age of Empires",
      },
      {
        "id": "songs-of-conquest",
        "title": "Songs of Conquest",
      },
      {
        "id": "marvel-s-spider-man",
        "title": "Marvel's Spider-Man",
      },
      {
        "id": "goldeneye-007",
        "title": "GoldenEye 007",
      },
      {
        "id": "the-sims",
        "title": "The Sims",
      },
      {
        "id": "supermarket-together",
        "title": "Supermarket Together",
      },
      {
        "id": "yoshis-story",
        "title": "Yoshi's Story",
      },
      {
        "id": "kerbal-space-program",
        "title": "Kerbal Space Program",
      },
      {
        "id": "tom-clancys-rainbow-six-3-raven-shield",
        "title": "Tom Clancy's Rainbow Six 3: Raven Shield",
      },
    ],
  },
  "2026-07-09": {
    "date": "2026-07-09",
    "groups": [
      {
        "conceptId": "yellow-strategy-2000s",
        "gameIds": [
          "br-tal-legend",
          "warcraft-iii-reign-of-chaos",
          "warcraft-iii-the-frozen-throne",
          "the-lord-of-the-rings-the-battle-for-middle-earth",
        ],
        "label": "2000s STRATEGY GAMES",
        "tier": "yellow",
      },
      {
        "conceptId": "green-year-2006",
        "gameIds": [
          "the-elder-scrolls-iv-oblivion",
          "hitman-blood-money",
          "flow",
          "roblox",
        ],
        "label": "RELEASED IN 2006",
        "tier": "green",
      },
      {
        "conceptId": "blue-tag-military",
        "gameIds": [
          "mount-blade-warband",
          "medal-of-honor-frontline",
          "gears-of-war-4",
          "mini-royale",
        ],
        "label": "MILITARY OPERATIONS",
        "tier": "blue",
      },
      {
        "conceptId": "purple-hides-rim",
        "gameIds": [
          "scott-pilgrim-vs-the-world-the-game",
          "the-elder-scrolls-v-skyrim-special-edition",
          "metroid-prime-3-corruption",
          "sherlock-holmes-crimes-punishments",
        ],
        "label": "TITLES HIDING 'RIM'",
        "tier": "purple",
      },
    ],
    "tiles": [
      {
        "id": "the-elder-scrolls-v-skyrim-special-edition",
        "title": "The Elder Scrolls V: Skyrim - Special Edition",
      },
      {
        "id": "flow",
        "title": "flOw",
      },
      {
        "id": "metroid-prime-3-corruption",
        "title": "Metroid Prime 3: Corruption",
      },
      {
        "id": "hitman-blood-money",
        "title": "Hitman: Blood Money",
      },
      {
        "id": "the-elder-scrolls-iv-oblivion",
        "title": "The Elder Scrolls IV: Oblivion",
      },
      {
        "id": "scott-pilgrim-vs-the-world-the-game",
        "title": "Scott Pilgrim vs. the World: The Game",
      },
      {
        "id": "sherlock-holmes-crimes-punishments",
        "title": "Sherlock Holmes: Crimes & Punishments",
      },
      {
        "id": "mini-royale",
        "title": "Mini Royale",
      },
      {
        "id": "warcraft-iii-reign-of-chaos",
        "title": "Warcraft III: Reign of Chaos",
      },
      {
        "id": "warcraft-iii-the-frozen-throne",
        "title": "Warcraft III: The Frozen Throne",
      },
      {
        "id": "br-tal-legend",
        "title": "Brütal Legend",
      },
      {
        "id": "medal-of-honor-frontline",
        "title": "Medal of Honor: Frontline",
      },
      {
        "id": "mount-blade-warband",
        "title": "Mount & Blade: Warband",
      },
      {
        "id": "the-lord-of-the-rings-the-battle-for-middle-earth",
        "title": "The Lord of the Rings: The Battle for Middle-earth",
      },
      {
        "id": "gears-of-war-4",
        "title": "Gears of War 4",
      },
      {
        "id": "roblox",
        "title": "Roblox",
      },
    ],
  },
  "2026-07-10": {
    "date": "2026-07-10",
    "groups": [
      {
        "conceptId": "yellow-rpg-2020s",
        "gameIds": [
          "clair-obscur-expedition-33",
          "baldur-s-gate-iii",
          "path-of-exile-2",
          "hogwarts-legacy",
        ],
        "label": "2020s RPGS",
        "tier": "yellow",
      },
      {
        "conceptId": "green-year-2012",
        "gameIds": [
          "little-inferno",
          "dust-an-elysian-tail",
          "clash-of-clans",
          "far-cry-3",
        ],
        "label": "RELEASED IN 2012",
        "tier": "green",
      },
      {
        "conceptId": "blue-tag-survival-horror",
        "gameIds": [
          "resident-evil-directors-cut",
          "outlast-ii",
          "blair-witch",
          "resident-evil-code-veronica-x",
        ],
        "label": "SURVIVAL HORROR",
        "tier": "blue",
      },
      {
        "conceptId": "purple-starts-and-ends-same-letter",
        "gameIds": [
          "stellaris",
          "timeshift",
          "ristar",
          "vvvvvv",
        ],
        "label": "START AND END WITH THE SAME LETTER",
        "tier": "purple",
      },
    ],
    "tiles": [
      {
        "id": "clair-obscur-expedition-33",
        "title": "Clair Obscur: Expedition 33",
      },
      {
        "id": "path-of-exile-2",
        "title": "Path of Exile 2",
      },
      {
        "id": "timeshift",
        "title": "TimeShift",
      },
      {
        "id": "outlast-ii",
        "title": "Outlast II",
      },
      {
        "id": "vvvvvv",
        "title": "VVVVVV",
      },
      {
        "id": "little-inferno",
        "title": "Little Inferno",
      },
      {
        "id": "dust-an-elysian-tail",
        "title": "Dust: An Elysian Tail",
      },
      {
        "id": "hogwarts-legacy",
        "title": "Hogwarts Legacy",
      },
      {
        "id": "stellaris",
        "title": "Stellaris",
      },
      {
        "id": "blair-witch",
        "title": "Blair Witch",
      },
      {
        "id": "resident-evil-directors-cut",
        "title": "Resident Evil: Director's Cut",
      },
      {
        "id": "resident-evil-code-veronica-x",
        "title": "Resident Evil Code: Veronica X",
      },
      {
        "id": "baldur-s-gate-iii",
        "title": "Baldur's Gate III",
      },
      {
        "id": "clash-of-clans",
        "title": "Clash of Clans",
      },
      {
        "id": "ristar",
        "title": "Ristar",
      },
      {
        "id": "far-cry-3",
        "title": "Far Cry 3",
      },
    ],
  },
  "2026-07-11": {
    "date": "2026-07-11",
    "groups": [
      {
        "conceptId": "yellow-genre-indie",
        "gameIds": [
          "hellblade-senuas-sacrifice",
          "blue-prince",
          "signalis",
          "the-stanley-parable",
        ],
        "label": "INDIE GAMES",
        "tier": "yellow",
      },
      {
        "conceptId": "green-exclusive-playstation",
        "gameIds": [
          "jak-ii",
          "uncharted-3-drake-s-deception",
          "gran-turismo-2",
          "final-fantasy-tactics",
        ],
        "label": "PLAYSTATION EXCLUSIVES",
        "tier": "green",
      },
      {
        "conceptId": "blue-tag-metroidvania",
        "gameIds": [
          "castlevania-order-of-ecclesia",
          "hollow-knight",
          "castlevania-dracula-x",
          "kirby-the-amazing-mirror",
        ],
        "label": "METROIDVANIAS",
        "tier": "blue",
      },
      {
        "conceptId": "purple-hides-sun",
        "gameIds": [
          "sunset-riders",
          "sunflower-land",
          "sunset-overdrive",
          "super-mario-sunshine",
        ],
        "label": "TITLES HIDING 'SUN'",
        "tier": "purple",
      },
    ],
    "tiles": [
      {
        "id": "final-fantasy-tactics",
        "title": "Final Fantasy Tactics",
      },
      {
        "id": "signalis",
        "title": "Signalis",
      },
      {
        "id": "blue-prince",
        "title": "Blue Prince",
      },
      {
        "id": "super-mario-sunshine",
        "title": "Super Mario Sunshine",
      },
      {
        "id": "castlevania-order-of-ecclesia",
        "title": "Castlevania: Order of Ecclesia",
      },
      {
        "id": "sunset-riders",
        "title": "Sunset Riders",
      },
      {
        "id": "hollow-knight",
        "title": "Hollow Knight",
      },
      {
        "id": "kirby-the-amazing-mirror",
        "title": "Kirby & the Amazing Mirror",
      },
      {
        "id": "gran-turismo-2",
        "title": "Gran Turismo 2",
      },
      {
        "id": "jak-ii",
        "title": "Jak II",
      },
      {
        "id": "the-stanley-parable",
        "title": "The Stanley Parable",
      },
      {
        "id": "uncharted-3-drake-s-deception",
        "title": "Uncharted 3: Drake's Deception",
      },
      {
        "id": "castlevania-dracula-x",
        "title": "Castlevania: Dracula X",
      },
      {
        "id": "sunflower-land",
        "title": "Sunflower Land",
      },
      {
        "id": "hellblade-senuas-sacrifice",
        "title": "Hellblade: Senua's Sacrifice",
      },
      {
        "id": "sunset-overdrive",
        "title": "Sunset Overdrive",
      },
    ],
  },
  "2026-07-12": {
    "date": "2026-07-12",
    "groups": [
      {
        "conceptId": "yellow-action-1980s",
        "gameIds": [
          "super-mario-bros",
          "teenage-mutant-ninja-turtles",
          "the-revenge-of-shinobi",
          "double-dragon",
        ],
        "label": "1980s ACTION GAMES",
        "tier": "yellow",
      },
      {
        "conceptId": "green-year-2007",
        "gameIds": [
          "jade-empire-special-edition",
          "silent-hill-origins",
          "unreal-tournament-iii",
          "assassins-creed",
        ],
        "label": "RELEASED IN 2007",
        "tier": "green",
      },
      {
        "conceptId": "blue-tag-detective",
        "gameIds": [
          "danganronpa-2-goodbye-despair",
          "disco-elysium-the-final-cut",
          "sherlock-holmes-chapter-one",
          "condemned-2-bloodshot",
        ],
        "label": "GAMES WHERE YOU INVESTIGATE",
        "tier": "blue",
      },
      {
        "conceptId": "purple-contains-sports-gear",
        "gameIds": [
          "fifa-soccer-2005",
          "dragon-ball-z-budokai-tenkaichi-2",
          "fifa-soccer-2002-major-league-soccer",
          "super-monkey-ball-2",
        ],
        "label": "TITLES CONTAINING SPORTS WORDS",
        "tier": "purple",
      },
    ],
    "tiles": [
      {
        "id": "assassins-creed",
        "title": "Assassin's Creed",
      },
      {
        "id": "silent-hill-origins",
        "title": "Silent Hill: Origins",
      },
      {
        "id": "unreal-tournament-iii",
        "title": "Unreal Tournament III",
      },
      {
        "id": "condemned-2-bloodshot",
        "title": "Condemned 2: Bloodshot",
      },
      {
        "id": "dragon-ball-z-budokai-tenkaichi-2",
        "title": "Dragon Ball Z: Budokai Tenkaichi 2",
      },
      {
        "id": "teenage-mutant-ninja-turtles",
        "title": "Teenage Mutant Ninja Turtles",
      },
      {
        "id": "the-revenge-of-shinobi",
        "title": "The Revenge of Shinobi",
      },
      {
        "id": "disco-elysium-the-final-cut",
        "title": "Disco Elysium: The Final Cut",
      },
      {
        "id": "fifa-soccer-2005",
        "title": "FIFA Soccer 2005",
      },
      {
        "id": "danganronpa-2-goodbye-despair",
        "title": "Danganronpa 2: Goodbye Despair",
      },
      {
        "id": "super-mario-bros",
        "title": "Super Mario Bros.",
      },
      {
        "id": "sherlock-holmes-chapter-one",
        "title": "Sherlock Holmes: Chapter One",
      },
      {
        "id": "jade-empire-special-edition",
        "title": "Jade Empire: Special Edition",
      },
      {
        "id": "fifa-soccer-2002-major-league-soccer",
        "title": "FIFA Soccer 2002: Major League Soccer",
      },
      {
        "id": "super-monkey-ball-2",
        "title": "Super Monkey Ball 2",
      },
      {
        "id": "double-dragon",
        "title": "Double Dragon",
      },
    ],
  },
  "2026-07-13": {
    "date": "2026-07-13",
    "groups": [
      {
        "conceptId": "yellow-racing-2020s",
        "gameIds": [
          "forza-motorsport",
          "grand-theft-auto-san-andreas-the-definitive-edition",
          "grand-theft-auto-iii-the-definitive-edition",
          "need-for-speed-hot-pursuit-remastered",
        ],
        "label": "2020s RACING GAMES",
        "tier": "yellow",
      },
      {
        "conceptId": "green-year-2004",
        "gameIds": [
          "halo-2",
          "half-life-2",
          "world-of-warcraft",
          "sly-2-band-of-thieves",
        ],
        "label": "RELEASED IN 2004",
        "tier": "green",
      },
      {
        "conceptId": "blue-tag-building",
        "gameIds": [
          "tom-clancys-ghost-recon-wildlands",
          "simcity",
          "call-of-duty-modern-warfare-2",
          "uncharted-drakes-fortune",
        ],
        "label": "GAMES WHERE YOU BUILD",
        "tier": "blue",
      },
      {
        "conceptId": "purple-one-word-verb",
        "gameIds": [
          "prey",
          "outlast",
          "dredge",
          "quake",
        ],
        "label": "ONE-WORD TITLES THAT ARE VERBS",
        "tier": "purple",
      },
    ],
    "tiles": [
      {
        "id": "call-of-duty-modern-warfare-2",
        "title": "Call of Duty: Modern Warfare 2",
      },
      {
        "id": "simcity",
        "title": "SimCity",
      },
      {
        "id": "tom-clancys-ghost-recon-wildlands",
        "title": "Tom Clancy's Ghost Recon: Wildlands",
      },
      {
        "id": "dredge",
        "title": "Dredge",
      },
      {
        "id": "need-for-speed-hot-pursuit-remastered",
        "title": "Need for Speed: Hot Pursuit - Remastered",
      },
      {
        "id": "half-life-2",
        "title": "Half-Life 2",
      },
      {
        "id": "outlast",
        "title": "Outlast",
      },
      {
        "id": "uncharted-drakes-fortune",
        "title": "Uncharted: Drake's Fortune",
      },
      {
        "id": "forza-motorsport",
        "title": "Forza Motorsport",
      },
      {
        "id": "grand-theft-auto-iii-the-definitive-edition",
        "title": "Grand Theft Auto III: The Definitive Edition",
      },
      {
        "id": "world-of-warcraft",
        "title": "World of Warcraft",
      },
      {
        "id": "grand-theft-auto-san-andreas-the-definitive-edition",
        "title": "Grand Theft Auto: San Andreas - The Definitive Edition",
      },
      {
        "id": "sly-2-band-of-thieves",
        "title": "Sly 2: Band of Thieves",
      },
      {
        "id": "quake",
        "title": "Quake",
      },
      {
        "id": "halo-2",
        "title": "Halo 2",
      },
      {
        "id": "prey",
        "title": "Prey",
      },
    ],
  },
  "2026-07-14": {
    "date": "2026-07-14",
    "groups": [
      {
        "conceptId": "yellow-strategy-2020s",
        "gameIds": [
          "buckshot-roulette",
          "pok-mon-scarlet",
          "pok-mon-brilliant-diamond",
          "legends-of-runeterra",
        ],
        "label": "2020s STRATEGY GAMES",
        "tier": "yellow",
      },
      {
        "conceptId": "green-exclusive-xbox",
        "gameIds": [
          "gears-of-war-3",
          "fable-ii",
          "ms-pac-man",
          "galaga",
        ],
        "label": "XBOX EXCLUSIVES",
        "tier": "green",
      },
      {
        "conceptId": "blue-tag-jrpg",
        "gameIds": [
          "final-fantasy-x",
          "breath-of-fire-iii",
          "chrono-trigger",
          "final-fantasy-vi",
        ],
        "label": "JRPGS",
        "tier": "blue",
      },
      {
        "conceptId": "purple-hides-tar",
        "gameIds": [
          "star-fox-adventures",
          "star-wars-battlefront-ii",
          "guitar-hero-world-tour",
          "phantasy-star-iv-the-end-of-the-millennium",
        ],
        "label": "TITLES HIDING 'TAR'",
        "tier": "purple",
      },
    ],
    "tiles": [
      {
        "id": "star-fox-adventures",
        "title": "Star Fox Adventures",
      },
      {
        "id": "final-fantasy-vi",
        "title": "Final Fantasy VI",
      },
      {
        "id": "guitar-hero-world-tour",
        "title": "Guitar Hero World Tour",
      },
      {
        "id": "gears-of-war-3",
        "title": "Gears of War 3",
      },
      {
        "id": "buckshot-roulette",
        "title": "Buckshot Roulette",
      },
      {
        "id": "ms-pac-man",
        "title": "Ms. Pac-Man",
      },
      {
        "id": "galaga",
        "title": "Galaga",
      },
      {
        "id": "pok-mon-scarlet",
        "title": "Pokémon Scarlet",
      },
      {
        "id": "star-wars-battlefront-ii",
        "title": "Star Wars: Battlefront II",
      },
      {
        "id": "chrono-trigger",
        "title": "Chrono Trigger",
      },
      {
        "id": "final-fantasy-x",
        "title": "Final Fantasy X",
      },
      {
        "id": "phantasy-star-iv-the-end-of-the-millennium",
        "title": "Phantasy Star IV: The End of the Millennium",
      },
      {
        "id": "legends-of-runeterra",
        "title": "Legends of Runeterra",
      },
      {
        "id": "breath-of-fire-iii",
        "title": "Breath of Fire III",
      },
      {
        "id": "fable-ii",
        "title": "Fable II",
      },
      {
        "id": "pok-mon-brilliant-diamond",
        "title": "Pokémon Brilliant Diamond",
      },
    ],
  },
}
`;
