// Vitest Snapshot v1, https://vitest.dev/guide/snapshot.html

exports[`box-set concept bank > bank composition snapshot (totals per tier) 1`] = `
{
  "blue": {
    "available": 29,
    "used": 36,
  },
  "green": {
    "available": 17,
    "used": 36,
  },
  "purple": {
    "available": 33,
    "used": 36,
  },
  "yellow": {
    "available": 57,
    "used": 36,
  },
}
`;
