// Vitest Snapshot v1, https://vitest.dev/guide/snapshot.html

exports[`box-set committed puzzles > committed puzzle data snapshot 1`] = `
{
  "2026-06-09": {
    "date": "2026-06-09",
    "groups": [
      {
        "conceptId": "yellow-fighting-2020s",
        "gameIds": [
          "tekken-8",
          "sifu",
          "my-hero-ultra-rumble",
          "party-animals",
        ],
        "label": "2020s FIGHTING GAMES",
        "tier": "yellow",
      },
      {
        "conceptId": "green-pegi-3",
        "gameIds": [
          "super-mario-bros",
          "ms-pac-man",
          "super-mario-land-2-6-golden-coins",
          "crash-bandicoot-2-cortex-strikes-back",
        ],
        "label": "RATED PEGI 3",
        "tier": "green",
      },
      {
        "conceptId": "blue-tag-war",
        "gameIds": [
          "halo-3-odst",
          "hogs-of-war",
          "call-of-duty-wwii",
          "resistance-2",
        ],
        "label": "GAMES SET AT WAR",
        "tier": "blue",
      },
      {
        "conceptId": "purple-contains-negation",
        "gameIds": [
          "i-have-no-mouth-and-i-must-scream",
          "ni-no-kuni-ii-revenant-kingdom",
          "the-operative-no-one-lives-forever",
          "diplomacy-is-not-an-option",
        ],
        "label": "TITLES SAYING NO",
        "tier": "purple",
      },
    ],
    "tiles": [
      {
        "id": "sifu",
        "title": "Sifu",
      },
      {
        "id": "ms-pac-man",
        "title": "Ms. Pac-Man",
      },
      {
        "id": "crash-bandicoot-2-cortex-strikes-back",
        "title": "Crash Bandicoot 2: Cortex Strikes Back",
      },
      {
        "id": "ni-no-kuni-ii-revenant-kingdom",
        "title": "Ni no Kuni II: Revenant Kingdom",
      },
      {
        "id": "super-mario-bros",
        "title": "Super Mario Bros.",
      },
      {
        "id": "super-mario-land-2-6-golden-coins",
        "title": "Super Mario Land 2: 6 Golden Coins",
      },
      {
        "id": "call-of-duty-wwii",
        "title": "Call of Duty: WWII",
      },
      {
        "id": "party-animals",
        "title": "Party Animals",
      },
      {
        "id": "diplomacy-is-not-an-option",
        "title": "Diplomacy is Not an Option",
      },
      {
        "id": "tekken-8",
        "title": "Tekken 8",
      },
      {
        "id": "halo-3-odst",
        "title": "Halo 3: ODST",
      },
      {
        "id": "i-have-no-mouth-and-i-must-scream",
        "title": "I Have No Mouth, and I Must Scream",
      },
      {
        "id": "resistance-2",
        "title": "Resistance 2",
      },
      {
        "id": "hogs-of-war",
        "title": "Hogs of War",
      },
      {
        "id": "the-operative-no-one-lives-forever",
        "title": "The Operative: No One Lives Forever",
      },
      {
        "id": "my-hero-ultra-rumble",
        "title": "My Hero Ultra Rumble",
      },
    ],
  },
  "2026-06-10": {
    "date": "2026-06-10",
    "groups": [
      {
        "conceptId": "yellow-roguelike-2020s",
        "gameIds": [
          "hades",
          "balatro",
          "returnal",
          "slay-the-spire-2",
        ],
        "label": "2020s ROGUELIKES",
        "tier": "yellow",
      },
      {
        "conceptId": "green-year-1999",
        "gameIds": [
          "driver",
          "half-life-opposing-force",
          "pharaoh",
          "unreal-tournament",
        ],
        "label": "RELEASED IN 1999",
        "tier": "green",
      },
      {
        "conceptId": "blue-tag-wrestling",
        "gameIds": [
          "wwe-smackdown-vs-raw-2007",
          "wwe-smackdown-here-comes-the-pain",
          "wwe-smackdown-vs-raw-2010",
          "wwf-smackdown",
        ],
        "label": "WRESTLING GAMES",
        "tier": "blue",
      },
      {
        "conceptId": "purple-contains-cold",
        "gameIds": [
          "ice-climber",
          "operation-flashpoint-cold-war-crisis",
          "cold-fear",
          "horizon-zero-dawn-the-frozen-wilds",
        ],
        "label": "COLD TITLES",
        "tier": "purple",
      },
    ],
    "tiles": [
      {
        "id": "half-life-opposing-force",
        "title": "Half-Life: Opposing Force",
      },
      {
        "id": "balatro",
        "title": "Balatro",
      },
      {
        "id": "driver",
        "title": "Driver",
      },
      {
        "id": "wwe-smackdown-here-comes-the-pain",
        "title": "WWE Smackdown! Here Comes the Pain",
      },
      {
        "id": "horizon-zero-dawn-the-frozen-wilds",
        "title": "Horizon Zero Dawn: The Frozen Wilds",
      },
      {
        "id": "wwf-smackdown",
        "title": "WWF SmackDown!",
      },
      {
        "id": "operation-flashpoint-cold-war-crisis",
        "title": "Operation Flashpoint: Cold War Crisis",
      },
      {
        "id": "cold-fear",
        "title": "Cold Fear",
      },
      {
        "id": "slay-the-spire-2",
        "title": "Slay the Spire 2",
      },
      {
        "id": "wwe-smackdown-vs-raw-2007",
        "title": "WWE SmackDown vs. Raw 2007",
      },
      {
        "id": "returnal",
        "title": "Returnal",
      },
      {
        "id": "unreal-tournament",
        "title": "Unreal Tournament",
      },
      {
        "id": "wwe-smackdown-vs-raw-2010",
        "title": "WWE SmackDown vs. Raw 2010",
      },
      {
        "id": "hades",
        "title": "Hades",
      },
      {
        "id": "pharaoh",
        "title": "Pharaoh",
      },
      {
        "id": "ice-climber",
        "title": "Ice Climber",
      },
    ],
  },
  "2026-06-11": {
    "date": "2026-06-11",
    "groups": [
      {
        "conceptId": "yellow-platform-2000s",
        "gameIds": [
          "lego-indiana-jones-the-original-adventures",
          "metal-slug-5",
          "littlebigplanet",
          "assassins-creed",
        ],
        "label": "2000s PLATFORMERS",
        "tier": "yellow",
      },
      {
        "conceptId": "green-year-2023",
        "gameIds": [
          "the-legend-of-zelda-tears-of-the-kingdom",
          "brotato",
          "dead-island-2",
          "lies-of-p",
        ],
        "label": "RELEASED IN 2023",
        "tier": "green",
      },
      {
        "conceptId": "blue-tag-time-travel",
        "gameIds": [
          "blood-omen-2-legacy-of-kain",
          "chrono-trigger",
          "the-forgotten-city",
          "zero-escape-zero-time-dilemma",
        ],
        "label": "TIME TRAVEL INVOLVED",
        "tier": "blue",
      },
      {
        "conceptId": "purple-title-with-ampersand",
        "gameIds": [
          "kane-lynch-2-dog-days",
          "mount-blade",
          "ratchet-and-clank",
          "warcraft-orcs-humans",
        ],
        "label": "TITLES WITH AN AMPERSAND",
        "tier": "purple",
      },
    ],
    "tiles": [
      {
        "id": "zero-escape-zero-time-dilemma",
        "title": "Zero Escape: Zero Time Dilemma",
      },
      {
        "id": "brotato",
        "title": "Brotato",
      },
      {
        "id": "metal-slug-5",
        "title": "Metal Slug 5",
      },
      {
        "id": "dead-island-2",
        "title": "Dead Island 2",
      },
      {
        "id": "kane-lynch-2-dog-days",
        "title": "Kane & Lynch 2: Dog Days",
      },
      {
        "id": "warcraft-orcs-humans",
        "title": "Warcraft: Orcs & Humans",
      },
      {
        "id": "mount-blade",
        "title": "Mount & Blade",
      },
      {
        "id": "blood-omen-2-legacy-of-kain",
        "title": "Blood Omen 2: Legacy of Kain",
      },
      {
        "id": "ratchet-and-clank",
        "title": "Ratchet & Clank",
      },
      {
        "id": "lies-of-p",
        "title": "Lies of P",
      },
      {
        "id": "assassins-creed",
        "title": "Assassin's Creed",
      },
      {
        "id": "the-legend-of-zelda-tears-of-the-kingdom",
        "title": "The Legend of Zelda: Tears of the Kingdom",
      },
      {
        "id": "littlebigplanet",
        "title": "LittleBigPlanet",
      },
      {
        "id": "chrono-trigger",
        "title": "Chrono Trigger",
      },
      {
        "id": "lego-indiana-jones-the-original-adventures",
        "title": "LEGO Indiana Jones: The Original Adventures",
      },
      {
        "id": "the-forgotten-city",
        "title": "The Forgotten City",
      },
    ],
  },
  "2026-06-12": {
    "date": "2026-06-12",
    "groups": [
      {
        "conceptId": "yellow-horror-2000s",
        "gameIds": [
          "resident-evil-4",
          "silent-hill-2",
          "condemned-criminal-origins",
          "left-4-dead",
        ],
        "label": "2000s HORROR GAMES",
        "tier": "yellow",
      },
      {
        "conceptId": "green-year-2006",
        "gameIds": [
          "half-life-2-episode-one",
          "gears-of-war",
          "tomb-raider-legend",
          "flatout-2",
        ],
        "label": "RELEASED IN 2006",
        "tier": "green",
      },
      {
        "conceptId": "blue-tag-dark-fantasy",
        "gameIds": [
          "mortal-shell",
          "black-desert",
          "dark-souls-iii",
          "drakengard",
        ],
        "label": "DARK FANTASY WORLDS",
        "tier": "blue",
      },
      {
        "conceptId": "purple-contains-emotion",
        "gameIds": [
          "the-revenge-of-shinobi",
          "star-wars-episode-iii-revenge-of-the-sith",
          "castlevania-ii-belmonts-revenge",
          "spyro-2-ripto-s-rage",
        ],
        "label": "TITLES WITH STRONG FEELINGS",
        "tier": "purple",
      },
    ],
    "tiles": [
      {
        "id": "mortal-shell",
        "title": "Mortal Shell",
      },
      {
        "id": "castlevania-ii-belmonts-revenge",
        "title": "Castlevania II: Belmont's Revenge",
      },
      {
        "id": "silent-hill-2",
        "title": "Silent Hill 2",
      },
      {
        "id": "condemned-criminal-origins",
        "title": "Condemned: Criminal Origins",
      },
      {
        "id": "black-desert",
        "title": "Black Desert",
      },
      {
        "id": "spyro-2-ripto-s-rage",
        "title": "Spyro 2: Ripto's Rage!",
      },
      {
        "id": "half-life-2-episode-one",
        "title": "Half-Life 2: Episode One",
      },
      {
        "id": "the-revenge-of-shinobi",
        "title": "The Revenge of Shinobi",
      },
      {
        "id": "flatout-2",
        "title": "FlatOut 2",
      },
      {
        "id": "star-wars-episode-iii-revenge-of-the-sith",
        "title": "Star Wars: Episode III - Revenge of the Sith",
      },
      {
        "id": "left-4-dead",
        "title": "Left 4 Dead",
      },
      {
        "id": "gears-of-war",
        "title": "Gears of War",
      },
      {
        "id": "resident-evil-4",
        "title": "Resident Evil 4",
      },
      {
        "id": "drakengard",
        "title": "Drakengard",
      },
      {
        "id": "dark-souls-iii",
        "title": "Dark Souls III",
      },
      {
        "id": "tomb-raider-legend",
        "title": "Tomb Raider: Legend",
      },
    ],
  },
  "2026-06-13": {
    "date": "2026-06-13",
    "groups": [
      {
        "conceptId": "yellow-action-2020s",
        "gameIds": [
          "teenage-mutant-ninja-turtles-shredders-revenge",
          "star-wars-jedi-survivor",
          "cult-of-the-lamb",
          "diablo-iv",
        ],
        "label": "2020s ACTION GAMES",
        "tier": "yellow",
      },
      {
        "conceptId": "green-year-2018",
        "gameIds": [
          "the-forest",
          "frostpunk",
          "marvel-s-spider-man",
          "pok-mon-lets-go-pikachu",
        ],
        "label": "RELEASED IN 2018",
        "tier": "green",
      },
      {
        "conceptId": "blue-tag-boss-fight",
        "gameIds": [
          "killer7",
          "medievil-ii",
          "lara-croft-and-the-guardian-of-light",
          "crisis-core-final-fantasy-vii-reunion",
        ],
        "label": "BIG BOSS FIGHTS",
        "tier": "blue",
      },
      {
        "conceptId": "purple-contains-journey",
        "gameIds": [
          "cat-quest",
          "flashback-the-quest-for-identity",
          "dragon-quest-ix-sentinels-of-the-starry-skies",
          "dreamfall-the-longest-journey",
        ],
        "label": "TITLES ABOUT A JOURNEY",
        "tier": "purple",
      },
    ],
    "tiles": [
      {
        "id": "medievil-ii",
        "title": "MediEvil II",
      },
      {
        "id": "cat-quest",
        "title": "Cat Quest",
      },
      {
        "id": "frostpunk",
        "title": "Frostpunk",
      },
      {
        "id": "the-forest",
        "title": "The Forest",
      },
      {
        "id": "marvel-s-spider-man",
        "title": "Marvel's Spider-Man",
      },
      {
        "id": "flashback-the-quest-for-identity",
        "title": "Flashback: The Quest for Identity",
      },
      {
        "id": "killer7",
        "title": "Killer7",
      },
      {
        "id": "cult-of-the-lamb",
        "title": "Cult of the Lamb",
      },
      {
        "id": "crisis-core-final-fantasy-vii-reunion",
        "title": "Crisis Core: Final Fantasy VII - Reunion",
      },
      {
        "id": "dreamfall-the-longest-journey",
        "title": "Dreamfall: The Longest Journey",
      },
      {
        "id": "lara-croft-and-the-guardian-of-light",
        "title": "Lara Croft and the Guardian of Light",
      },
      {
        "id": "star-wars-jedi-survivor",
        "title": "Star Wars Jedi: Survivor",
      },
      {
        "id": "teenage-mutant-ninja-turtles-shredders-revenge",
        "title": "Teenage Mutant Ninja Turtles: Shredder's Revenge",
      },
      {
        "id": "pok-mon-lets-go-pikachu",
        "title": "Pokémon: Let's Go, Pikachu!",
      },
      {
        "id": "dragon-quest-ix-sentinels-of-the-starry-skies",
        "title": "Dragon Quest IX: Sentinels of the Starry Skies",
      },
      {
        "id": "diablo-iv",
        "title": "Diablo IV",
      },
    ],
  },
  "2026-06-14": {
    "date": "2026-06-14",
    "groups": [
      {
        "conceptId": "yellow-arcade-2020s",
        "gameIds": [
          "cuphead-the-delicious-last-course",
          "crab-game",
          "hot-wheels-unleashed",
          "streets-of-rage-4",
        ],
        "label": "2020s ARCADE GAMES",
        "tier": "yellow",
      },
      {
        "conceptId": "green-year-1997",
        "gameIds": [
          "age-of-empires",
          "final-fantasy-tactics",
          "mortal-kombat-4",
          "gran-turismo",
        ],
        "label": "RELEASED IN 1997",
        "tier": "green",
      },
      {
        "conceptId": "blue-tag-crafting",
        "gameIds": [
          "far-cry-5",
          "diablo-iii",
          "the-witcher-2-assassins-of-kings",
          "far-cry-primal",
        ],
        "label": "GAMES WHERE YOU CRAFT",
        "tier": "blue",
      },
      {
        "conceptId": "purple-contains-us-place",
        "gameIds": [
          "american-chopper",
          "alan-wakes-american-nightmare",
          "tom-clancys-rainbow-six-vegas",
          "california-games",
        ],
        "label": "TITLES CONTAINING AN AMERICAN PLACE",
        "tier": "purple",
      },
    ],
    "tiles": [
      {
        "id": "crab-game",
        "title": "Crab Game",
      },
      {
        "id": "gran-turismo",
        "title": "Gran Turismo",
      },
      {
        "id": "tom-clancys-rainbow-six-vegas",
        "title": "Tom Clancy's Rainbow Six: Vegas",
      },
      {
        "id": "streets-of-rage-4",
        "title": "Streets of Rage 4",
      },
      {
        "id": "california-games",
        "title": "California Games",
      },
      {
        "id": "far-cry-primal",
        "title": "Far Cry: Primal",
      },
      {
        "id": "diablo-iii",
        "title": "Diablo III",
      },
      {
        "id": "final-fantasy-tactics",
        "title": "Final Fantasy Tactics",
      },
      {
        "id": "cuphead-the-delicious-last-course",
        "title": "Cuphead: The Delicious Last Course",
      },
      {
        "id": "hot-wheels-unleashed",
        "title": "Hot Wheels Unleashed",
      },
      {
        "id": "the-witcher-2-assassins-of-kings",
        "title": "The Witcher 2: Assassins of Kings",
      },
      {
        "id": "mortal-kombat-4",
        "title": "Mortal Kombat 4",
      },
      {
        "id": "age-of-empires",
        "title": "Age of Empires",
      },
      {
        "id": "alan-wakes-american-nightmare",
        "title": "Alan Wake's American Nightmare",
      },
      {
        "id": "far-cry-5",
        "title": "Far Cry 5",
      },
      {
        "id": "american-chopper",
        "title": "American Chopper",
      },
    ],
  },
  "2026-06-15": {
    "date": "2026-06-15",
    "groups": [
      {
        "conceptId": "yellow-horror-1990s",
        "gameIds": [
          "silent-hill",
          "system-shock-2",
          "alone-in-the-dark",
          "resident-evil-1996",
        ],
        "label": "1990s HORROR GAMES",
        "tier": "yellow",
      },
      {
        "conceptId": "green-console-3ds",
        "gameIds": [
          "donkey-kong-country-3-dixie-kongs-double-trouble",
          "the-legend-of-zelda-ocarina-of-time-3d",
          "donkey-kong",
          "kirbys-dream-land",
        ],
        "label": "PLAYABLE ON THE 3DS",
        "tier": "green",
      },
      {
        "conceptId": "blue-tag-underwater",
        "gameIds": [
          "maneater",
          "iron-lung",
          "horizon-forbidden-west",
          "soma",
        ],
        "label": "SET UNDERWATER",
        "tier": "blue",
      },
      {
        "conceptId": "purple-contains-magic",
        "gameIds": [
          "dark-messiah-of-might-and-magic",
          "simon-the-sorcerer",
          "heroes-of-might-and-magic-iii-the-restoration-of-erathia",
          "heroes-of-might-and-magic-iii-the-shadow-of-death",
        ],
        "label": "MAGICAL TITLES",
        "tier": "purple",
      },
    ],
    "tiles": [
      {
        "id": "soma",
        "title": "SOMA",
      },
      {
        "id": "heroes-of-might-and-magic-iii-the-shadow-of-death",
        "title": "Heroes of Might and Magic III: The Shadow of Death",
      },
      {
        "id": "the-legend-of-zelda-ocarina-of-time-3d",
        "title": "The Legend of Zelda: Ocarina of Time 3D",
      },
      {
        "id": "maneater",
        "title": "Maneater",
      },
      {
        "id": "kirbys-dream-land",
        "title": "Kirby's Dream Land",
      },
      {
        "id": "alone-in-the-dark",
        "title": "Alone in the Dark",
      },
      {
        "id": "simon-the-sorcerer",
        "title": "Simon the Sorcerer",
      },
      {
        "id": "system-shock-2",
        "title": "System Shock 2",
      },
      {
        "id": "resident-evil-1996",
        "title": "Resident Evil",
      },
      {
        "id": "dark-messiah-of-might-and-magic",
        "title": "Dark Messiah of Might and Magic",
      },
      {
        "id": "silent-hill",
        "title": "Silent Hill",
      },
      {
        "id": "iron-lung",
        "title": "Iron Lung",
      },
      {
        "id": "donkey-kong-country-3-dixie-kongs-double-trouble",
        "title": "Donkey Kong Country 3: Dixie Kong's Double Trouble!",
      },
      {
        "id": "donkey-kong",
        "title": "Donkey Kong",
      },
      {
        "id": "horizon-forbidden-west",
        "title": "Horizon Forbidden West",
      },
      {
        "id": "heroes-of-might-and-magic-iii-the-restoration-of-erathia",
        "title": "Heroes of Might and Magic III: The Restoration of Erathia",
      },
    ],
  },
  "2026-06-16": {
    "date": "2026-06-16",
    "groups": [
      {
        "conceptId": "yellow-adventure-1980s",
        "gameIds": [
          "double-dragon",
          "alex-kidd-in-miracle-world",
          "balloon-fight",
          "pitfall",
        ],
        "label": "1980s ADVENTURE GAMES",
        "tier": "yellow",
      },
      {
        "conceptId": "green-console-gameboy",
        "gameIds": [
          "pok-mon-trading-card-game",
          "final-fantasy-tactics-advance",
          "super-mario-land",
          "desert-strike-return-to-the-gulf",
        ],
        "label": "PLAYABLE ON THE GAME BOY",
        "tier": "green",
      },
      {
        "conceptId": "blue-tag-racing",
        "gameIds": [
          "forza-horizon-4",
          "saints-row-the-third",
          "grand-theft-auto-iv-the-ballad-of-gay-tony",
          "my-summer-car",
        ],
        "label": "GAMES ABOUT GOING FAST",
        "tier": "blue",
      },
      {
        "conceptId": "purple-hides-star",
        "gameIds": [
          "starbound",
          "starcraft-ii-wings-of-liberty",
          "super-mario-all-stars",
          "starcraft-brood-war",
        ],
        "label": "TITLES HIDING 'STAR'",
        "tier": "purple",
      },
    ],
    "tiles": [
      {
        "id": "starcraft-ii-wings-of-liberty",
        "title": "StarCraft II: Wings of Liberty",
      },
      {
        "id": "balloon-fight",
        "title": "Balloon Fight",
      },
      {
        "id": "final-fantasy-tactics-advance",
        "title": "Final Fantasy Tactics Advance",
      },
      {
        "id": "starbound",
        "title": "Starbound",
      },
      {
        "id": "my-summer-car",
        "title": "My Summer Car",
      },
      {
        "id": "super-mario-all-stars",
        "title": "Super Mario All-Stars",
      },
      {
        "id": "starcraft-brood-war",
        "title": "StarCraft: Brood War",
      },
      {
        "id": "super-mario-land",
        "title": "Super Mario Land",
      },
      {
        "id": "alex-kidd-in-miracle-world",
        "title": "Alex Kidd in Miracle World",
      },
      {
        "id": "desert-strike-return-to-the-gulf",
        "title": "Desert Strike: Return to the Gulf",
      },
      {
        "id": "saints-row-the-third",
        "title": "Saints Row: The Third",
      },
      {
        "id": "pitfall",
        "title": "Pitfall!",
      },
      {
        "id": "grand-theft-auto-iv-the-ballad-of-gay-tony",
        "title": "Grand Theft Auto IV: The Ballad of Gay Tony",
      },
      {
        "id": "double-dragon",
        "title": "Double Dragon",
      },
      {
        "id": "forza-horizon-4",
        "title": "Forza Horizon 4",
      },
      {
        "id": "pok-mon-trading-card-game",
        "title": "Pokémon Trading Card Game",
      },
    ],
  },
  "2026-06-17": {
    "date": "2026-06-17",
    "groups": [
      {
        "conceptId": "yellow-genre-racing",
        "gameIds": [
          "just-cause-2",
          "twisted-metal-2",
          "saints-row-2",
          "the-need-for-speed",
        ],
        "label": "RACING GAMES",
        "tier": "yellow",
      },
      {
        "conceptId": "green-year-2021",
        "gameIds": [
          "valheim",
          "subnautica-below-zero",
          "nier-replicant-ver-1-22474487139",
          "it-takes-two",
        ],
        "label": "RELEASED IN 2021",
        "tier": "green",
      },
      {
        "conceptId": "blue-tag-cooking",
        "gameIds": [
          "aquaria",
          "overcooked-2",
          "overcooked",
          "tales-of-the-abyss",
        ],
        "label": "GAMES WHERE YOU COOK",
        "tier": "blue",
      },
      {
        "conceptId": "purple-hides-king",
        "gameIds": [
          "kingdoms-of-amalur-reckoning",
          "the-walking-dead-a-new-frontier",
          "kingdom-hearts-re-coded",
          "kingdom-come-deliverance-ii",
        ],
        "label": "TITLES HIDING 'KING'",
        "tier": "purple",
      },
    ],
    "tiles": [
      {
        "id": "valheim",
        "title": "Valheim",
      },
      {
        "id": "the-walking-dead-a-new-frontier",
        "title": "The Walking Dead: A New Frontier",
      },
      {
        "id": "it-takes-two",
        "title": "It Takes Two",
      },
      {
        "id": "tales-of-the-abyss",
        "title": "Tales of the Abyss",
      },
      {
        "id": "overcooked",
        "title": "Overcooked!",
      },
      {
        "id": "nier-replicant-ver-1-22474487139",
        "title": "NieR Replicant ver.1.22474487139...",
      },
      {
        "id": "kingdom-come-deliverance-ii",
        "title": "Kingdom Come: Deliverance II",
      },
      {
        "id": "aquaria",
        "title": "Aquaria",
      },
      {
        "id": "just-cause-2",
        "title": "Just Cause 2",
      },
      {
        "id": "the-need-for-speed",
        "title": "The Need for Speed",
      },
      {
        "id": "kingdom-hearts-re-coded",
        "title": "Kingdom Hearts Re:coded",
      },
      {
        "id": "twisted-metal-2",
        "title": "Twisted Metal 2",
      },
      {
        "id": "subnautica-below-zero",
        "title": "Subnautica: Below Zero",
      },
      {
        "id": "kingdoms-of-amalur-reckoning",
        "title": "Kingdoms of Amalur: Reckoning",
      },
      {
        "id": "saints-row-2",
        "title": "Saints Row 2",
      },
      {
        "id": "overcooked-2",
        "title": "Overcooked! 2",
      },
    ],
  },
  "2026-06-18": {
    "date": "2026-06-18",
    "groups": [
      {
        "conceptId": "yellow-simulator-2010s",
        "gameIds": [
          "forager",
          "getting-over-it-with-bennett-foddy",
          "huniepop",
          "state-of-decay",
        ],
        "label": "2010s SIMULATORS",
        "tier": "yellow",
      },
      {
        "conceptId": "green-year-2011",
        "gameIds": [
          "dirt-3",
          "battlefield-3",
          "payday-the-heist",
          "bastion",
        ],
        "label": "RELEASED IN 2011",
        "tier": "green",
      },
      {
        "conceptId": "blue-tag-sci-fi",
        "gameIds": [
          "battlefield-2142",
          "zerospace",
          "quake-4",
          "scarlet-nexus",
        ],
        "label": "SCIENCE FICTION",
        "tier": "blue",
      },
      {
        "conceptId": "purple-hides-hero",
        "gameIds": [
          "heroes-of-might-and-magic-iv",
          "marvel-super-heroes-vs-street-fighter",
          "marvel-vs-capcom-clash-of-super-heroes",
          "heroes-of-might-and-magic-v-hammers-of-fate",
        ],
        "label": "TITLES HIDING 'HERO'",
        "tier": "purple",
      },
    ],
    "tiles": [
      {
        "id": "marvel-vs-capcom-clash-of-super-heroes",
        "title": "Marvel vs. Capcom: Clash of Super Heroes",
      },
      {
        "id": "heroes-of-might-and-magic-iv",
        "title": "Heroes of Might and Magic IV",
      },
      {
        "id": "forager",
        "title": "Forager",
      },
      {
        "id": "bastion",
        "title": "Bastion",
      },
      {
        "id": "battlefield-3",
        "title": "Battlefield 3",
      },
      {
        "id": "getting-over-it-with-bennett-foddy",
        "title": "Getting Over It with Bennett Foddy",
      },
      {
        "id": "scarlet-nexus",
        "title": "Scarlet Nexus",
      },
      {
        "id": "quake-4",
        "title": "Quake 4",
      },
      {
        "id": "payday-the-heist",
        "title": "Payday: The Heist",
      },
      {
        "id": "zerospace",
        "title": "ZeroSpace",
      },
      {
        "id": "dirt-3",
        "title": "Dirt 3",
      },
      {
        "id": "state-of-decay",
        "title": "State of Decay",
      },
      {
        "id": "heroes-of-might-and-magic-v-hammers-of-fate",
        "title": "Heroes of Might and Magic V: Hammers of Fate",
      },
      {
        "id": "battlefield-2142",
        "title": "Battlefield 2142",
      },
      {
        "id": "marvel-super-heroes-vs-street-fighter",
        "title": "Marvel Super Heroes vs. Street Fighter",
      },
      {
        "id": "huniepop",
        "title": "HuniePop",
      },
    ],
  },
  "2026-06-19": {
    "date": "2026-06-19",
    "groups": [
      {
        "conceptId": "yellow-arcade-1980s",
        "gameIds": [
          "teenage-mutant-ninja-turtles",
          "street-fighter",
          "ninja-gaiden",
          "q-bert",
        ],
        "label": "1980s ARCADE GAMES",
        "tier": "yellow",
      },
      {
        "conceptId": "green-ps5-early",
        "gameIds": [
          "alan-wake-remastered",
          "forza-horizon-5",
          "marvels-avengers",
          "twelve-minutes",
        ],
        "label": "EARLY PS5 GAMES (2020-21)",
        "tier": "green",
      },
      {
        "conceptId": "blue-tag-survival-horror",
        "gameIds": [
          "obscure-the-aftermath",
          "silent-hill-3",
          "the-last-of-us",
          "the-thing",
        ],
        "label": "SURVIVAL HORROR",
        "tier": "blue",
      },
      {
        "conceptId": "purple-hides-port",
        "gameIds": [
          "wii-sports",
          "persona-3-portable",
          "my-time-at-portia",
          "transport-tycoon-deluxe",
        ],
        "label": "TITLES HIDING 'PORT'",
        "tier": "purple",
      },
    ],
    "tiles": [
      {
        "id": "persona-3-portable",
        "title": "Persona 3 Portable",
      },
      {
        "id": "twelve-minutes",
        "title": "Twelve Minutes",
      },
      {
        "id": "ninja-gaiden",
        "title": "Ninja Gaiden",
      },
      {
        "id": "forza-horizon-5",
        "title": "Forza Horizon 5",
      },
      {
        "id": "the-thing",
        "title": "The Thing",
      },
      {
        "id": "wii-sports",
        "title": "Wii Sports",
      },
      {
        "id": "obscure-the-aftermath",
        "title": "ObsCure: The Aftermath",
      },
      {
        "id": "street-fighter",
        "title": "Street Fighter",
      },
      {
        "id": "my-time-at-portia",
        "title": "My Time at Portia",
      },
      {
        "id": "alan-wake-remastered",
        "title": "Alan Wake Remastered",
      },
      {
        "id": "teenage-mutant-ninja-turtles",
        "title": "Teenage Mutant Ninja Turtles",
      },
      {
        "id": "silent-hill-3",
        "title": "Silent Hill 3",
      },
      {
        "id": "transport-tycoon-deluxe",
        "title": "Transport Tycoon Deluxe",
      },
      {
        "id": "marvels-avengers",
        "title": "Marvel's Avengers",
      },
      {
        "id": "the-last-of-us",
        "title": "The Last of Us",
      },
      {
        "id": "q-bert",
        "title": "Q*bert",
      },
    ],
  },
  "2026-06-20": {
    "date": "2026-06-20",
    "groups": [
      {
        "conceptId": "yellow-genre-music",
        "gameIds": [
          "br-tal-legend",
          "super-hexagon",
          "jet-set-radio-future",
          "mario-paint",
        ],
        "label": "MUSIC GAMES",
        "tier": "yellow",
      },
      {
        "conceptId": "green-year-2004",
        "gameIds": [
          "medal-of-honor-pacific-assault",
          "the-legend-of-zelda-the-minish-cap",
          "half-life-2",
          "crash-twinsanity",
        ],
        "label": "RELEASED IN 2004",
        "tier": "green",
      },
      {
        "conceptId": "blue-tag-martial-arts",
        "gameIds": [
          "resident-evil-5",
          "dragon-ball-z-ultimate-battle-22",
          "shinobi-iii-return-of-the-ninja-master",
          "sleeping-dogs",
        ],
        "label": "MARTIAL ARTS GAMES",
        "tier": "blue",
      },
      {
        "conceptId": "purple-contains-weapon",
        "gameIds": [
          "blade-runner",
          "shadow-tactics-blades-of-the-shogun",
          "metal-gear-solid-4-guns-of-the-patriots",
          "golden-axe-ii",
        ],
        "label": "TITLES CONTAINING A WEAPON",
        "tier": "purple",
      },
    ],
    "tiles": [
      {
        "id": "resident-evil-5",
        "title": "Resident Evil 5",
      },
      {
        "id": "super-hexagon",
        "title": "Super Hexagon",
      },
      {
        "id": "the-legend-of-zelda-the-minish-cap",
        "title": "The Legend of Zelda: The Minish Cap",
      },
      {
        "id": "dragon-ball-z-ultimate-battle-22",
        "title": "Dragon Ball Z: Ultimate Battle 22",
      },
      {
        "id": "golden-axe-ii",
        "title": "Golden Axe II",
      },
      {
        "id": "crash-twinsanity",
        "title": "Crash Twinsanity",
      },
      {
        "id": "half-life-2",
        "title": "Half-Life 2",
      },
      {
        "id": "sleeping-dogs",
        "title": "Sleeping Dogs",
      },
      {
        "id": "metal-gear-solid-4-guns-of-the-patriots",
        "title": "Metal Gear Solid 4: Guns of the Patriots",
      },
      {
        "id": "shadow-tactics-blades-of-the-shogun",
        "title": "Shadow Tactics: Blades of the Shogun",
      },
      {
        "id": "medal-of-honor-pacific-assault",
        "title": "Medal of Honor: Pacific Assault",
      },
      {
        "id": "mario-paint",
        "title": "Mario Paint",
      },
      {
        "id": "br-tal-legend",
        "title": "Brütal Legend",
      },
      {
        "id": "shinobi-iii-return-of-the-ninja-master",
        "title": "Shinobi III: Return of the Ninja Master",
      },
      {
        "id": "jet-set-radio-future",
        "title": "Jet Set Radio Future",
      },
      {
        "id": "blade-runner",
        "title": "Blade Runner",
      },
    ],
  },
  "2026-06-21": {
    "date": "2026-06-21",
    "groups": [
      {
        "conceptId": "yellow-racing-2020s",
        "gameIds": [
          "need-for-speed-unbound",
          "gran-turismo-7",
          "snowrunner",
          "forza-motorsport",
        ],
        "label": "2020s RACING GAMES",
        "tier": "yellow",
      },
      {
        "conceptId": "green-year-2009",
        "gameIds": [
          "empire-total-war",
          "infamous",
          "wii-sports-resort",
          "the-legend-of-zelda-spirit-tracks",
        ],
        "label": "RELEASED IN 2009",
        "tier": "green",
      },
      {
        "conceptId": "blue-curated-controversial-sequel",
        "gameIds": [
          "fallout-76",
          "duke-nukem-forever",
          "the-last-of-us-part-ii",
          "dmc-devil-may-cry",
        ],
        "label": "SEQUELS THAT SPLIT THE FANBASE",
        "tier": "blue",
      },
      {
        "conceptId": "purple-contains-profession",
        "gameIds": [
          "arc-raiders",
          "assassins-creed-iv-black-flag",
          "hollow-knight-silksong",
          "gabriel-knight-sins-of-the-fathers",
        ],
        "label": "TITLES CONTAINING A JOB",
        "tier": "purple",
      },
    ],
    "tiles": [
      {
        "id": "infamous",
        "title": "inFamous",
      },
      {
        "id": "fallout-76",
        "title": "Fallout 76",
      },
      {
        "id": "gran-turismo-7",
        "title": "Gran Turismo 7",
      },
      {
        "id": "need-for-speed-unbound",
        "title": "Need for Speed: Unbound",
      },
      {
        "id": "snowrunner",
        "title": "SnowRunner",
      },
      {
        "id": "forza-motorsport",
        "title": "Forza Motorsport",
      },
      {
        "id": "dmc-devil-may-cry",
        "title": "DmC: Devil May Cry",
      },
      {
        "id": "the-last-of-us-part-ii",
        "title": "The Last of Us Part II",
      },
      {
        "id": "empire-total-war",
        "title": "Empire: Total War",
      },
      {
        "id": "arc-raiders",
        "title": "ARC Raiders",
      },
      {
        "id": "assassins-creed-iv-black-flag",
        "title": "Assassin's Creed IV: Black Flag",
      },
      {
        "id": "gabriel-knight-sins-of-the-fathers",
        "title": "Gabriel Knight: Sins of the Fathers",
      },
      {
        "id": "the-legend-of-zelda-spirit-tracks",
        "title": "The Legend of Zelda: Spirit Tracks",
      },
      {
        "id": "wii-sports-resort",
        "title": "Wii Sports Resort",
      },
      {
        "id": "hollow-knight-silksong",
        "title": "Hollow Knight: Silksong",
      },
      {
        "id": "duke-nukem-forever",
        "title": "Duke Nukem Forever",
      },
    ],
  },
  "2026-06-22": {
    "date": "2026-06-22",
    "groups": [
      {
        "conceptId": "yellow-simulator-2020s",
        "gameIds": [
          "squad",
          "schedule-i",
          "immortality",
          "the-stanley-parable-ultra-deluxe",
        ],
        "label": "2020s SIMULATORS",
        "tier": "yellow",
      },
      {
        "conceptId": "green-console-gamecube",
        "gameIds": [
          "resident-evil-3-nemesis",
          "spider-man-2",
          "crash-bandicoot-the-wrath-of-cortex",
          "need-for-speed-hot-pursuit-2",
        ],
        "label": "PLAYABLE ON THE GAMECUBE",
        "tier": "green",
      },
      {
        "conceptId": "blue-tag-cyberpunk",
        "gameIds": [
          "astral-chain",
          "remember-me",
          "system-shock",
          "oni",
        ],
        "label": "CYBERPUNK WORLDS",
        "tier": "blue",
      },
      {
        "conceptId": "purple-roman-numeral",
        "gameIds": [
          "quake-iii-arena",
          "zelda-ii-the-adventure-of-link",
          "the-elder-scrolls-iv-oblivion",
          "final-fantasy-ii",
        ],
        "label": "ROMAN NUMERALS",
        "tier": "purple",
      },
    ],
    "tiles": [
      {
        "id": "need-for-speed-hot-pursuit-2",
        "title": "Need for Speed: Hot Pursuit 2",
      },
      {
        "id": "quake-iii-arena",
        "title": "Quake III Arena",
      },
      {
        "id": "system-shock",
        "title": "System Shock",
      },
      {
        "id": "crash-bandicoot-the-wrath-of-cortex",
        "title": "Crash Bandicoot: The Wrath of Cortex",
      },
      {
        "id": "immortality",
        "title": "Immortality",
      },
      {
        "id": "the-stanley-parable-ultra-deluxe",
        "title": "The Stanley Parable: Ultra Deluxe",
      },
      {
        "id": "remember-me",
        "title": "Remember Me",
      },
      {
        "id": "resident-evil-3-nemesis",
        "title": "Resident Evil 3: Nemesis",
      },
      {
        "id": "oni",
        "title": "Oni",
      },
      {
        "id": "squad",
        "title": "Squad",
      },
      {
        "id": "schedule-i",
        "title": "Schedule I",
      },
      {
        "id": "spider-man-2",
        "title": "Spider-Man 2",
      },
      {
        "id": "the-elder-scrolls-iv-oblivion",
        "title": "The Elder Scrolls IV: Oblivion",
      },
      {
        "id": "zelda-ii-the-adventure-of-link",
        "title": "Zelda II: The Adventure of Link",
      },
      {
        "id": "final-fantasy-ii",
        "title": "Final Fantasy II",
      },
      {
        "id": "astral-chain",
        "title": "Astral Chain",
      },
    ],
  },
  "2026-06-23": {
    "date": "2026-06-23",
    "groups": [
      {
        "conceptId": "yellow-genre-indie",
        "gameIds": [
          "fall-guys",
          "the-binding-of-isaac-rebirth",
          "castle-crashers",
          "hytale",
        ],
        "label": "INDIE GAMES",
        "tier": "yellow",
      },
      {
        "conceptId": "green-year-2010",
        "gameIds": [
          "xenoblade-chronicles",
          "battlefield-bad-company-2",
          "assassins-creed-brotherhood",
          "darksiders",
        ],
        "label": "RELEASED IN 2010",
        "tier": "green",
      },
      {
        "conceptId": "blue-tag-dinosaurs",
        "gameIds": [
          "jurassic-park-the-game",
          "super-mario-world-2-yoshis-island",
          "spore",
          "guild-wars-factions",
        ],
        "label": "DINOSAURS INVOLVED",
        "tier": "blue",
      },
      {
        "conceptId": "purple-contains-space",
        "gameIds": [
          "star-fox-64",
          "star-wars-knights-of-the-old-republic",
          "star-wars-tie-fighter",
          "space-invaders",
        ],
        "label": "TITLES IN SPACE",
        "tier": "purple",
      },
    ],
    "tiles": [
      {
        "id": "jurassic-park-the-game",
        "title": "Jurassic Park: The Game",
      },
      {
        "id": "xenoblade-chronicles",
        "title": "Xenoblade Chronicles",
      },
      {
        "id": "star-wars-knights-of-the-old-republic",
        "title": "Star Wars: Knights of the Old Republic",
      },
      {
        "id": "hytale",
        "title": "Hytale",
      },
      {
        "id": "star-fox-64",
        "title": "Star Fox 64",
      },
      {
        "id": "battlefield-bad-company-2",
        "title": "Battlefield: Bad Company 2",
      },
      {
        "id": "fall-guys",
        "title": "Fall Guys",
      },
      {
        "id": "star-wars-tie-fighter",
        "title": "Star Wars: TIE Fighter",
      },
      {
        "id": "spore",
        "title": "Spore",
      },
      {
        "id": "assassins-creed-brotherhood",
        "title": "Assassin's Creed Brotherhood",
      },
      {
        "id": "darksiders",
        "title": "Darksiders",
      },
      {
        "id": "guild-wars-factions",
        "title": "Guild Wars: Factions",
      },
      {
        "id": "the-binding-of-isaac-rebirth",
        "title": "The Binding of Isaac: Rebirth",
      },
      {
        "id": "super-mario-world-2-yoshis-island",
        "title": "Super Mario World 2: Yoshi's Island",
      },
      {
        "id": "castle-crashers",
        "title": "Castle Crashers",
      },
      {
        "id": "space-invaders",
        "title": "Space Invaders",
      },
    ],
  },
  "2026-06-24": {
    "date": "2026-06-24",
    "groups": [
      {
        "conceptId": "yellow-horror-2020s",
        "gameIds": [
          "escape-the-backrooms",
          "resident-evil-village",
          "7-days-to-die",
          "resident-evil-3",
        ],
        "label": "2020s HORROR GAMES",
        "tier": "yellow",
      },
      {
        "conceptId": "green-year-2002",
        "gameIds": [
          "mega-man-zero",
          "unreal-tournament-2003",
          "grand-theft-auto-vice-city",
          "warcraft-iii-reign-of-chaos",
        ],
        "label": "RELEASED IN 2002",
        "tier": "green",
      },
      {
        "conceptId": "blue-tag-detective",
        "gameIds": [
          "turnip-boy-commits-tax-evasion",
          "alan-wake-ii",
          "murdered-soul-suspect",
          "the-vanishing-of-ethan-carter",
        ],
        "label": "GAMES WHERE YOU INVESTIGATE",
        "tier": "blue",
      },
      {
        "conceptId": "purple-hides-fire",
        "gameIds": [
          "pok-mon-firered-version",
          "firewatch",
          "armored-core-vi-fires-of-rubicon",
          "command-conquer-tiberian-sun-firestorm",
        ],
        "label": "TITLES HIDING 'FIRE'",
        "tier": "purple",
      },
    ],
    "tiles": [
      {
        "id": "7-days-to-die",
        "title": "7 Days to Die",
      },
      {
        "id": "murdered-soul-suspect",
        "title": "Murdered: Soul Suspect",
      },
      {
        "id": "firewatch",
        "title": "Firewatch",
      },
      {
        "id": "command-conquer-tiberian-sun-firestorm",
        "title": "Command & Conquer: Tiberian Sun - Firestorm",
      },
      {
        "id": "resident-evil-3",
        "title": "Resident Evil 3",
      },
      {
        "id": "escape-the-backrooms",
        "title": "Escape the Backrooms",
      },
      {
        "id": "turnip-boy-commits-tax-evasion",
        "title": "Turnip Boy Commits Tax Evasion",
      },
      {
        "id": "unreal-tournament-2003",
        "title": "Unreal Tournament 2003",
      },
      {
        "id": "mega-man-zero",
        "title": "Mega Man Zero",
      },
      {
        "id": "pok-mon-firered-version",
        "title": "Pokémon FireRed Version",
      },
      {
        "id": "the-vanishing-of-ethan-carter",
        "title": "The Vanishing of Ethan Carter",
      },
      {
        "id": "resident-evil-village",
        "title": "Resident Evil Village",
      },
      {
        "id": "armored-core-vi-fires-of-rubicon",
        "title": "Armored Core VI: Fires of Rubicon",
      },
      {
        "id": "alan-wake-ii",
        "title": "Alan Wake II",
      },
      {
        "id": "warcraft-iii-reign-of-chaos",
        "title": "Warcraft III: Reign of Chaos",
      },
      {
        "id": "grand-theft-auto-vice-city",
        "title": "Grand Theft Auto: Vice City",
      },
    ],
  },
  "2026-06-25": {
    "date": "2026-06-25",
    "groups": [
      {
        "conceptId": "yellow-platform-1980s",
        "gameIds": [
          "super-mario-bros-2",
          "lode-runner",
          "castlevania-ii-simons-quest",
          "super-contra",
        ],
        "label": "1980s PLATFORMERS",
        "tier": "yellow",
      },
      {
        "conceptId": "green-year-1995",
        "gameIds": [
          "the-king-of-fighters-95",
          "virtua-cop-2",
          "panel-de-pon",
          "ultimate-mortal-kombat-3",
        ],
        "label": "RELEASED IN 1995",
        "tier": "green",
      },
      {
        "conceptId": "blue-tag-open-world",
        "gameIds": [
          "grand-theft-auto-san-andreas",
          "assassin-s-creed-ii",
          "infamous-second-son",
          "ghost-of-tsushima",
        ],
        "label": "OPEN WORLDS",
        "tier": "blue",
      },
      {
        "conceptId": "purple-one-word-gerund",
        "gameIds": [
          "iracing",
          "mouthwashing",
          "unpacking",
          "stacking",
        ],
        "label": "ONE WORD, ENDS IN -ING",
        "tier": "purple",
      },
    ],
    "tiles": [
      {
        "id": "infamous-second-son",
        "title": "Infamous Second Son",
      },
      {
        "id": "virtua-cop-2",
        "title": "Virtua Cop 2",
      },
      {
        "id": "panel-de-pon",
        "title": "Tetris Attack",
      },
      {
        "id": "castlevania-ii-simons-quest",
        "title": "Castlevania II: Simon's Quest",
      },
      {
        "id": "mouthwashing",
        "title": "Mouthwashing",
      },
      {
        "id": "ultimate-mortal-kombat-3",
        "title": "Ultimate Mortal Kombat 3",
      },
      {
        "id": "ghost-of-tsushima",
        "title": "Ghost of Tsushima",
      },
      {
        "id": "super-contra",
        "title": "Super Contra",
      },
      {
        "id": "grand-theft-auto-san-andreas",
        "title": "Grand Theft Auto: San Andreas",
      },
      {
        "id": "the-king-of-fighters-95",
        "title": "The King of Fighters '95",
      },
      {
        "id": "lode-runner",
        "title": "Lode Runner",
      },
      {
        "id": "super-mario-bros-2",
        "title": "Super Mario Bros. 2",
      },
      {
        "id": "unpacking",
        "title": "Unpacking",
      },
      {
        "id": "assassin-s-creed-ii",
        "title": "Assassin's Creed II",
      },
      {
        "id": "stacking",
        "title": "Stacking",
      },
      {
        "id": "iracing",
        "title": "iRacing",
      },
    ],
  },
  "2026-06-26": {
    "date": "2026-06-26",
    "groups": [
      {
        "conceptId": "yellow-strategy-1990s",
        "gameIds": [
          "simcity-3000",
          "age-of-empires-ii-the-age-of-kings",
          "dungeon-keeper",
          "loom",
        ],
        "label": "1990s STRATEGY GAMES",
        "tier": "yellow",
      },
      {
        "conceptId": "green-year-2024",
        "gameIds": [
          "banishers-ghosts-of-new-eden",
          "the-first-descendant",
          "last-epoch",
          "dragon-ball-sparking-zero",
        ],
        "label": "RELEASED IN 2024",
        "tier": "green",
      },
      {
        "conceptId": "blue-curated-esports",
        "gameIds": [
          "apex-legends",
          "dota-2",
          "overwatch",
          "valorant",
        ],
        "label": "ESPORTS MAINSTAYS",
        "tier": "blue",
      },
      {
        "conceptId": "purple-of-the-title",
        "gameIds": [
          "the-lord-of-the-rings-the-battle-for-middle-earth-ii",
          "mark-of-the-ninja",
          "shadow-of-the-colossus",
          "the-legend-of-zelda-breath-of-the-wild",
        ],
        "label": "TITLES CONTAINING 'OF THE'",
        "tier": "purple",
      },
    ],
    "tiles": [
      {
        "id": "simcity-3000",
        "title": "SimCity 3000",
      },
      {
        "id": "loom",
        "title": "Loom",
      },
      {
        "id": "banishers-ghosts-of-new-eden",
        "title": "Banishers: Ghosts of New Eden",
      },
      {
        "id": "overwatch",
        "title": "Overwatch",
      },
      {
        "id": "dungeon-keeper",
        "title": "Dungeon Keeper",
      },
      {
        "id": "shadow-of-the-colossus",
        "title": "Shadow of the Colossus",
      },
      {
        "id": "apex-legends",
        "title": "Apex Legends",
      },
      {
        "id": "valorant",
        "title": "Valorant",
      },
      {
        "id": "the-lord-of-the-rings-the-battle-for-middle-earth-ii",
        "title": "The Lord of the Rings: The Battle for Middle-earth II",
      },
      {
        "id": "mark-of-the-ninja",
        "title": "Mark of the Ninja",
      },
      {
        "id": "age-of-empires-ii-the-age-of-kings",
        "title": "Age of Empires II: The Age of Kings",
      },
      {
        "id": "dragon-ball-sparking-zero",
        "title": "Dragon Ball: Sparking! Zero",
      },
      {
        "id": "last-epoch",
        "title": "Last Epoch",
      },
      {
        "id": "dota-2",
        "title": "Dota 2",
      },
      {
        "id": "the-legend-of-zelda-breath-of-the-wild",
        "title": "The Legend of Zelda: Breath of the Wild",
      },
      {
        "id": "the-first-descendant",
        "title": "The First Descendant",
      },
    ],
  },
  "2026-06-27": {
    "date": "2026-06-27",
    "groups": [
      {
        "conceptId": "yellow-racing-2010s",
        "gameIds": [
          "mafia-iii",
          "ultimate-chicken-horse",
          "trials-fusion",
          "mafia-ii",
        ],
        "label": "2010s RACING GAMES",
        "tier": "yellow",
      },
      {
        "conceptId": "green-year-1996",
        "gameIds": [
          "final-doom",
          "the-king-of-fighters-96",
          "crash-bandicoot",
          "pandemonium",
        ],
        "label": "RELEASED IN 1996",
        "tier": "green",
      },
      {
        "conceptId": "blue-tag-zombies",
        "gameIds": [
          "zombies-ate-my-neighbors",
          "resident-evil-0",
          "super-ghoulsn-ghosts",
          "the-walking-dead",
        ],
        "label": "ZOMBIES INVOLVED",
        "tier": "blue",
      },
      {
        "conceptId": "purple-contains-legend",
        "gameIds": [
          "the-legend-of-zelda",
          "a-plague-tale-requiem",
          "league-of-legends",
          "heroes-of-the-storm",
        ],
        "label": "TITLES OF LEGEND",
        "tier": "purple",
      },
    ],
    "tiles": [
      {
        "id": "the-walking-dead",
        "title": "The Walking Dead",
      },
      {
        "id": "the-king-of-fighters-96",
        "title": "The King of Fighters '96",
      },
      {
        "id": "final-doom",
        "title": "Final Doom",
      },
      {
        "id": "mafia-ii",
        "title": "Mafia II",
      },
      {
        "id": "zombies-ate-my-neighbors",
        "title": "Zombies Ate My Neighbors",
      },
      {
        "id": "trials-fusion",
        "title": "Trials Fusion",
      },
      {
        "id": "ultimate-chicken-horse",
        "title": "Ultimate Chicken Horse",
      },
      {
        "id": "super-ghoulsn-ghosts",
        "title": "Super Ghouls'n Ghosts",
      },
      {
        "id": "resident-evil-0",
        "title": "Resident Evil 0",
      },
      {
        "id": "league-of-legends",
        "title": "League of Legends",
      },
      {
        "id": "pandemonium",
        "title": "Pandemonium!",
      },
      {
        "id": "mafia-iii",
        "title": "Mafia III",
      },
      {
        "id": "heroes-of-the-storm",
        "title": "Heroes of the Storm",
      },
      {
        "id": "crash-bandicoot",
        "title": "Crash Bandicoot",
      },
      {
        "id": "the-legend-of-zelda",
        "title": "The Legend of Zelda",
      },
      {
        "id": "a-plague-tale-requiem",
        "title": "A Plague Tale: Requiem",
      },
    ],
  },
  "2026-06-28": {
    "date": "2026-06-28",
    "groups": [
      {
        "conceptId": "yellow-genre-horror",
        "gameIds": [
          "r-e-p-o",
          "little-nightmares-ii",
          "alien-isolation",
          "until-dawn",
        ],
        "label": "HORROR GAMES",
        "tier": "yellow",
      },
      {
        "conceptId": "green-year-2007",
        "gameIds": [
          "super-mario-galaxy",
          "uncharted-drakes-fortune",
          "portal",
          "crash-of-the-titans",
        ],
        "label": "RELEASED IN 2007",
        "tier": "green",
      },
      {
        "conceptId": "blue-tag-farming",
        "gameIds": [
          "viva-pi-ata",
          "stardew-valley",
          "harvest-moon",
          "disney-dreamlight-valley",
        ],
        "label": "GAMES WHERE YOU FARM",
        "tier": "blue",
      },
      {
        "conceptId": "purple-contains-water-body",
        "gameIds": [
          "monkey-island-2-special-edition-lechucks-revenge",
          "yoshis-island-super-mario-advance-3",
          "monkey-island-2-lechuck-s-revenge",
          "call-of-the-sea",
        ],
        "label": "TITLES CONTAINING A BODY OF WATER",
        "tier": "purple",
      },
    ],
    "tiles": [
      {
        "id": "call-of-the-sea",
        "title": "Call of the Sea",
      },
      {
        "id": "portal",
        "title": "Portal",
      },
      {
        "id": "little-nightmares-ii",
        "title": "Little Nightmares II",
      },
      {
        "id": "stardew-valley",
        "title": "Stardew Valley",
      },
      {
        "id": "uncharted-drakes-fortune",
        "title": "Uncharted: Drake's Fortune",
      },
      {
        "id": "r-e-p-o",
        "title": "R.E.P.O.",
      },
      {
        "id": "monkey-island-2-lechuck-s-revenge",
        "title": "Monkey Island 2: LeChuck's Revenge",
      },
      {
        "id": "crash-of-the-titans",
        "title": "Crash of the Titans",
      },
      {
        "id": "viva-pi-ata",
        "title": "Viva Piñata",
      },
      {
        "id": "harvest-moon",
        "title": "Harvest Moon",
      },
      {
        "id": "yoshis-island-super-mario-advance-3",
        "title": "Yoshi's Island: Super Mario Advance 3",
      },
      {
        "id": "alien-isolation",
        "title": "Alien: Isolation",
      },
      {
        "id": "monkey-island-2-special-edition-lechucks-revenge",
        "title": "Monkey Island 2 Special Edition: LeChuck's Revenge",
      },
      {
        "id": "super-mario-galaxy",
        "title": "Super Mario Galaxy",
      },
      {
        "id": "until-dawn",
        "title": "Until Dawn",
      },
      {
        "id": "disney-dreamlight-valley",
        "title": "Disney Dreamlight Valley",
      },
    ],
  },
  "2026-06-29": {
    "date": "2026-06-29",
    "groups": [
      {
        "conceptId": "yellow-sport-2020s",
        "gameIds": [
          "ea-sports-fc-24",
          "fifa-23",
          "nintendo-switch-sports",
          "fifa-21",
        ],
        "label": "2020s SPORTS GAMES",
        "tier": "yellow",
      },
      {
        "conceptId": "green-year-1992",
        "gameIds": [
          "teenage-mutant-ninja-turtles-iv-turtles-in-time",
          "indiana-jones-and-the-fate-of-atlantis",
          "super-mario-kart",
          "final-fantasy-v",
        ],
        "label": "RELEASED IN 1992",
        "tier": "green",
      },
      {
        "conceptId": "blue-tag-stealth",
        "gameIds": [
          "tom-clancys-ghost-recon-breakpoint",
          "sniper-elite-iii",
          "metal-gear-solid-2-substance",
          "assassins-creed-iii-remastered",
        ],
        "label": "GAMES WHERE YOU SNEAK",
        "tier": "blue",
      },
      {
        "conceptId": "purple-long-single-word",
        "gameIds": [
          "supervive",
          "inscryption",
          "pentiment",
          "undertale",
        ],
        "label": "ONE LONG WORD (9+ LETTERS)",
        "tier": "purple",
      },
    ],
    "tiles": [
      {
        "id": "sniper-elite-iii",
        "title": "Sniper Elite III",
      },
      {
        "id": "fifa-23",
        "title": "FIFA 23",
      },
      {
        "id": "final-fantasy-v",
        "title": "Final Fantasy V",
      },
      {
        "id": "inscryption",
        "title": "Inscryption",
      },
      {
        "id": "teenage-mutant-ninja-turtles-iv-turtles-in-time",
        "title": "Teenage Mutant Ninja Turtles IV: Turtles in Time",
      },
      {
        "id": "indiana-jones-and-the-fate-of-atlantis",
        "title": "Indiana Jones and the Fate of Atlantis",
      },
      {
        "id": "fifa-21",
        "title": "FIFA 21",
      },
      {
        "id": "metal-gear-solid-2-substance",
        "title": "Metal Gear Solid 2: Substance",
      },
      {
        "id": "nintendo-switch-sports",
        "title": "Nintendo Switch Sports",
      },
      {
        "id": "ea-sports-fc-24",
        "title": "EA Sports FC 24",
      },
      {
        "id": "supervive",
        "title": "Supervive",
      },
      {
        "id": "undertale",
        "title": "Undertale",
      },
      {
        "id": "tom-clancys-ghost-recon-breakpoint",
        "title": "Tom Clancy's Ghost Recon: Breakpoint",
      },
      {
        "id": "super-mario-kart",
        "title": "Super Mario Kart",
      },
      {
        "id": "assassins-creed-iii-remastered",
        "title": "Assassin's Creed III Remastered",
      },
      {
        "id": "pentiment",
        "title": "Pentiment",
      },
    ],
  },
  "2026-06-30": {
    "date": "2026-06-30",
    "groups": [
      {
        "conceptId": "yellow-genre-sport",
        "gameIds": [
          "fifa-14",
          "fifa-16",
          "fifa-street",
          "fifa-soccer-11",
        ],
        "label": "SPORTS GAMES",
        "tier": "yellow",
      },
      {
        "conceptId": "green-year-1989",
        "gameIds": [
          "golden-axe",
          "tetris",
          "final-fight",
          "disneys-ducktales",
        ],
        "label": "RELEASED IN 1989",
        "tier": "green",
      },
      {
        "conceptId": "blue-curated-rough-launch",
        "gameIds": [
          "cyberpunk-2077",
          "battlefield-2042",
          "no-man-s-sky",
          "simcity",
        ],
        "label": "NOTORIOUSLY ROUGH LAUNCHES",
        "tier": "blue",
      },
      {
        "conceptId": "purple-contains-single-letter",
        "gameIds": [
          "daemon-x-machina",
          "mega-man-x",
          "grand-theft-auto-v",
          "world-war-z",
        ],
        "label": "TITLES WITH A SINGLE-LETTER WORD",
        "tier": "purple",
      },
    ],
    "tiles": [
      {
        "id": "simcity",
        "title": "SimCity",
      },
      {
        "id": "cyberpunk-2077",
        "title": "Cyberpunk 2077",
      },
      {
        "id": "fifa-16",
        "title": "FIFA 16",
      },
      {
        "id": "final-fight",
        "title": "Final Fight",
      },
      {
        "id": "disneys-ducktales",
        "title": "Disney's DuckTales",
      },
      {
        "id": "tetris",
        "title": "Tetris",
      },
      {
        "id": "daemon-x-machina",
        "title": "Daemon X Machina",
      },
      {
        "id": "golden-axe",
        "title": "Golden Axe",
      },
      {
        "id": "grand-theft-auto-v",
        "title": "Grand Theft Auto V",
      },
      {
        "id": "world-war-z",
        "title": "World War Z",
      },
      {
        "id": "mega-man-x",
        "title": "Mega Man X",
      },
      {
        "id": "fifa-street",
        "title": "FIFA Street",
      },
      {
        "id": "fifa-soccer-11",
        "title": "FIFA Soccer 11",
      },
      {
        "id": "fifa-14",
        "title": "FIFA 14",
      },
      {
        "id": "no-man-s-sky",
        "title": "No Man's Sky",
      },
      {
        "id": "battlefield-2042",
        "title": "Battlefield 2042",
      },
    ],
  },
  "2026-07-01": {
    "date": "2026-07-01",
    "groups": [
      {
        "conceptId": "yellow-sandbox-2020s",
        "gameIds": [
          "core-keeper",
          "raft",
          "palworld",
          "satisfactory",
        ],
        "label": "2020s SANDBOX GAMES",
        "tier": "yellow",
      },
      {
        "conceptId": "green-year-2016",
        "gameIds": [
          "ratchet-clank",
          "superhot",
          "final-fantasy-xv",
          "stellaris",
        ],
        "label": "RELEASED IN 2016",
        "tier": "green",
      },
      {
        "conceptId": "blue-tag-ghosts",
        "gameIds": [
          "rogue-legacy",
          "beyond-two-souls",
          "child-of-light",
          "luigis-mansion-3",
        ],
        "label": "GHOSTS INVOLVED",
        "tier": "blue",
      },
      {
        "conceptId": "purple-hides-land",
        "gameIds": [
          "yokus-island-express",
          "the-curse-of-monkey-island",
          "tales-from-the-borderlands",
          "the-secret-of-monkey-island",
        ],
        "label": "TITLES HIDING 'LAND'",
        "tier": "purple",
      },
    ],
    "tiles": [
      {
        "id": "final-fantasy-xv",
        "title": "Final Fantasy XV",
      },
      {
        "id": "satisfactory",
        "title": "Satisfactory",
      },
      {
        "id": "tales-from-the-borderlands",
        "title": "Tales from the Borderlands",
      },
      {
        "id": "beyond-two-souls",
        "title": "Beyond: Two Souls",
      },
      {
        "id": "luigis-mansion-3",
        "title": "Luigi's Mansion 3",
      },
      {
        "id": "child-of-light",
        "title": "Child of Light",
      },
      {
        "id": "stellaris",
        "title": "Stellaris",
      },
      {
        "id": "palworld",
        "title": "Palworld",
      },
      {
        "id": "yokus-island-express",
        "title": "Yoku's Island Express",
      },
      {
        "id": "superhot",
        "title": "SuperHot",
      },
      {
        "id": "the-curse-of-monkey-island",
        "title": "The Curse of Monkey Island",
      },
      {
        "id": "the-secret-of-monkey-island",
        "title": "The Secret of Monkey Island",
      },
      {
        "id": "ratchet-clank",
        "title": "Ratchet & Clank",
      },
      {
        "id": "core-keeper",
        "title": "Core Keeper",
      },
      {
        "id": "rogue-legacy",
        "title": "Rogue Legacy",
      },
      {
        "id": "raft",
        "title": "Raft",
      },
    ],
  },
  "2026-07-02": {
    "date": "2026-07-02",
    "groups": [
      {
        "conceptId": "yellow-shooter-2000s",
        "gameIds": [
          "call-of-duty-modern-warfare-2",
          "dead-space",
          "call-of-duty",
          "left-4-dead-2",
        ],
        "label": "2000s SHOOTERS",
        "tier": "yellow",
      },
      {
        "conceptId": "green-year-2012",
        "gameIds": [
          "animal-crossing-new-leaf",
          "dishonored",
          "prototype-2",
          "far-cry-3",
        ],
        "label": "RELEASED IN 2012",
        "tier": "green",
      },
      {
        "conceptId": "blue-tag-female-protagonist",
        "gameIds": [
          "silent-hill-f",
          "haunting-ground",
          "metroid-samus-returns",
          "assassins-creed-chronicles-china",
        ],
        "label": "YOU PLAY AS A WOMAN",
        "tier": "blue",
      },
      {
        "conceptId": "purple-contains-royalty",
        "gameIds": [
          "warcraft-iii-the-frozen-throne",
          "kingdom-rush",
          "castlevania-lords-of-shadow",
          "bramble-the-mountain-king",
        ],
        "label": "TITLES FIT FOR ROYALTY",
        "tier": "purple",
      },
    ],
    "tiles": [
      {
        "id": "prototype-2",
        "title": "Prototype 2",
      },
      {
        "id": "warcraft-iii-the-frozen-throne",
        "title": "Warcraft III: The Frozen Throne",
      },
      {
        "id": "silent-hill-f",
        "title": "Silent Hill f",
      },
      {
        "id": "haunting-ground",
        "title": "Haunting Ground",
      },
      {
        "id": "castlevania-lords-of-shadow",
        "title": "Castlevania: Lords of Shadow",
      },
      {
        "id": "assassins-creed-chronicles-china",
        "title": "Assassin's Creed Chronicles: China",
      },
      {
        "id": "call-of-duty-modern-warfare-2",
        "title": "Call of Duty: Modern Warfare 2",
      },
      {
        "id": "metroid-samus-returns",
        "title": "Metroid: Samus Returns",
      },
      {
        "id": "bramble-the-mountain-king",
        "title": "Bramble: The Mountain King",
      },
      {
        "id": "dead-space",
        "title": "Dead Space",
      },
      {
        "id": "kingdom-rush",
        "title": "Kingdom Rush",
      },
      {
        "id": "left-4-dead-2",
        "title": "Left 4 Dead 2",
      },
      {
        "id": "animal-crossing-new-leaf",
        "title": "Animal Crossing: New Leaf",
      },
      {
        "id": "far-cry-3",
        "title": "Far Cry 3",
      },
      {
        "id": "dishonored",
        "title": "Dishonored",
      },
      {
        "id": "call-of-duty",
        "title": "Call of Duty",
      },
    ],
  },
  "2026-07-03": {
    "date": "2026-07-03",
    "groups": [
      {
        "conceptId": "yellow-genre-simulator",
        "gameIds": [
          "pong",
          "sid-meiers-civilization-v",
          "stronghold",
          "rollercoaster-tycoon",
        ],
        "label": "SIMULATORS",
        "tier": "yellow",
      },
      {
        "conceptId": "green-console-ds",
        "gameIds": [
          "pok-mon-mystery-dungeon-blue-rescue-team",
          "professor-layton-and-the-last-specter",
          "pok-mon-platinum-version",
          "sonic-rush",
        ],
        "label": "PLAYABLE ON THE DS",
        "tier": "green",
      },
      {
        "conceptId": "blue-tag-horror",
        "gameIds": [
          "resident-evil-requiem",
          "bloodborne",
          "lethal-company",
          "outlast-whistleblower",
        ],
        "label": "HORROR GAMES",
        "tier": "blue",
      },
      {
        "conceptId": "purple-contains-body-part",
        "gameIds": [
          "hearts-of-iron-iv",
          "circle-of-blood",
          "kingdom-hearts-ii",
          "call-of-juarez-bound-in-blood",
        ],
        "label": "TITLES CONTAINING A BODY PART",
        "tier": "purple",
      },
    ],
    "tiles": [
      {
        "id": "resident-evil-requiem",
        "title": "Resident Evil Requiem",
      },
      {
        "id": "pok-mon-mystery-dungeon-blue-rescue-team",
        "title": "Pokémon Mystery Dungeon: Blue Rescue Team",
      },
      {
        "id": "sonic-rush",
        "title": "Sonic Rush",
      },
      {
        "id": "circle-of-blood",
        "title": "Circle of Blood",
      },
      {
        "id": "rollercoaster-tycoon",
        "title": "RollerCoaster Tycoon",
      },
      {
        "id": "bloodborne",
        "title": "Bloodborne",
      },
      {
        "id": "stronghold",
        "title": "Stronghold",
      },
      {
        "id": "pong",
        "title": "Pong",
      },
      {
        "id": "pok-mon-platinum-version",
        "title": "Pokémon Platinum Version",
      },
      {
        "id": "outlast-whistleblower",
        "title": "Outlast: Whistleblower",
      },
      {
        "id": "sid-meiers-civilization-v",
        "title": "Sid Meier's Civilization V",
      },
      {
        "id": "kingdom-hearts-ii",
        "title": "Kingdom Hearts II",
      },
      {
        "id": "call-of-juarez-bound-in-blood",
        "title": "Call of Juarez: Bound In Blood",
      },
      {
        "id": "hearts-of-iron-iv",
        "title": "Hearts of Iron IV",
      },
      {
        "id": "professor-layton-and-the-last-specter",
        "title": "Professor Layton and the Last Specter",
      },
      {
        "id": "lethal-company",
        "title": "Lethal Company",
      },
    ],
  },
  "2026-07-04": {
    "date": "2026-07-04",
    "groups": [
      {
        "conceptId": "yellow-sport-2000s",
        "gameIds": [
          "wii-play",
          "world-soccer-winning-eleven-7-international",
          "colin-mcrae-rally-2-0",
          "wii-fit",
        ],
        "label": "2000s SPORTS GAMES",
        "tier": "yellow",
      },
      {
        "conceptId": "green-year-1991",
        "gameIds": [
          "lemmings",
          "the-simpsons-arcade-game",
          "duke-nukem",
          "sid-meiers-civilization",
        ],
        "label": "RELEASED IN 1991",
        "tier": "green",
      },
      {
        "conceptId": "blue-tag-military",
        "gameIds": [
          "medal-of-honor",
          "command-conquer-generals",
          "halo-the-master-chief-collection",
          "killzone-2",
        ],
        "label": "MILITARY OPERATIONS",
        "tier": "blue",
      },
      {
        "conceptId": "purple-contains-creature",
        "gameIds": [
          "devil-may-cry-2",
          "vampire-survivors",
          "dragons-lair",
          "the-beast-within-a-gabriel-knight-mystery",
        ],
        "label": "TITLES CONTAINING A MONSTER",
        "tier": "purple",
      },
    ],
    "tiles": [
      {
        "id": "halo-the-master-chief-collection",
        "title": "Halo: The Master Chief Collection",
      },
      {
        "id": "wii-play",
        "title": "Wii Play",
      },
      {
        "id": "vampire-survivors",
        "title": "Vampire Survivors",
      },
      {
        "id": "killzone-2",
        "title": "Killzone 2",
      },
      {
        "id": "world-soccer-winning-eleven-7-international",
        "title": "World Soccer: Winning Eleven 7 International",
      },
      {
        "id": "command-conquer-generals",
        "title": "Command & Conquer: Generals",
      },
      {
        "id": "the-beast-within-a-gabriel-knight-mystery",
        "title": "The Beast Within: A Gabriel Knight Mystery",
      },
      {
        "id": "lemmings",
        "title": "Lemmings",
      },
      {
        "id": "medal-of-honor",
        "title": "Medal of Honor",
      },
      {
        "id": "dragons-lair",
        "title": "Dragon's Lair",
      },
      {
        "id": "duke-nukem",
        "title": "Duke Nukem",
      },
      {
        "id": "sid-meiers-civilization",
        "title": "Sid Meier's Civilization",
      },
      {
        "id": "colin-mcrae-rally-2-0",
        "title": "Colin McRae Rally 2.0",
      },
      {
        "id": "devil-may-cry-2",
        "title": "Devil May Cry 2",
      },
      {
        "id": "wii-fit",
        "title": "Wii Fit",
      },
      {
        "id": "the-simpsons-arcade-game",
        "title": "The Simpsons Arcade Game",
      },
    ],
  },
  "2026-07-05": {
    "date": "2026-07-05",
    "groups": [
      {
        "conceptId": "yellow-platform-2010s",
        "gameIds": [
          "splatoon",
          "uncharted-3-drake-s-deception",
          "donkey-kong-country-returns",
          "enslaved-odyssey-to-the-west",
        ],
        "label": "2010s PLATFORMERS",
        "tier": "yellow",
      },
      {
        "conceptId": "green-year-1990",
        "gameIds": [
          "super-mario-world",
          "mega-man-3",
          "dr-mario",
          "metal-gear-2-solid-snake",
        ],
        "label": "RELEASED IN 1990",
        "tier": "green",
      },
      {
        "conceptId": "blue-tag-robots",
        "gameIds": [
          "mega-man-x3",
          "mega-man-x4",
          "timesplitters",
          "ratchet-deadlocked",
        ],
        "label": "ROBOTS INVOLVED",
        "tier": "blue",
      },
      {
        "conceptId": "purple-contains-colour",
        "gameIds": [
          "black-white",
          "command-conquer-red-alert-2",
          "pok-mon-red-version",
          "call-of-duty-black-ops-cold-war",
        ],
        "label": "TITLES CONTAINING A COLOUR",
        "tier": "purple",
      },
    ],
    "tiles": [
      {
        "id": "ratchet-deadlocked",
        "title": "Ratchet: Deadlocked",
      },
      {
        "id": "mega-man-3",
        "title": "Mega Man 3",
      },
      {
        "id": "black-white",
        "title": "Black & White",
      },
      {
        "id": "enslaved-odyssey-to-the-west",
        "title": "Enslaved: Odyssey to the West",
      },
      {
        "id": "command-conquer-red-alert-2",
        "title": "Command & Conquer: Red Alert 2",
      },
      {
        "id": "metal-gear-2-solid-snake",
        "title": "Metal Gear 2: Solid Snake",
      },
      {
        "id": "call-of-duty-black-ops-cold-war",
        "title": "Call of Duty: Black Ops Cold War",
      },
      {
        "id": "timesplitters",
        "title": "TimeSplitters",
      },
      {
        "id": "mega-man-x4",
        "title": "Mega Man X4",
      },
      {
        "id": "donkey-kong-country-returns",
        "title": "Donkey Kong Country Returns",
      },
      {
        "id": "uncharted-3-drake-s-deception",
        "title": "Uncharted 3: Drake's Deception",
      },
      {
        "id": "dr-mario",
        "title": "Dr. Mario",
      },
      {
        "id": "super-mario-world",
        "title": "Super Mario World",
      },
      {
        "id": "mega-man-x3",
        "title": "Mega Man X3",
      },
      {
        "id": "splatoon",
        "title": "Splatoon",
      },
      {
        "id": "pok-mon-red-version",
        "title": "Pokémon Red Version",
      },
    ],
  },
  "2026-07-06": {
    "date": "2026-07-06",
    "groups": [
      {
        "conceptId": "yellow-sport-1990s",
        "gameIds": [
          "rock-n-roll-racing",
          "tony-hawks-pro-skater",
          "fifa-99",
          "fifa-road-to-world-cup-98",
        ],
        "label": "1990s SPORTS GAMES",
        "tier": "yellow",
      },
      {
        "conceptId": "green-year-2025",
        "gameIds": [
          "arena-breakout-infinite",
          "cronos-the-new-dawn",
          "professor-layton-and-the-new-world-of-steam",
          "dispatch",
        ],
        "label": "RELEASED IN 2025",
        "tier": "green",
      },
      {
        "conceptId": "blue-tag-space",
        "gameIds": [
          "starfield",
          "hardspace-shipbreaker",
          "mass-effect-3",
          "marvels-guardians-of-the-galaxy",
        ],
        "label": "SET IN SPACE",
        "tier": "blue",
      },
      {
        "conceptId": "purple-title-with-exclamation",
        "gameIds": [
          "punch-out",
          "doki-doki-literature-club",
          "wwf-smackdown-2-know-your-role",
          "warioware-inc",
        ],
        "label": "TITLES WITH AN EXCLAMATION MARK",
        "tier": "purple",
      },
    ],
    "tiles": [
      {
        "id": "starfield",
        "title": "Starfield",
      },
      {
        "id": "wwf-smackdown-2-know-your-role",
        "title": "WWF SmackDown! 2: Know Your Role",
      },
      {
        "id": "hardspace-shipbreaker",
        "title": "Hardspace: Shipbreaker",
      },
      {
        "id": "cronos-the-new-dawn",
        "title": "Cronos: The New Dawn",
      },
      {
        "id": "fifa-road-to-world-cup-98",
        "title": "FIFA: Road to World Cup 98",
      },
      {
        "id": "rock-n-roll-racing",
        "title": "Rock n' Roll Racing",
      },
      {
        "id": "mass-effect-3",
        "title": "Mass Effect 3",
      },
      {
        "id": "fifa-99",
        "title": "FIFA 99",
      },
      {
        "id": "punch-out",
        "title": "Punch-Out!!",
      },
      {
        "id": "warioware-inc",
        "title": "WarioWare, Inc.: Mega Microgames!",
      },
      {
        "id": "dispatch",
        "title": "Dispatch",
      },
      {
        "id": "professor-layton-and-the-new-world-of-steam",
        "title": "Professor Layton and the New World of Steam",
      },
      {
        "id": "doki-doki-literature-club",
        "title": "Doki Doki Literature Club!",
      },
      {
        "id": "tony-hawks-pro-skater",
        "title": "Tony Hawk's Pro Skater",
      },
      {
        "id": "marvels-guardians-of-the-galaxy",
        "title": "Marvel's Guardians of the Galaxy",
      },
      {
        "id": "arena-breakout-infinite",
        "title": "Arena Breakout: Infinite",
      },
    ],
  },
  "2026-07-07": {
    "date": "2026-07-07",
    "groups": [
      {
        "conceptId": "yellow-music-2000s",
        "gameIds": [
          "guitar-hero-aerosmith",
          "the-beatles-rock-band",
          "guitar-hero-5",
          "guitar-hero",
        ],
        "label": "2000s MUSIC GAMES",
        "tier": "yellow",
      },
      {
        "conceptId": "green-year-2017",
        "gameIds": [
          "cuphead",
          "hollow-knight",
          "rime",
          "injustice-2",
        ],
        "label": "RELEASED IN 2017",
        "tier": "green",
      },
      {
        "conceptId": "blue-tag-crime",
        "gameIds": [
          "grand-theft-auto-iii",
          "grand-theft-auto-chinatown-wars",
          "grand-theft-auto-iv-the-lost-and-damned",
          "grand-theft-auto-iv-complete-edition",
        ],
        "label": "A LIFE OF CRIME",
        "tier": "blue",
      },
      {
        "conceptId": "purple-contains-element",
        "gameIds": [
          "fire-emblem-path-of-radiance",
          "dantes-inferno",
          "fire-emblem-awakening",
          "fire-emblem-the-binding-blade",
        ],
        "label": "TITLES CONTAINING AN ELEMENT",
        "tier": "purple",
      },
    ],
    "tiles": [
      {
        "id": "the-beatles-rock-band",
        "title": "The Beatles: Rock Band",
      },
      {
        "id": "grand-theft-auto-iv-complete-edition",
        "title": "Grand Theft Auto IV: Complete Edition",
      },
      {
        "id": "cuphead",
        "title": "Cuphead",
      },
      {
        "id": "guitar-hero-aerosmith",
        "title": "Guitar Hero: Aerosmith",
      },
      {
        "id": "guitar-hero-5",
        "title": "Guitar Hero 5",
      },
      {
        "id": "grand-theft-auto-iii",
        "title": "Grand Theft Auto III",
      },
      {
        "id": "hollow-knight",
        "title": "Hollow Knight",
      },
      {
        "id": "grand-theft-auto-iv-the-lost-and-damned",
        "title": "Grand Theft Auto IV: The Lost and Damned",
      },
      {
        "id": "grand-theft-auto-chinatown-wars",
        "title": "Grand Theft Auto: Chinatown Wars",
      },
      {
        "id": "rime",
        "title": "RiME",
      },
      {
        "id": "fire-emblem-the-binding-blade",
        "title": "Fire Emblem: The Binding Blade",
      },
      {
        "id": "guitar-hero",
        "title": "Guitar Hero",
      },
      {
        "id": "fire-emblem-path-of-radiance",
        "title": "Fire Emblem: Path of Radiance",
      },
      {
        "id": "fire-emblem-awakening",
        "title": "Fire Emblem Awakening",
      },
      {
        "id": "dantes-inferno",
        "title": "Dante's Inferno",
      },
      {
        "id": "injustice-2",
        "title": "Injustice 2",
      },
    ],
  },
  "2026-07-08": {
    "date": "2026-07-08",
    "groups": [
      {
        "conceptId": "yellow-sport-2010s",
        "gameIds": [
          "forza-motorsport-4",
          "project-cars",
          "football-manager-2020",
          "need-for-speed-heat",
        ],
        "label": "2010s SPORTS GAMES",
        "tier": "yellow",
      },
      {
        "conceptId": "green-console-wii",
        "gameIds": [
          "excitebike",
          "road-fighter",
          "metal-slug",
          "commando",
        ],
        "label": "PLAYABLE ON THE WII",
        "tier": "green",
      },
      {
        "conceptId": "blue-tag-mythology",
        "gameIds": [
          "perfect-world",
          "god-of-war-2005",
          "pok-mon-diamond-version",
          "god-of-war-ii",
        ],
        "label": "BUILT ON MYTHOLOGY",
        "tier": "blue",
      },
      {
        "conceptId": "purple-hides-mine",
        "gameIds": [
          "minecraft-java-edition",
          "bioshock-2-minervas-den",
          "minecraft-dungeons",
          "harvest-moon-friends-of-mineral-town",
        ],
        "label": "TITLES HIDING 'MINE'",
        "tier": "purple",
      },
    ],
    "tiles": [
      {
        "id": "forza-motorsport-4",
        "title": "Forza Motorsport 4",
      },
      {
        "id": "minecraft-java-edition",
        "title": "Minecraft: Java Edition",
      },
      {
        "id": "pok-mon-diamond-version",
        "title": "Pokémon Diamond Version",
      },
      {
        "id": "god-of-war-2005",
        "title": "God of War",
      },
      {
        "id": "commando",
        "title": "Commando",
      },
      {
        "id": "metal-slug",
        "title": "Metal Slug",
      },
      {
        "id": "road-fighter",
        "title": "Road Fighter",
      },
      {
        "id": "football-manager-2020",
        "title": "Football Manager 2020",
      },
      {
        "id": "need-for-speed-heat",
        "title": "Need for Speed: Heat",
      },
      {
        "id": "perfect-world",
        "title": "Perfect World",
      },
      {
        "id": "project-cars",
        "title": "Project CARS",
      },
      {
        "id": "minecraft-dungeons",
        "title": "Minecraft Dungeons",
      },
      {
        "id": "bioshock-2-minervas-den",
        "title": "BioShock 2: Minerva's Den",
      },
      {
        "id": "harvest-moon-friends-of-mineral-town",
        "title": "Harvest Moon: Friends of Mineral Town",
      },
      {
        "id": "god-of-war-ii",
        "title": "God of War II",
      },
      {
        "id": "excitebike",
        "title": "Excitebike",
      },
    ],
  },
  "2026-07-09": {
    "date": "2026-07-09",
    "groups": [
      {
        "conceptId": "yellow-horror-2010s",
        "gameIds": [
          "resident-evil",
          "the-last-of-us-remastered",
          "resident-evil-7-biohazard",
          "the-dark-pictures-anthology-man-of-medan",
        ],
        "label": "2010s HORROR GAMES",
        "tier": "yellow",
      },
      {
        "conceptId": "green-year-2008",
        "gameIds": [
          "tom-clancys-rainbow-six-vegas-2",
          "race-driver-grid",
          "professor-layton-and-the-unwound-future",
          "castlevania-order-of-ecclesia",
        ],
        "label": "RELEASED IN 2008",
        "tier": "green",
      },
      {
        "conceptId": "blue-tag-superhero",
        "gameIds": [
          "the-punisher",
          "batman-arkham-asylum",
          "suicide-squad-kill-the-justice-league",
          "marvel-rivals",
        ],
        "label": "SUPERHERO GAMES",
        "tier": "blue",
      },
      {
        "conceptId": "purple-contains-time-of-day",
        "gameIds": [
          "castlevania-symphony-of-the-night",
          "days-gone",
          "night-in-the-woods",
          "warhammer-40-000-dawn-of-war",
        ],
        "label": "TITLES CONTAINING A TIME OF DAY",
        "tier": "purple",
      },
    ],
    "tiles": [
      {
        "id": "professor-layton-and-the-unwound-future",
        "title": "Professor Layton and the Unwound Future",
      },
      {
        "id": "castlevania-symphony-of-the-night",
        "title": "Castlevania: Symphony of the Night",
      },
      {
        "id": "marvel-rivals",
        "title": "Marvel Rivals",
      },
      {
        "id": "castlevania-order-of-ecclesia",
        "title": "Castlevania: Order of Ecclesia",
      },
      {
        "id": "resident-evil",
        "title": "Resident Evil",
      },
      {
        "id": "suicide-squad-kill-the-justice-league",
        "title": "Suicide Squad: Kill the Justice League",
      },
      {
        "id": "the-last-of-us-remastered",
        "title": "The Last of Us Remastered",
      },
      {
        "id": "resident-evil-7-biohazard",
        "title": "Resident Evil 7: Biohazard",
      },
      {
        "id": "tom-clancys-rainbow-six-vegas-2",
        "title": "Tom Clancy's Rainbow Six: Vegas 2",
      },
      {
        "id": "the-punisher",
        "title": "The Punisher",
      },
      {
        "id": "days-gone",
        "title": "Days Gone",
      },
      {
        "id": "night-in-the-woods",
        "title": "Night in the Woods",
      },
      {
        "id": "the-dark-pictures-anthology-man-of-medan",
        "title": "The Dark Pictures Anthology: Man of Medan",
      },
      {
        "id": "batman-arkham-asylum",
        "title": "Batman: Arkham Asylum",
      },
      {
        "id": "race-driver-grid",
        "title": "Race Driver: Grid",
      },
      {
        "id": "warhammer-40-000-dawn-of-war",
        "title": "Warhammer 40,000: Dawn of War",
      },
    ],
  },
  "2026-07-10": {
    "date": "2026-07-10",
    "groups": [
      {
        "conceptId": "yellow-simulator-1990s",
        "gameIds": [
          "simcity-2000",
          "need-for-speed-ii",
          "digimon-world",
          "theme-park",
        ],
        "label": "1990s SIMULATORS",
        "tier": "yellow",
      },
      {
        "conceptId": "green-year-2000",
        "gameIds": [
          "pok-mon-crystal-version",
          "dark-cloud",
          "driver-2-back-on-the-streets",
          "final-fantasy-ix",
        ],
        "label": "RELEASED IN 2000",
        "tier": "green",
      },
      {
        "conceptId": "blue-tag-co-op",
        "gameIds": [
          "dying-light-2-stay-human",
          "dying-light",
          "deep-rock-galactic",
          "monster-hunter-world",
        ],
        "label": "BETTER WITH A FRIEND (CO-OP)",
        "tier": "blue",
      },
      {
        "conceptId": "purple-contains-time",
        "gameIds": [
          "zero-time-dilemma",
          "bioshock-infinite",
          "pillars-of-eternity-ii-deadfire",
          "crash-bandicoot-4-its-about-time",
        ],
        "label": "TITLES ABOUT TIME",
        "tier": "purple",
      },
    ],
    "tiles": [
      {
        "id": "crash-bandicoot-4-its-about-time",
        "title": "Crash Bandicoot 4: It's About Time",
      },
      {
        "id": "pok-mon-crystal-version",
        "title": "Pokémon Crystal Version",
      },
      {
        "id": "bioshock-infinite",
        "title": "BioShock Infinite",
      },
      {
        "id": "theme-park",
        "title": "Theme Park",
      },
      {
        "id": "driver-2-back-on-the-streets",
        "title": "Driver 2: Back on the Streets",
      },
      {
        "id": "need-for-speed-ii",
        "title": "Need for Speed II",
      },
      {
        "id": "dying-light-2-stay-human",
        "title": "Dying Light 2: Stay Human",
      },
      {
        "id": "monster-hunter-world",
        "title": "Monster Hunter: World",
      },
      {
        "id": "zero-time-dilemma",
        "title": "Zero Time Dilemma",
      },
      {
        "id": "simcity-2000",
        "title": "SimCity 2000",
      },
      {
        "id": "digimon-world",
        "title": "Digimon World",
      },
      {
        "id": "pillars-of-eternity-ii-deadfire",
        "title": "Pillars of Eternity II: Deadfire",
      },
      {
        "id": "dying-light",
        "title": "Dying Light",
      },
      {
        "id": "dark-cloud",
        "title": "Dark Cloud",
      },
      {
        "id": "deep-rock-galactic",
        "title": "Deep Rock Galactic",
      },
      {
        "id": "final-fantasy-ix",
        "title": "Final Fantasy IX",
      },
    ],
  },
  "2026-07-11": {
    "date": "2026-07-11",
    "groups": [
      {
        "conceptId": "yellow-survival-2020s",
        "gameIds": [
          "aska",
          "grounded",
          "sons-of-the-forest",
          "dwarf-fortress",
        ],
        "label": "2020s SURVIVAL GAMES",
        "tier": "yellow",
      },
      {
        "conceptId": "green-console-ps1",
        "gameIds": [
          "command-conquer",
          "parasite-eve",
          "time-crisis",
          "destruction-derby",
        ],
        "label": "PLAYABLE ON THE PS1",
        "tier": "green",
      },
      {
        "conceptId": "blue-curated-started-as-mods",
        "gameIds": [
          "pubg-battlegrounds",
          "team-fortress-2",
          "counter-strike",
          "dayz",
        ],
        "label": "STARTED LIFE AS A MOD",
        "tier": "blue",
      },
      {
        "conceptId": "purple-one-word-verb",
        "gameIds": [
          "stray",
          "dredge",
          "outlast",
          "quake",
        ],
        "label": "ONE-WORD TITLES THAT ARE VERBS",
        "tier": "purple",
      },
    ],
    "tiles": [
      {
        "id": "dredge",
        "title": "Dredge",
      },
      {
        "id": "outlast",
        "title": "Outlast",
      },
      {
        "id": "parasite-eve",
        "title": "Parasite Eve",
      },
      {
        "id": "command-conquer",
        "title": "Command & Conquer",
      },
      {
        "id": "aska",
        "title": "Aska",
      },
      {
        "id": "team-fortress-2",
        "title": "Team Fortress 2",
      },
      {
        "id": "dayz",
        "title": "DayZ",
      },
      {
        "id": "time-crisis",
        "title": "Time Crisis",
      },
      {
        "id": "stray",
        "title": "Stray",
      },
      {
        "id": "sons-of-the-forest",
        "title": "Sons of the Forest",
      },
      {
        "id": "pubg-battlegrounds",
        "title": "PUBG: Battlegrounds",
      },
      {
        "id": "dwarf-fortress",
        "title": "Dwarf Fortress",
      },
      {
        "id": "quake",
        "title": "Quake",
      },
      {
        "id": "grounded",
        "title": "Grounded",
      },
      {
        "id": "destruction-derby",
        "title": "Destruction Derby",
      },
      {
        "id": "counter-strike",
        "title": "Counter-Strike",
      },
    ],
  },
  "2026-07-12": {
    "date": "2026-07-12",
    "groups": [
      {
        "conceptId": "yellow-genre-sandbox",
        "gameIds": [
          "nightingale",
          "terraria",
          "littlebigplanet",
          "scribblenauts-unlimited",
        ],
        "label": "SANDBOX GAMES",
        "tier": "yellow",
      },
      {
        "conceptId": "green-year-1993",
        "gameIds": [
          "sam-max-hit-the-road",
          "star-wars-x-wing",
          "day-of-the-tentacle",
          "samurai-shodown",
        ],
        "label": "RELEASED IN 1993",
        "tier": "green",
      },
      {
        "conceptId": "blue-curated-mmo",
        "gameIds": [
          "world-of-warcraft",
          "guild-wars-2",
          "runescape",
          "guild-wars",
        ],
        "label": "FAMOUS MMOS",
        "tier": "blue",
      },
      {
        "conceptId": "purple-hides-lord",
        "gameIds": [
          "world-of-warcraft-warlords-of-draenor",
          "mass-effect-2-overlord",
          "overlord",
          "star-wars-knights-of-the-old-republic-ii-the-sith-lords",
        ],
        "label": "TITLES HIDING 'LORD'",
        "tier": "purple",
      },
    ],
    "tiles": [
      {
        "id": "terraria",
        "title": "Terraria",
      },
      {
        "id": "sam-max-hit-the-road",
        "title": "Sam & Max Hit the Road",
      },
      {
        "id": "star-wars-knights-of-the-old-republic-ii-the-sith-lords",
        "title": "Star Wars: Knights of the Old Republic II - The Sith Lords",
      },
      {
        "id": "samurai-shodown",
        "title": "Samurai Shodown",
      },
      {
        "id": "mass-effect-2-overlord",
        "title": "Mass Effect 2: Overlord",
      },
      {
        "id": "scribblenauts-unlimited",
        "title": "Scribblenauts Unlimited",
      },
      {
        "id": "nightingale",
        "title": "Nightingale",
      },
      {
        "id": "overlord",
        "title": "Overlord",
      },
      {
        "id": "guild-wars-2",
        "title": "Guild Wars 2",
      },
      {
        "id": "world-of-warcraft",
        "title": "World of Warcraft",
      },
      {
        "id": "world-of-warcraft-warlords-of-draenor",
        "title": "World of Warcraft: Warlords of Draenor",
      },
      {
        "id": "day-of-the-tentacle",
        "title": "Day of the Tentacle",
      },
      {
        "id": "runescape",
        "title": "RuneScape",
      },
      {
        "id": "star-wars-x-wing",
        "title": "Star Wars: X-Wing",
      },
      {
        "id": "littlebigplanet",
        "title": "LittleBigPlanet",
      },
      {
        "id": "guild-wars",
        "title": "Guild Wars",
      },
    ],
  },
  "2026-07-13": {
    "date": "2026-07-13",
    "groups": [
      {
        "conceptId": "yellow-indie-2010s",
        "gameIds": [
          "inside",
          "super-meat-boy",
          "deponia",
          "the-binding-of-isaac",
        ],
        "label": "2010s INDIE GAMES",
        "tier": "yellow",
      },
      {
        "conceptId": "green-console-psp",
        "gameIds": [
          "dino-crisis-2",
          "lego-batman-the-videogame",
          "dino-crisis",
          "command-conquer-red-alert",
        ],
        "label": "PLAYABLE ON THE PSP",
        "tier": "green",
      },
      {
        "conceptId": "blue-tag-building",
        "gameIds": [
          "the-sims-4",
          "tom-clancys-ghost-recon-wildlands",
          "crackdown",
          "crysis-2",
        ],
        "label": "GAMES WHERE YOU BUILD",
        "tier": "blue",
      },
      {
        "conceptId": "purple-contains-structure",
        "gameIds": [
          "batman-arkham-city-game-of-the-year-edition",
          "the-lord-of-the-rings-the-two-towers",
          "maniac-mansion",
          "the-house-of-the-dead-2",
        ],
        "label": "TITLES CONTAINING A BUILDING",
        "tier": "purple",
      },
    ],
    "tiles": [
      {
        "id": "deponia",
        "title": "Deponia",
      },
      {
        "id": "dino-crisis",
        "title": "Dino Crisis",
      },
      {
        "id": "the-sims-4",
        "title": "The Sims 4",
      },
      {
        "id": "maniac-mansion",
        "title": "Maniac Mansion",
      },
      {
        "id": "crysis-2",
        "title": "Crysis 2",
      },
      {
        "id": "the-binding-of-isaac",
        "title": "The Binding of Isaac",
      },
      {
        "id": "tom-clancys-ghost-recon-wildlands",
        "title": "Tom Clancy's Ghost Recon: Wildlands",
      },
      {
        "id": "the-lord-of-the-rings-the-two-towers",
        "title": "The Lord of the Rings: The Two Towers",
      },
      {
        "id": "lego-batman-the-videogame",
        "title": "LEGO Batman: The Videogame",
      },
      {
        "id": "batman-arkham-city-game-of-the-year-edition",
        "title": "Batman: Arkham City - Game of the Year Edition",
      },
      {
        "id": "the-house-of-the-dead-2",
        "title": "The House of the Dead 2",
      },
      {
        "id": "dino-crisis-2",
        "title": "Dino Crisis 2",
      },
      {
        "id": "crackdown",
        "title": "Crackdown",
      },
      {
        "id": "inside",
        "title": "Inside",
      },
      {
        "id": "command-conquer-red-alert",
        "title": "Command & Conquer: Red Alert",
      },
      {
        "id": "super-meat-boy",
        "title": "Super Meat Boy",
      },
    ],
  },
  "2026-07-14": {
    "date": "2026-07-14",
    "groups": [
      {
        "conceptId": "yellow-fighting-1990s",
        "gameIds": [
          "tekken-2",
          "final-fight-2",
          "captain-commando",
          "super-smash-bros",
        ],
        "label": "1990s FIGHTING GAMES",
        "tier": "yellow",
      },
      {
        "conceptId": "green-year-2019",
        "gameIds": [
          "rage-2",
          "a-plague-tale-innocence",
          "wolfenstein-youngblood",
          "the-sinking-city",
        ],
        "label": "RELEASED IN 2019",
        "tier": "green",
      },
      {
        "conceptId": "blue-tag-skateboarding",
        "gameIds": [
          "tony-hawks-pro-skater-1-2",
          "mario-strikers-charged",
          "tony-hawks-pro-skater-3",
          "tony-hawk-s-pro-skater-2",
        ],
        "label": "SKATEBOARDING GAMES",
        "tier": "blue",
      },
      {
        "conceptId": "purple-contains-dark-light",
        "gameIds": [
          "eternal-darkness-sanitys-requiem",
          "the-dark-pictures-house-of-ashes",
          "dark-souls-iii",
          "doom-the-dark-ages",
        ],
        "label": "TITLES OF DARKNESS AND LIGHT",
        "tier": "purple",
      },
    ],
    "tiles": [
      {
        "id": "doom-the-dark-ages",
        "title": "Doom: The Dark Ages",
      },
      {
        "id": "rage-2",
        "title": "Rage 2",
      },
      {
        "id": "tony-hawks-pro-skater-3",
        "title": "Tony Hawk's Pro Skater 3",
      },
      {
        "id": "wolfenstein-youngblood",
        "title": "Wolfenstein: Youngblood",
      },
      {
        "id": "tony-hawks-pro-skater-1-2",
        "title": "Tony Hawk's Pro Skater 1+2",
      },
      {
        "id": "super-smash-bros",
        "title": "Super Smash Bros.",
      },
      {
        "id": "captain-commando",
        "title": "Captain Commando",
      },
      {
        "id": "tony-hawk-s-pro-skater-2",
        "title": "Tony Hawk's Pro Skater 2",
      },
      {
        "id": "a-plague-tale-innocence",
        "title": "A Plague Tale: Innocence",
      },
      {
        "id": "dark-souls-iii",
        "title": "Dark Souls III",
      },
      {
        "id": "tekken-2",
        "title": "Tekken 2",
      },
      {
        "id": "mario-strikers-charged",
        "title": "Mario Strikers Charged",
      },
      {
        "id": "the-sinking-city",
        "title": "The Sinking City",
      },
      {
        "id": "final-fight-2",
        "title": "Final Fight 2",
      },
      {
        "id": "the-dark-pictures-house-of-ashes",
        "title": "The Dark Pictures: House of Ashes",
      },
      {
        "id": "eternal-darkness-sanitys-requiem",
        "title": "Eternal Darkness: Sanity's Requiem",
      },
    ],
  },
}
`;
