// Vitest Snapshot v1, https://vitest.dev/guide/snapshot.html

exports[`box-set concept bank > bank composition snapshot (totals per tier) 1`] = `
{
  "blue": {
    "available": 16,
    "used": 35,
  },
  "green": {
    "available": 22,
    "used": 35,
  },
  "purple": {
    "available": 55,
    "used": 35,
  },
  "yellow": {
    "available": 57,
    "used": 35,
  },
}
`;
