// Vitest Snapshot v1, https://vitest.dev/guide/snapshot.html

exports[`stock-room board generation > generates the same board per date (axes + cell counts) 1`] = `
{
  "2026-06-15": {
    "cellCounts": [
      650,
      166,
      495,
      709,
      150,
      202,
      71,
      30,
      17,
    ],
    "cols": [
      "platform-pc",
      "genre-rpg",
      "price-under-20",
    ],
    "rows": [
      "genre-indie",
      "genre-shooter",
      "platform-wii",
    ],
  },
  "2026-06-16": {
    "cellCounts": [
      87,
      217,
      59,
      56,
      91,
      126,
      184,
      296,
      194,
    ],
    "cols": [
      "platform-mobile",
      "pegi-family",
      "era-2020s",
    ],
    "rows": [
      "genre-simulator",
      "genre-shooter",
      "platform-ps4",
    ],
  },
  "2026-06-17": {
    "cellCounts": [
      21,
      126,
      110,
      87,
      677,
      284,
      114,
      38,
      284,
    ],
    "cols": [
      "genre-racing",
      "platform-ps4",
      "genre-action",
    ],
    "rows": [
      "opencritic-85",
      "era-2010s",
      "era-before-2010",
    ],
  },
  "2026-06-18": {
    "cellCounts": [
      254,
      1005,
      586,
      220,
      202,
      323,
      43,
      53,
      24,
    ],
    "cols": [
      "multiplayer",
      "era-2000s",
      "pegi-family",
    ],
    "rows": [
      "era-before-2010",
      "genre-strategy",
      "genre-fighting",
    ],
  },
  "2026-06-19": {
    "cellCounts": [
      350,
      104,
      284,
      416,
      322,
      176,
      150,
      43,
      422,
    ],
    "cols": [
      "genre-adventure",
      "price-under-20",
      "era-before-2010",
    ],
    "rows": [
      "genre-action",
      "genre-puzzle",
      "era-1990s",
    ],
  },
  "2026-06-20": {
    "cellCounts": [
      64,
      41,
      183,
      184,
      73,
      43,
      169,
      218,
      67,
    ],
    "cols": [
      "era-2000s",
      "genre-action",
      "platform-switch",
    ],
    "rows": [
      "platform-mobile",
      "platform-xbox-360",
      "multiplayer",
    ],
  },
  "2026-06-21": {
    "cellCounts": [
      207,
      36,
      75,
      217,
      87,
      75,
      249,
      42,
      79,
    ],
    "cols": [
      "pegi-family",
      "platform-mobile",
      "genre-rpg",
    ],
    "rows": [
      "era-1990s",
      "genre-simulator",
      "era-before-2000",
    ],
  },
  "2026-06-22": {
    "cellCounts": [
      92,
      140,
      55,
      620,
      797,
      709,
      62,
      55,
      29,
    ],
    "cols": [
      "price-60-plus",
      "platform-xbox-one",
      "genre-shooter",
    ],
    "rows": [
      "genre-simulator",
      "platform-pc",
      "genre-racing",
    ],
  },
  "2026-06-23": {
    "cellCounts": [
      33,
      22,
      51,
      187,
      317,
      197,
      65,
      43,
      33,
    ],
    "cols": [
      "platform-xbox-360",
      "price-60-plus",
      "genre-action",
    ],
    "rows": [
      "genre-indie",
      "pegi-18",
      "genre-puzzle",
    ],
  },
  "2026-06-24": {
    "cellCounts": [
      150,
      86,
      172,
      159,
      156,
      112,
      181,
      43,
      123,
    ],
    "cols": [
      "era-2020s",
      "platform-ps5",
      "price-60-plus",
    ],
    "rows": [
      "opencritic-85",
      "platform-switch",
      "genre-strategy",
    ],
  },
  "2026-06-25": {
    "cellCounts": [
      101,
      713,
      671,
      47,
      56,
      197,
      18,
      43,
      104,
    ],
    "cols": [
      "genre-fighting",
      "genre-strategy",
      "pegi-18",
    ],
    "rows": [
      "platform-pc",
      "genre-action",
      "platform-ps5",
    ],
  },
  "2026-06-26": {
    "cellCounts": [
      33,
      582,
      224,
      16,
      249,
      181,
      54,
      402,
      203,
    ],
    "cols": [
      "genre-fighting",
      "genre-adventure",
      "era-2020s",
    ],
    "rows": [
      "price-under-20",
      "genre-strategy",
      "price-60-plus",
    ],
  },
  "2026-06-27": {
    "cellCounts": [
      58,
      464,
      187,
      97,
      797,
      210,
      253,
      1462,
      394,
    ],
    "cols": [
      "opencritic-85",
      "platform-pc",
      "pegi-18",
    ],
    "rows": [
      "platform-xbox-360",
      "platform-xbox-one",
      "era-2010s",
    ],
  },
  "2026-06-28": {
    "cellCounts": [
      402,
      284,
      253,
      22,
      84,
      70,
      713,
      515,
      419,
    ],
    "cols": [
      "genre-strategy",
      "genre-action",
      "opencritic-85",
    ],
    "rows": [
      "era-2010s",
      "genre-platform",
      "platform-pc",
    ],
  },
}
`;
