// Vitest Snapshot v1, https://vitest.dev/guide/snapshot.html

exports[`stock-room board generation > generates the same board per date (axes + cell counts) 1`] = `
{
  "2026-06-15": {
    "cellCounts": [
      402,
      62,
      471,
      225,
      59,
      354,
      256,
      51,
      363,
    ],
    "cols": [
      "genre-adventure",
      "genre-racing",
      "era-2010s",
    ],
    "rows": [
      "price-60-plus",
      "multiplayer",
      "platform-xbox-360",
    ],
  },
  "2026-06-16": {
    "cellCounts": [
      91,
      259,
      252,
      370,
      106,
      22,
      187,
      69,
      67,
    ],
    "cols": [
      "genre-shooter",
      "platform-mobile",
      "platform-switch",
    ],
    "rows": [
      "pegi-family",
      "era-before-2010",
      "multiplayer",
    ],
  },
  "2026-06-17": {
    "cellCounts": [
      296,
      368,
      241,
      350,
      322,
      224,
      104,
      33,
      156,
    ],
    "cols": [
      "platform-ps4",
      "genre-puzzle",
      "era-2020s",
    ],
    "rows": [
      "pegi-family",
      "price-under-20",
      "genre-action",
    ],
  },
  "2026-06-18": {
    "cellCounts": [
      73,
      124,
      363,
      33,
      166,
      342,
      110,
      97,
      253,
    ],
    "cols": [
      "genre-action",
      "platform-xbox-one",
      "era-2010s",
    ],
    "rows": [
      "platform-xbox-360",
      "genre-puzzle",
      "opencritic-85",
    ],
  },
  "2026-06-19": {
    "cellCounts": [
      127,
      25,
      127,
      59,
      176,
      89,
      120,
      191,
      82,
    ],
    "cols": [
      "multiplayer",
      "era-before-2010",
      "platform-ps3",
    ],
    "rows": [
      "platform-xbox-one",
      "genre-puzzle",
      "opencritic-85",
    ],
  },
  "2026-06-20": {
    "cellCounts": [
      104,
      33,
      137,
      87,
      55,
      195,
      51,
      29,
      88,
    ],
    "cols": [
      "genre-action",
      "genre-fighting",
      "pegi-18",
    ],
    "rows": [
      "price-under-20",
      "platform-ps3",
      "genre-indie",
    ],
  },
  "2026-06-21": {
    "cellCounts": [
      58,
      55,
      65,
      222,
      18,
      78,
      41,
      15,
      41,
    ],
    "cols": [
      "opencritic-85",
      "genre-fighting",
      "genre-puzzle",
    ],
    "rows": [
      "platform-xbox-360",
      "genre-rpg",
      "genre-simulator",
    ],
  },
  "2026-06-22": {
    "cellCounts": [
      61,
      259,
      183,
      339,
      668,
      434,
      126,
      296,
      453,
    ],
    "cols": [
      "opencritic-85",
      "pegi-family",
      "platform-switch",
    ],
    "rows": [
      "platform-mobile",
      "genre-adventure",
      "platform-ps4",
    ],
  },
  "2026-06-23": {
    "cellCounts": [
      284,
      134,
      110,
      492,
      247,
      222,
      677,
      296,
      126,
    ],
    "cols": [
      "era-2010s",
      "pegi-family",
      "opencritic-85",
    ],
    "rows": [
      "genre-action",
      "genre-rpg",
      "platform-ps4",
    ],
  },
  "2026-06-24": {
    "cellCounts": [
      176,
      169,
      180,
      65,
      127,
      162,
      267,
      280,
      202,
    ],
    "cols": [
      "price-60-plus",
      "era-2000s",
      "price-under-20",
    ],
    "rows": [
      "multiplayer",
      "genre-platform",
      "genre-shooter",
    ],
  },
  "2026-06-25": {
    "cellCounts": [
      177,
      308,
      247,
      391,
      218,
      492,
      244,
      239,
      318,
    ],
    "cols": [
      "platform-ps3",
      "genre-platform",
      "genre-rpg",
    ],
    "rows": [
      "pegi-family",
      "era-2010s",
      "era-before-2010",
    ],
  },
  "2026-06-26": {
    "cellCounts": [
      16,
      91,
      76,
      47,
      197,
      78,
      33,
      137,
      43,
    ],
    "cols": [
      "genre-fighting",
      "pegi-18",
      "era-1990s",
    ],
    "rows": [
      "genre-strategy",
      "genre-action",
      "price-under-20",
    ],
  },
  "2026-06-27": {
    "cellCounts": [
      226,
      611,
      25,
      218,
      633,
      760,
      52,
      304,
      164,
    ],
    "cols": [
      "pegi-18",
      "genre-adventure",
      "platform-xbox-one",
    ],
    "rows": [
      "era-before-2010",
      "platform-ps4",
      "platform-mobile",
    ],
  },
  "2026-06-28": {
    "cellCounts": [
      37,
      18,
      334,
      89,
      37,
      240,
      135,
      32,
      515,
    ],
    "cols": [
      "genre-platform",
      "genre-fighting",
      "platform-pc",
    ],
    "rows": [
      "platform-ps5",
      "era-1990s",
      "platform-switch",
    ],
  },
}
`;
